Java HotSpot(TM) 64-Bit Server VM (25.202-b08) for bsd-amd64 JRE (1.8.0_202-b08), built on Dec 15 2018 20:16:16 by "java_re" with gcc 4.2.1 (Based on Apple Inc. build 5658) (LLVM build 2336.11.00)
Memory: 4k page, physical 16777216k(558520k free)

/proc/meminfo:

CommandLine flags: -XX:+DisableExplicitGC -XX:GCLogFileSize=2048000 -XX:+HeapDumpOnOutOfMemoryError -XX:HeapDumpPath=./logs/dump -XX:InitialHeapSize=1073741824 -XX:MaxHeapSize=1073741824 -XX:NumberOfGCLogFiles=5 -XX:+PrintGC -XX:+PrintGCApplicationConcurrentTime -XX:+PrintGCApplicationStoppedTime -XX:+PrintGCDateStamps -XX:+PrintGCDetails -XX:+PrintGCTimeStamps -XX:+UseCompressedClassPointers -XX:+UseCompressedOops -XX:+UseG1GC -XX:+UseGCLogFileRotation 
2020-03-29T12:57:24.172-0300: 1.048: Application time: 0.9610168 seconds
2020-03-29T12:57:24.173-0300: 1.048: Total time for which application threads were stopped: 0.0005328 seconds, Stopping threads took: 0.0004526 seconds
2020-03-29T12:57:25.331-0300: 2.207: Application time: 1.1581382 seconds
2020-03-29T12:57:25.331-0300: 2.207: [GC pause (G1 Evacuation Pause) (young), 0.0163757 secs]
   [Parallel Time: 15.6 ms, GC Workers: 8]
      [GC Worker Start (ms): Min: 2206.7, Avg: 2206.8, Max: 2206.8, Diff: 0.1]
      [Ext Root Scanning (ms): Min: 0.1, Avg: 1.6, Max: 6.2, Diff: 6.1, Sum: 12.6]
      [Update RS (ms): Min: 0.0, Avg: 0.0, Max: 0.0, Diff: 0.0, Sum: 0.0]
         [Processed Buffers: Min: 0, Avg: 0.0, Max: 0, Diff: 0, Sum: 0]
      [Scan RS (ms): Min: 0.0, Avg: 0.0, Max: 0.0, Diff: 0.0, Sum: 0.1]
      [Code Root Scanning (ms): Min: 0.0, Avg: 0.6, Max: 5.1, Diff: 5.1, Sum: 5.1]
      [Object Copy (ms): Min: 9.3, Avg: 13.2, Max: 15.3, Diff: 6.0, Sum: 105.9]
      [Termination (ms): Min: 0.0, Avg: 0.0, Max: 0.1, Diff: 0.0, Sum: 0.3]
         [Termination Attempts: Min: 12, Avg: 17.0, Max: 23, Diff: 11, Sum: 136]
      [GC Worker Other (ms): Min: 0.0, Avg: 0.0, Max: 0.0, Diff: 0.0, Sum: 0.2]
      [GC Worker Total (ms): Min: 15.5, Avg: 15.5, Max: 15.6, Diff: 0.1, Sum: 124.1]
      [GC Worker End (ms): Min: 2222.3, Avg: 2222.3, Max: 2222.3, Diff: 0.0]
   [Code Root Fixup: 0.0 ms]
   [Code Root Purge: 0.0 ms]
   [Clear CT: 0.1 ms]
   [Other: 0.6 ms]
      [Choose CSet: 0.0 ms]
      [Ref Proc: 0.2 ms]
      [Ref Enq: 0.0 ms]
      [Redirty Cards: 0.1 ms]
      [Humongous Register: 0.0 ms]
      [Humongous Reclaim: 0.0 ms]
      [Free CSet: 0.0 ms]
   [Eden: 51.0M(51.0M)->0.0B(44.0M) Survivors: 0.0B->7168.0K Heap: 51.0M(1024.0M)->11.8M(1024.0M)]
 [Times: user=0.06 sys=0.02, real=0.01 secs] 
2020-03-29T12:57:25.347-0300: 2.223: Total time for which application threads were stopped: 0.0166200 seconds, Stopping threads took: 0.0000190 seconds
2020-03-29T12:57:27.250-0300: 4.126: Application time: 1.9026830 seconds
2020-03-29T12:57:27.250-0300: 4.126: Total time for which application threads were stopped: 0.0001020 seconds, Stopping threads took: 0.0000218 seconds
2020-03-29T12:57:27.877-0300: 4.753: Application time: 0.6265735 seconds
2020-03-29T12:57:27.877-0300: 4.753: [GC pause (G1 Evacuation Pause) (young), 0.0178589 secs]
   [Parallel Time: 17.2 ms, GC Workers: 8]
      [GC Worker Start (ms): Min: 4752.7, Avg: 4752.7, Max: 4752.8, Diff: 0.1]
      [Ext Root Scanning (ms): Min: 0.1, Avg: 0.2, Max: 0.3, Diff: 0.2, Sum: 1.4]
      [Update RS (ms): Min: 1.6, Avg: 2.2, Max: 2.8, Diff: 1.2, Sum: 17.8]
         [Processed Buffers: Min: 1, Avg: 1.1, Max: 2, Diff: 1, Sum: 9]
      [Scan RS (ms): Min: 1.9, Avg: 2.8, Max: 5.7, Diff: 3.8, Sum: 22.8]
      [Code Root Scanning (ms): Min: 0.0, Avg: 0.0, Max: 0.1, Diff: 0.1, Sum: 0.1]
      [Object Copy (ms): Min: 8.7, Avg: 11.8, Max: 12.3, Diff: 3.6, Sum: 94.1]
      [Termination (ms): Min: 0.0, Avg: 0.0, Max: 0.0, Diff: 0.0, Sum: 0.0]
         [Termination Attempts: Min: 1, Avg: 1.0, Max: 1, Diff: 0, Sum: 8]
      [GC Worker Other (ms): Min: 0.0, Avg: 0.0, Max: 0.0, Diff: 0.0, Sum: 0.1]
      [GC Worker Total (ms): Min: 17.0, Avg: 17.0, Max: 17.1, Diff: 0.1, Sum: 136.3]
      [GC Worker End (ms): Min: 4769.8, Avg: 4769.8, Max: 4769.8, Diff: 0.0]
   [Code Root Fixup: 0.0 ms]
   [Code Root Purge: 0.0 ms]
   [Clear CT: 0.1 ms]
   [Other: 0.5 ms]
      [Choose CSet: 0.0 ms]
      [Ref Proc: 0.2 ms]
      [Ref Enq: 0.0 ms]
      [Redirty Cards: 0.1 ms]
      [Humongous Register: 0.0 ms]
      [Humongous Reclaim: 0.0 ms]
      [Free CSet: 0.0 ms]
   [Eden: 44.0M(44.0M)->0.0B(44.0M) Survivors: 7168.0K->7168.0K Heap: 57.3M(1024.0M)->24.5M(1024.0M)]
 [Times: user=0.12 sys=0.01, real=0.02 secs] 
2020-03-29T12:57:27.895-0300: 4.771: Total time for which application threads were stopped: 0.0180487 seconds, Stopping threads took: 0.0000145 seconds
2020-03-29T12:57:28.898-0300: 5.773: Application time: 1.0027977 seconds
2020-03-29T12:57:28.898-0300: 5.774: Total time for which application threads were stopped: 0.0001088 seconds, Stopping threads took: 0.0000281 seconds
2020-03-29T12:57:29.385-0300: 6.260: Application time: 0.4867604 seconds
2020-03-29T12:57:29.385-0300: 6.260: Total time for which application threads were stopped: 0.0000947 seconds, Stopping threads took: 0.0000107 seconds
2020-03-29T12:57:29.387-0300: 6.263: Application time: 0.0022006 seconds
2020-03-29T12:57:29.387-0300: 6.263: Total time for which application threads were stopped: 0.0000429 seconds, Stopping threads took: 0.0000068 seconds
2020-03-29T12:57:29.454-0300: 6.330: Application time: 0.0674081 seconds
2020-03-29T12:57:29.454-0300: 6.330: Total time for which application threads were stopped: 0.0001447 seconds, Stopping threads took: 0.0000497 seconds
2020-03-29T12:57:29.455-0300: 6.331: Application time: 0.0006494 seconds
2020-03-29T12:57:29.455-0300: 6.331: Total time for which application threads were stopped: 0.0000856 seconds, Stopping threads took: 0.0000439 seconds
2020-03-29T12:57:29.458-0300: 6.334: Application time: 0.0026368 seconds
2020-03-29T12:57:29.458-0300: 6.334: Total time for which application threads were stopped: 0.0001424 seconds, Stopping threads took: 0.0000162 seconds
2020-03-29T12:57:29.461-0300: 6.336: Application time: 0.0027396 seconds
2020-03-29T12:57:29.461-0300: 6.337: Total time for which application threads were stopped: 0.0001027 seconds, Stopping threads took: 0.0000135 seconds
2020-03-29T12:57:29.465-0300: 6.341: Application time: 0.0047000 seconds
2020-03-29T12:57:29.466-0300: 6.341: Total time for which application threads were stopped: 0.0000917 seconds, Stopping threads took: 0.0000126 seconds
2020-03-29T12:57:29.473-0300: 6.349: Application time: 0.0072812 seconds
2020-03-29T12:57:29.473-0300: 6.349: Total time for which application threads were stopped: 0.0000357 seconds, Stopping threads took: 0.0000129 seconds
2020-03-29T12:57:29.473-0300: 6.349: Application time: 0.0003283 seconds
2020-03-29T12:57:29.473-0300: 6.349: Total time for which application threads were stopped: 0.0000264 seconds, Stopping threads took: 0.0000094 seconds
2020-03-29T12:57:29.474-0300: 6.350: Application time: 0.0004931 seconds
2020-03-29T12:57:29.474-0300: 6.350: Total time for which application threads were stopped: 0.0000223 seconds, Stopping threads took: 0.0000084 seconds
2020-03-29T12:57:29.474-0300: 6.350: Application time: 0.0000677 seconds
2020-03-29T12:57:29.474-0300: 6.350: Total time for which application threads were stopped: 0.0000190 seconds, Stopping threads took: 0.0000070 seconds
2020-03-29T12:57:29.478-0300: 6.354: Application time: 0.0044654 seconds
2020-03-29T12:57:29.478-0300: 6.354: Total time for which application threads were stopped: 0.0000391 seconds, Stopping threads took: 0.0000132 seconds
2020-03-29T12:57:29.478-0300: 6.354: Application time: 0.0000911 seconds
2020-03-29T12:57:29.478-0300: 6.354: Total time for which application threads were stopped: 0.0000236 seconds, Stopping threads took: 0.0000079 seconds
2020-03-29T12:57:29.481-0300: 6.356: Application time: 0.0022117 seconds
2020-03-29T12:57:29.481-0300: 6.356: Total time for which application threads were stopped: 0.0000330 seconds, Stopping threads took: 0.0000110 seconds
2020-03-29T12:57:29.481-0300: 6.357: Application time: 0.0001893 seconds
2020-03-29T12:57:29.481-0300: 6.357: Total time for which application threads were stopped: 0.0000244 seconds, Stopping threads took: 0.0000092 seconds
2020-03-29T12:57:29.481-0300: 6.357: Application time: 0.0000379 seconds
2020-03-29T12:57:29.481-0300: 6.357: Total time for which application threads were stopped: 0.0000177 seconds, Stopping threads took: 0.0000063 seconds
2020-03-29T12:57:29.482-0300: 6.358: Application time: 0.0013396 seconds
2020-03-29T12:57:29.482-0300: 6.358: Total time for which application threads were stopped: 0.0000240 seconds, Stopping threads took: 0.0000080 seconds
2020-03-29T12:57:29.482-0300: 6.358: Application time: 0.0000293 seconds
2020-03-29T12:57:29.482-0300: 6.358: Total time for which application threads were stopped: 0.0000209 seconds, Stopping threads took: 0.0000072 seconds
2020-03-29T12:57:29.483-0300: 6.358: Application time: 0.0000532 seconds
2020-03-29T12:57:29.483-0300: 6.358: Total time for which application threads were stopped: 0.0000206 seconds, Stopping threads took: 0.0000062 seconds
2020-03-29T12:57:29.483-0300: 6.358: Application time: 0.0000600 seconds
2020-03-29T12:57:29.483-0300: 6.358: Total time for which application threads were stopped: 0.0000251 seconds, Stopping threads took: 0.0000091 seconds
2020-03-29T12:57:29.483-0300: 6.359: Application time: 0.0004032 seconds
2020-03-29T12:57:29.483-0300: 6.359: Total time for which application threads were stopped: 0.0000228 seconds, Stopping threads took: 0.0000082 seconds
2020-03-29T12:57:29.483-0300: 6.359: Application time: 0.0000893 seconds
2020-03-29T12:57:29.483-0300: 6.359: Total time for which application threads were stopped: 0.0000205 seconds, Stopping threads took: 0.0000070 seconds
2020-03-29T12:57:29.483-0300: 6.359: Application time: 0.0000613 seconds
2020-03-29T12:57:29.483-0300: 6.359: Total time for which application threads were stopped: 0.0000189 seconds, Stopping threads took: 0.0000064 seconds
2020-03-29T12:57:29.483-0300: 6.359: Application time: 0.0000440 seconds
2020-03-29T12:57:29.483-0300: 6.359: Total time for which application threads were stopped: 0.0000239 seconds, Stopping threads took: 0.0000084 seconds
2020-03-29T12:57:29.485-0300: 6.361: Application time: 0.0018681 seconds
2020-03-29T12:57:29.485-0300: 6.361: Total time for which application threads were stopped: 0.0000355 seconds, Stopping threads took: 0.0000123 seconds
2020-03-29T12:57:29.487-0300: 6.363: Application time: 0.0022351 seconds
2020-03-29T12:57:29.488-0300: 6.363: Total time for which application threads were stopped: 0.0000331 seconds, Stopping threads took: 0.0000118 seconds
2020-03-29T12:57:29.488-0300: 6.363: Application time: 0.0000253 seconds
2020-03-29T12:57:29.488-0300: 6.363: Total time for which application threads were stopped: 0.0000200 seconds, Stopping threads took: 0.0000066 seconds
2020-03-29T12:57:29.488-0300: 6.363: Application time: 0.0000754 seconds
2020-03-29T12:57:29.488-0300: 6.363: Total time for which application threads were stopped: 0.0000221 seconds, Stopping threads took: 0.0000067 seconds
2020-03-29T12:57:29.488-0300: 6.363: Application time: 0.0000194 seconds
2020-03-29T12:57:29.488-0300: 6.363: Total time for which application threads were stopped: 0.0000145 seconds, Stopping threads took: 0.0000041 seconds
2020-03-29T12:57:29.489-0300: 6.365: Application time: 0.0014563 seconds
2020-03-29T12:57:29.489-0300: 6.365: Total time for which application threads were stopped: 0.0000523 seconds, Stopping threads took: 0.0000360 seconds
2020-03-29T12:57:29.489-0300: 6.365: Application time: 0.0001682 seconds
2020-03-29T12:57:29.489-0300: 6.365: Total time for which application threads were stopped: 0.0000533 seconds, Stopping threads took: 0.0000330 seconds
2020-03-29T12:57:29.490-0300: 6.365: Application time: 0.0002477 seconds
2020-03-29T12:57:29.490-0300: 6.365: Total time for which application threads were stopped: 0.0000241 seconds, Stopping threads took: 0.0000083 seconds
2020-03-29T12:57:29.491-0300: 6.367: Application time: 0.0015244 seconds
2020-03-29T12:57:29.491-0300: 6.367: Total time for which application threads were stopped: 0.0000252 seconds, Stopping threads took: 0.0000089 seconds
2020-03-29T12:57:29.493-0300: 6.369: Application time: 0.0017533 seconds
2020-03-29T12:57:29.493-0300: 6.369: Total time for which application threads were stopped: 0.0000314 seconds, Stopping threads took: 0.0000104 seconds
2020-03-29T12:57:29.493-0300: 6.369: Application time: 0.0001675 seconds
2020-03-29T12:57:29.493-0300: 6.369: Total time for which application threads were stopped: 0.0000702 seconds, Stopping threads took: 0.0000509 seconds
2020-03-29T12:57:29.493-0300: 6.369: Application time: 0.0001379 seconds
2020-03-29T12:57:29.493-0300: 6.369: Total time for which application threads were stopped: 0.0000236 seconds, Stopping threads took: 0.0000082 seconds
2020-03-29T12:57:29.494-0300: 6.369: Application time: 0.0000808 seconds
2020-03-29T12:57:29.494-0300: 6.369: Total time for which application threads were stopped: 0.0000251 seconds, Stopping threads took: 0.0000090 seconds
2020-03-29T12:57:29.494-0300: 6.369: Application time: 0.0001119 seconds
2020-03-29T12:57:29.494-0300: 6.369: Total time for which application threads were stopped: 0.0000249 seconds, Stopping threads took: 0.0000087 seconds
2020-03-29T12:57:29.494-0300: 6.370: Application time: 0.0001916 seconds
2020-03-29T12:57:29.494-0300: 6.370: Total time for which application threads were stopped: 0.0000220 seconds, Stopping threads took: 0.0000072 seconds
2020-03-29T12:57:29.497-0300: 6.372: Application time: 0.0025987 seconds
2020-03-29T12:57:29.497-0300: 6.372: Total time for which application threads were stopped: 0.0000461 seconds, Stopping threads took: 0.0000125 seconds
2020-03-29T12:57:29.497-0300: 6.372: Application time: 0.0000611 seconds
2020-03-29T12:57:29.497-0300: 6.372: Total time for which application threads were stopped: 0.0000213 seconds, Stopping threads took: 0.0000071 seconds
2020-03-29T12:57:29.497-0300: 6.372: Application time: 0.0000224 seconds
2020-03-29T12:57:29.497-0300: 6.372: Total time for which application threads were stopped: 0.0000190 seconds, Stopping threads took: 0.0000065 seconds
2020-03-29T12:57:29.497-0300: 6.373: Application time: 0.0000193 seconds
2020-03-29T12:57:29.497-0300: 6.373: Total time for which application threads were stopped: 0.0000182 seconds, Stopping threads took: 0.0000059 seconds
2020-03-29T12:57:29.500-0300: 6.376: Application time: 0.0032662 seconds
2020-03-29T12:57:29.500-0300: 6.376: Total time for which application threads were stopped: 0.0000517 seconds, Stopping threads took: 0.0000133 seconds
2020-03-29T12:57:29.505-0300: 6.381: Application time: 0.0048061 seconds
2020-03-29T12:57:29.505-0300: 6.381: Total time for which application threads were stopped: 0.0000348 seconds, Stopping threads took: 0.0000132 seconds
2020-03-29T12:57:29.506-0300: 6.382: Application time: 0.0012782 seconds
2020-03-29T12:57:29.506-0300: 6.382: Total time for which application threads were stopped: 0.0000889 seconds, Stopping threads took: 0.0000090 seconds
2020-03-29T12:57:29.507-0300: 6.383: Application time: 0.0005117 seconds
2020-03-29T12:57:29.507-0300: 6.383: Total time for which application threads were stopped: 0.0000284 seconds, Stopping threads took: 0.0000082 seconds
2020-03-29T12:57:29.510-0300: 6.386: Application time: 0.0035472 seconds
2020-03-29T12:57:29.510-0300: 6.386: Total time for which application threads were stopped: 0.0000332 seconds, Stopping threads took: 0.0000121 seconds
2020-03-29T12:57:29.512-0300: 6.388: Application time: 0.0015755 seconds
2020-03-29T12:57:29.512-0300: 6.388: Total time for which application threads were stopped: 0.0000265 seconds, Stopping threads took: 0.0000090 seconds
2020-03-29T12:57:29.513-0300: 6.389: Application time: 0.0013340 seconds
2020-03-29T12:57:29.513-0300: 6.389: Total time for which application threads were stopped: 0.0000519 seconds, Stopping threads took: 0.0000095 seconds
2020-03-29T12:57:29.522-0300: 6.398: Application time: 0.0086959 seconds
2020-03-29T12:57:29.522-0300: 6.398: Total time for which application threads were stopped: 0.0000417 seconds, Stopping threads took: 0.0000163 seconds
2020-03-29T12:57:29.917-0300: 6.792: Application time: 0.3944727 seconds
2020-03-29T12:57:29.917-0300: 6.792: [GC pause (G1 Evacuation Pause) (young), 0.0191890 secs]
   [Parallel Time: 17.9 ms, GC Workers: 8]
      [GC Worker Start (ms): Min: 6792.5, Avg: 6792.5, Max: 6792.6, Diff: 0.1]
      [Ext Root Scanning (ms): Min: 0.2, Avg: 0.4, Max: 0.7, Diff: 0.5, Sum: 3.4]
      [Update RS (ms): Min: 1.1, Avg: 2.1, Max: 3.1, Diff: 2.0, Sum: 16.6]
         [Processed Buffers: Min: 1, Avg: 1.9, Max: 5, Diff: 4, Sum: 15]
      [Scan RS (ms): Min: 0.0, Avg: 1.1, Max: 6.4, Diff: 6.4, Sum: 9.1]
      [Code Root Scanning (ms): Min: 0.0, Avg: 0.0, Max: 0.2, Diff: 0.2, Sum: 0.2]
      [Object Copy (ms): Min: 9.4, Avg: 13.5, Max: 14.4, Diff: 4.9, Sum: 107.9]
      [Termination (ms): Min: 0.0, Avg: 0.6, Max: 0.7, Diff: 0.7, Sum: 4.8]
         [Termination Attempts: Min: 1, Avg: 23.5, Max: 40, Diff: 39, Sum: 188]
      [GC Worker Other (ms): Min: 0.0, Avg: 0.0, Max: 0.0, Diff: 0.0, Sum: 0.1]
      [GC Worker Total (ms): Min: 17.7, Avg: 17.7, Max: 17.8, Diff: 0.1, Sum: 142.0]
      [GC Worker End (ms): Min: 6810.3, Avg: 6810.3, Max: 6810.3, Diff: 0.0]
   [Code Root Fixup: 0.0 ms]
   [Code Root Purge: 0.0 ms]
   [Clear CT: 0.1 ms]
   [Other: 1.2 ms]
      [Choose CSet: 0.0 ms]
      [Ref Proc: 0.9 ms]
      [Ref Enq: 0.0 ms]
      [Redirty Cards: 0.1 ms]
      [Humongous Register: 0.0 ms]
      [Humongous Reclaim: 0.0 ms]
      [Free CSet: 0.0 ms]
   [Eden: 44.0M(44.0M)->0.0B(64.0M) Survivors: 7168.0K->7168.0K Heap: 69.9M(1024.0M)->36.9M(1024.0M)]
 [Times: user=0.11 sys=0.01, real=0.02 secs] 
2020-03-29T12:57:29.936-0300: 6.812: Total time for which application threads were stopped: 0.0193924 seconds, Stopping threads took: 0.0000158 seconds
2020-03-29T12:57:29.937-0300: 6.812: Application time: 0.0006324 seconds
2020-03-29T12:57:29.937-0300: 6.812: Total time for which application threads were stopped: 0.0000446 seconds, Stopping threads took: 0.0000236 seconds
2020-03-29T12:57:29.937-0300: 6.813: Application time: 0.0001729 seconds
2020-03-29T12:57:29.937-0300: 6.813: Total time for which application threads were stopped: 0.0000486 seconds, Stopping threads took: 0.0000259 seconds
2020-03-29T12:57:29.937-0300: 6.813: Application time: 0.0002378 seconds
2020-03-29T12:57:29.937-0300: 6.813: Total time for which application threads were stopped: 0.0000567 seconds, Stopping threads took: 0.0000383 seconds
2020-03-29T12:57:29.939-0300: 6.815: Application time: 0.0015404 seconds
2020-03-29T12:57:29.939-0300: 6.815: Total time for which application threads were stopped: 0.0001201 seconds, Stopping threads took: 0.0000925 seconds
2020-03-29T12:57:29.939-0300: 6.815: Application time: 0.0001947 seconds
2020-03-29T12:57:29.939-0300: 6.815: Total time for which application threads were stopped: 0.0000417 seconds, Stopping threads took: 0.0000228 seconds
2020-03-29T12:57:30.542-0300: 7.417: Application time: 0.6025148 seconds
2020-03-29T12:57:30.542-0300: 7.417: Total time for which application threads were stopped: 0.0000596 seconds, Stopping threads took: 0.0000131 seconds
2020-03-29T12:57:30.542-0300: 7.418: Application time: 0.0003305 seconds
2020-03-29T12:57:30.542-0300: 7.418: Total time for which application threads were stopped: 0.0000457 seconds, Stopping threads took: 0.0000102 seconds
2020-03-29T12:57:30.542-0300: 7.418: Application time: 0.0001480 seconds
2020-03-29T12:57:30.542-0300: 7.418: Total time for which application threads were stopped: 0.0000668 seconds, Stopping threads took: 0.0000348 seconds
2020-03-29T12:57:30.545-0300: 7.421: Application time: 0.0025976 seconds
2020-03-29T12:57:30.545-0300: 7.421: Total time for which application threads were stopped: 0.0000574 seconds, Stopping threads took: 0.0000127 seconds
2020-03-29T12:57:30.553-0300: 7.429: Application time: 0.0079380 seconds
2020-03-29T12:57:30.553-0300: 7.429: Total time for which application threads were stopped: 0.0000604 seconds, Stopping threads took: 0.0000131 seconds
2020-03-29T12:57:31.547-0300: 8.423: Application time: 0.9940867 seconds
2020-03-29T12:57:31.547-0300: 8.423: Total time for which application threads were stopped: 0.0000892 seconds, Stopping threads took: 0.0000320 seconds
2020-03-29T12:57:32.548-0300: 9.423: Application time: 1.0003628 seconds
2020-03-29T12:57:32.548-0300: 9.423: Total time for which application threads were stopped: 0.0001093 seconds, Stopping threads took: 0.0000550 seconds
2020-03-29T12:57:32.550-0300: 9.426: Application time: 0.0027729 seconds
2020-03-29T12:57:32.550-0300: 9.426: Total time for which application threads were stopped: 0.0000827 seconds, Stopping threads took: 0.0000179 seconds
2020-03-29T12:57:32.982-0300: 9.858: Application time: 0.4313928 seconds
2020-03-29T12:57:32.982-0300: 9.858: [GC pause (G1 Evacuation Pause) (young), 0.0275847 secs]
   [Parallel Time: 26.7 ms, GC Workers: 8]
      [GC Worker Start (ms): Min: 9857.8, Avg: 9857.9, Max: 9857.9, Diff: 0.1]
      [Ext Root Scanning (ms): Min: 0.2, Avg: 0.3, Max: 0.8, Diff: 0.7, Sum: 2.4]
      [Update RS (ms): Min: 1.1, Avg: 2.1, Max: 3.5, Diff: 2.3, Sum: 17.2]
         [Processed Buffers: Min: 1, Avg: 2.0, Max: 6, Diff: 5, Sum: 16]
      [Scan RS (ms): Min: 4.3, Avg: 5.5, Max: 6.5, Diff: 2.2, Sum: 43.7]
      [Code Root Scanning (ms): Min: 0.0, Avg: 0.0, Max: 0.1, Diff: 0.1, Sum: 0.4]
      [Object Copy (ms): Min: 18.4, Avg: 18.5, Max: 18.7, Diff: 0.4, Sum: 148.2]
      [Termination (ms): Min: 0.0, Avg: 0.1, Max: 0.1, Diff: 0.1, Sum: 0.5]
         [Termination Attempts: Min: 1, Avg: 71.8, Max: 95, Diff: 94, Sum: 574]
      [GC Worker Other (ms): Min: 0.0, Avg: 0.0, Max: 0.1, Diff: 0.0, Sum: 0.2]
      [GC Worker Total (ms): Min: 26.5, Avg: 26.6, Max: 26.6, Diff: 0.1, Sum: 212.5]
      [GC Worker End (ms): Min: 9884.4, Avg: 9884.4, Max: 9884.4, Diff: 0.0]
   [Code Root Fixup: 0.0 ms]
   [Code Root Purge: 0.0 ms]
   [Clear CT: 0.1 ms]
   [Other: 0.7 ms]
      [Choose CSet: 0.0 ms]
      [Ref Proc: 0.3 ms]
      [Ref Enq: 0.0 ms]
      [Redirty Cards: 0.1 ms]
      [Humongous Register: 0.0 ms]
      [Humongous Reclaim: 0.0 ms]
      [Free CSet: 0.1 ms]
   [Eden: 64.0M(64.0M)->0.0B(77.0M) Survivors: 7168.0K->9216.0K Heap: 103.0M(1024.0M)->54.5M(1024.0M)]
 [Times: user=0.15 sys=0.02, real=0.03 secs] 
2020-03-29T12:57:33.010-0300: 9.885: Total time for which application threads were stopped: 0.0278280 seconds, Stopping threads took: 0.0000209 seconds
2020-03-29T12:57:33.554-0300: 10.430: Application time: 0.5446373 seconds
2020-03-29T12:57:33.554-0300: 10.430: Total time for which application threads were stopped: 0.0000828 seconds, Stopping threads took: 0.0000283 seconds
2020-03-29T12:57:34.559-0300: 11.435: Application time: 1.0050352 seconds
2020-03-29T12:57:34.560-0300: 11.435: Total time for which application threads were stopped: 0.0000886 seconds, Stopping threads took: 0.0000257 seconds
2020-03-29T12:57:35.590-0300: 12.465: Application time: 1.0299306 seconds
2020-03-29T12:57:35.590-0300: 12.465: Total time for which application threads were stopped: 0.0000858 seconds, Stopping threads took: 0.0000301 seconds
2020-03-29T12:57:36.589-0300: 13.465: Application time: 0.9996814 seconds
2020-03-29T12:57:36.589-0300: 13.465: Total time for which application threads were stopped: 0.0001287 seconds, Stopping threads took: 0.0000163 seconds
2020-03-29T12:57:37.064-0300: 13.939: Application time: 0.4741151 seconds
2020-03-29T12:57:37.064-0300: 13.939: [GC pause (G1 Evacuation Pause) (young), 0.0220772 secs]
   [Parallel Time: 21.4 ms, GC Workers: 8]
      [GC Worker Start (ms): Min: 13939.5, Avg: 13939.5, Max: 13939.6, Diff: 0.2]
      [Ext Root Scanning (ms): Min: 0.2, Avg: 0.2, Max: 0.3, Diff: 0.2, Sum: 2.0]
      [Update RS (ms): Min: 0.6, Avg: 2.2, Max: 3.7, Diff: 3.1, Sum: 17.7]
         [Processed Buffers: Min: 1, Avg: 2.4, Max: 4, Diff: 3, Sum: 19]
      [Scan RS (ms): Min: 0.0, Avg: 0.5, Max: 1.3, Diff: 1.3, Sum: 3.7]
      [Code Root Scanning (ms): Min: 0.0, Avg: 0.0, Max: 0.1, Diff: 0.1, Sum: 0.1]
      [Object Copy (ms): Min: 17.3, Avg: 18.3, Max: 19.1, Diff: 1.8, Sum: 146.6]
      [Termination (ms): Min: 0.0, Avg: 0.0, Max: 0.0, Diff: 0.0, Sum: 0.0]
         [Termination Attempts: Min: 1, Avg: 1.0, Max: 1, Diff: 0, Sum: 8]
      [GC Worker Other (ms): Min: 0.0, Avg: 0.0, Max: 0.0, Diff: 0.0, Sum: 0.1]
      [GC Worker Total (ms): Min: 21.2, Avg: 21.3, Max: 21.4, Diff: 0.2, Sum: 170.2]
      [GC Worker End (ms): Min: 13960.8, Avg: 13960.8, Max: 13960.8, Diff: 0.0]
   [Code Root Fixup: 0.0 ms]
   [Code Root Purge: 0.0 ms]
   [Clear CT: 0.2 ms]
   [Other: 0.5 ms]
      [Choose CSet: 0.0 ms]
      [Ref Proc: 0.2 ms]
      [Ref Enq: 0.0 ms]
      [Redirty Cards: 0.1 ms]
      [Humongous Register: 0.0 ms]
      [Humongous Reclaim: 0.0 ms]
      [Free CSet: 0.0 ms]
   [Eden: 77.0M(77.0M)->0.0B(95.0M) Survivors: 9216.0K->11.0M Heap: 131.5M(1024.0M)->71.5M(1024.0M)]
 [Times: user=0.13 sys=0.02, real=0.02 secs] 
2020-03-29T12:57:37.086-0300: 13.962: Total time for which application threads were stopped: 0.0223102 seconds, Stopping threads took: 0.0000213 seconds
2020-03-29T12:57:37.597-0300: 14.472: Application time: 0.5107690 seconds
2020-03-29T12:57:37.597-0300: 14.472: Total time for which application threads were stopped: 0.0001389 seconds, Stopping threads took: 0.0000863 seconds
2020-03-29T12:57:38.601-0300: 15.477: Application time: 1.0043753 seconds
2020-03-29T12:57:38.601-0300: 15.477: Total time for which application threads were stopped: 0.0000670 seconds, Stopping threads took: 0.0000163 seconds
2020-03-29T12:57:39.597-0300: 16.473: Application time: 0.9962615 seconds
2020-03-29T12:57:39.598-0300: 16.473: Total time for which application threads were stopped: 0.0000651 seconds, Stopping threads took: 0.0000155 seconds
2020-03-29T12:57:40.590-0300: 17.465: Application time: 0.9921105 seconds
2020-03-29T12:57:40.590-0300: 17.465: Total time for which application threads were stopped: 0.0000832 seconds, Stopping threads took: 0.0000180 seconds
2020-03-29T12:57:40.593-0300: 17.468: Application time: 0.0027756 seconds
2020-03-29T12:57:40.593-0300: 17.468: Total time for which application threads were stopped: 0.0000650 seconds, Stopping threads took: 0.0000203 seconds
2020-03-29T12:57:41.606-0300: 18.481: Application time: 1.0129033 seconds
2020-03-29T12:57:41.606-0300: 18.481: Total time for which application threads were stopped: 0.0000626 seconds, Stopping threads took: 0.0000143 seconds
2020-03-29T12:57:41.648-0300: 18.524: Application time: 0.0427557 seconds
2020-03-29T12:57:41.648-0300: 18.524: [GC pause (G1 Evacuation Pause) (young), 0.0288434 secs]
   [Parallel Time: 27.8 ms, GC Workers: 8]
      [GC Worker Start (ms): Min: 18524.2, Avg: 18524.3, Max: 18524.3, Diff: 0.1]
      [Ext Root Scanning (ms): Min: 0.1, Avg: 0.2, Max: 0.2, Diff: 0.1, Sum: 1.5]
      [Update RS (ms): Min: 1.4, Avg: 3.4, Max: 6.1, Diff: 4.6, Sum: 27.6]
         [Processed Buffers: Min: 1, Avg: 2.2, Max: 4, Diff: 3, Sum: 18]
      [Scan RS (ms): Min: 0.0, Avg: 0.3, Max: 1.1, Diff: 1.1, Sum: 2.6]
      [Code Root Scanning (ms): Min: 0.0, Avg: 0.0, Max: 0.1, Diff: 0.1, Sum: 0.1]
      [Object Copy (ms): Min: 20.9, Avg: 23.3, Max: 24.5, Diff: 3.6, Sum: 186.0]
      [Termination (ms): Min: 0.0, Avg: 0.4, Max: 0.5, Diff: 0.5, Sum: 3.1]
         [Termination Attempts: Min: 1, Avg: 12.0, Max: 18, Diff: 17, Sum: 96]
      [GC Worker Other (ms): Min: 0.0, Avg: 0.0, Max: 0.0, Diff: 0.0, Sum: 0.1]
      [GC Worker Total (ms): Min: 27.5, Avg: 27.6, Max: 27.7, Diff: 0.2, Sum: 221.0]
      [GC Worker End (ms): Min: 18551.8, Avg: 18551.9, Max: 18551.9, Diff: 0.1]
   [Code Root Fixup: 0.0 ms]
   [Code Root Purge: 0.0 ms]
   [Clear CT: 0.1 ms]
   [Other: 0.9 ms]
      [Choose CSet: 0.0 ms]
      [Ref Proc: 0.6 ms]
      [Ref Enq: 0.0 ms]
      [Redirty Cards: 0.1 ms]
      [Humongous Register: 0.0 ms]
      [Humongous Reclaim: 0.0 ms]
      [Free CSet: 0.0 ms]
   [Eden: 95.0M(95.0M)->0.0B(116.0M) Survivors: 11.0M->14.0M Heap: 169.6M(1024.0M)->96.6M(1024.0M)]
 [Times: user=0.17 sys=0.02, real=0.03 secs] 
2020-03-29T12:57:41.677-0300: 18.553: Total time for which application threads were stopped: 0.0290508 seconds, Stopping threads took: 0.0000183 seconds
2020-03-29T12:57:42.606-0300: 19.481: Application time: 0.9282312 seconds
2020-03-29T12:57:42.606-0300: 19.481: Total time for which application threads were stopped: 0.0000601 seconds, Stopping threads took: 0.0000138 seconds
2020-03-29T12:57:43.611-0300: 20.486: Application time: 1.0050248 seconds
2020-03-29T12:57:43.611-0300: 20.486: Total time for which application threads were stopped: 0.0000586 seconds, Stopping threads took: 0.0000209 seconds
2020-03-29T12:57:43.619-0300: 20.494: Application time: 0.0079547 seconds
2020-03-29T12:57:43.619-0300: 20.494: Total time for which application threads were stopped: 0.0000645 seconds, Stopping threads took: 0.0000151 seconds
2020-03-29T12:57:44.611-0300: 21.487: Application time: 0.9925937 seconds
2020-03-29T12:57:44.611-0300: 21.487: Total time for which application threads were stopped: 0.0000989 seconds, Stopping threads took: 0.0000381 seconds
2020-03-29T12:57:45.612-0300: 22.488: Application time: 1.0008381 seconds
2020-03-29T12:57:45.612-0300: 22.488: Total time for which application threads were stopped: 0.0001132 seconds, Stopping threads took: 0.0000433 seconds
2020-03-29T12:57:46.612-0300: 23.487: Application time: 0.9992133 seconds
2020-03-29T12:57:46.612-0300: 23.487: Total time for which application threads were stopped: 0.0000719 seconds, Stopping threads took: 0.0000148 seconds
2020-03-29T12:57:47.612-0300: 24.488: Application time: 1.0002230 seconds
2020-03-29T12:57:47.612-0300: 24.488: Total time for which application threads were stopped: 0.0000677 seconds, Stopping threads took: 0.0000255 seconds
2020-03-29T12:57:47.620-0300: 24.496: Application time: 0.0083555 seconds
2020-03-29T12:57:47.620-0300: 24.496: Total time for which application threads were stopped: 0.0000754 seconds, Stopping threads took: 0.0000259 seconds
2020-03-29T12:57:47.763-0300: 24.639: Application time: 0.1426256 seconds
2020-03-29T12:57:47.763-0300: 24.639: [GC pause (G1 Evacuation Pause) (young), 0.0389062 secs]
   [Parallel Time: 37.6 ms, GC Workers: 8]
      [GC Worker Start (ms): Min: 24638.9, Avg: 24639.0, Max: 24639.1, Diff: 0.2]
      [Ext Root Scanning (ms): Min: 0.1, Avg: 0.2, Max: 0.3, Diff: 0.2, Sum: 1.5]
      [Update RS (ms): Min: 2.5, Avg: 3.9, Max: 5.2, Diff: 2.6, Sum: 31.6]
         [Processed Buffers: Min: 2, Avg: 2.8, Max: 6, Diff: 4, Sum: 22]
      [Scan RS (ms): Min: 0.0, Avg: 0.6, Max: 1.9, Diff: 1.9, Sum: 5.0]
      [Code Root Scanning (ms): Min: 0.0, Avg: 0.0, Max: 0.1, Diff: 0.1, Sum: 0.2]
      [Object Copy (ms): Min: 31.9, Avg: 32.5, Max: 32.8, Diff: 0.9, Sum: 259.7]
      [Termination (ms): Min: 0.0, Avg: 0.1, Max: 0.2, Diff: 0.2, Sum: 1.1]
         [Termination Attempts: Min: 1, Avg: 154.1, Max: 222, Diff: 221, Sum: 1233]
      [GC Worker Other (ms): Min: 0.0, Avg: 0.0, Max: 0.0, Diff: 0.0, Sum: 0.2]
      [GC Worker Total (ms): Min: 37.3, Avg: 37.4, Max: 37.5, Diff: 0.2, Sum: 299.1]
      [GC Worker End (ms): Min: 24676.4, Avg: 24676.4, Max: 24676.5, Diff: 0.0]
   [Code Root Fixup: 0.0 ms]
   [Code Root Purge: 0.0 ms]
   [Clear CT: 0.1 ms]
   [Other: 1.2 ms]
      [Choose CSet: 0.0 ms]
      [Ref Proc: 0.8 ms]
      [Ref Enq: 0.0 ms]
      [Redirty Cards: 0.1 ms]
      [Humongous Register: 0.0 ms]
      [Humongous Reclaim: 0.0 ms]
      [Free CSet: 0.1 ms]
   [Eden: 116.0M(116.0M)->0.0B(597.0M) Survivors: 14.0M->17.0M Heap: 217.2M(1024.0M)->127.2M(1024.0M)]
 [Times: user=0.26 sys=0.03, real=0.04 secs] 
2020-03-29T12:57:47.802-0300: 24.678: Total time for which application threads were stopped: 0.0391314 seconds, Stopping threads took: 0.0000210 seconds
2020-03-29T12:57:48.619-0300: 25.495: Application time: 0.8169305 seconds
2020-03-29T12:57:48.619-0300: 25.495: Total time for which application threads were stopped: 0.0000634 seconds, Stopping threads took: 0.0000139 seconds
2020-03-29T12:57:49.624-0300: 26.499: Application time: 1.0045193 seconds
2020-03-29T12:57:49.624-0300: 26.500: Total time for which application threads were stopped: 0.0000591 seconds, Stopping threads took: 0.0000211 seconds
2020-03-29T12:57:49.625-0300: 26.501: Application time: 0.0015872 seconds
2020-03-29T12:57:49.625-0300: 26.501: Total time for which application threads were stopped: 0.0000627 seconds, Stopping threads took: 0.0000151 seconds
2020-03-29T12:57:50.626-0300: 27.502: Application time: 1.0005718 seconds
2020-03-29T12:57:50.626-0300: 27.502: Total time for which application threads were stopped: 0.0000998 seconds, Stopping threads took: 0.0000311 seconds
2020-03-29T12:57:50.633-0300: 27.509: Application time: 0.0071389 seconds
2020-03-29T12:57:50.633-0300: 27.509: Total time for which application threads were stopped: 0.0000714 seconds, Stopping threads took: 0.0000153 seconds
2020-03-29T12:57:50.635-0300: 27.511: Application time: 0.0020342 seconds
2020-03-29T12:57:50.635-0300: 27.511: Total time for which application threads were stopped: 0.0000578 seconds, Stopping threads took: 0.0000158 seconds
2020-03-29T12:57:51.633-0300: 28.509: Application time: 0.9979103 seconds
2020-03-29T12:57:51.634-0300: 28.509: Total time for which application threads were stopped: 0.0001145 seconds, Stopping threads took: 0.0000573 seconds
2020-03-29T12:57:52.627-0300: 29.503: Application time: 0.9939360 seconds
2020-03-29T12:57:52.628-0300: 29.503: Total time for which application threads were stopped: 0.0000788 seconds, Stopping threads took: 0.0000167 seconds
2020-03-29T12:57:53.604-0300: 30.479: Application time: 0.9762174 seconds
2020-03-29T12:57:53.604-0300: 30.479: Total time for which application threads were stopped: 0.0000758 seconds, Stopping threads took: 0.0000176 seconds
2020-03-29T12:57:54.634-0300: 31.510: Application time: 1.0306415 seconds
2020-03-29T12:57:54.635-0300: 31.510: Total time for which application threads were stopped: 0.0000755 seconds, Stopping threads took: 0.0000144 seconds
2020-03-29T12:57:55.634-0300: 32.510: Application time: 0.9995773 seconds
2020-03-29T12:57:55.634-0300: 32.510: Total time for which application threads were stopped: 0.0000941 seconds, Stopping threads took: 0.0000314 seconds
2020-03-29T12:57:56.633-0300: 33.508: Application time: 0.9983891 seconds
2020-03-29T12:57:56.633-0300: 33.508: Total time for which application threads were stopped: 0.0000828 seconds, Stopping threads took: 0.0000298 seconds
2020-03-29T12:57:57.628-0300: 34.504: Application time: 0.9954217 seconds
2020-03-29T12:57:57.628-0300: 34.504: Total time for which application threads were stopped: 0.0000738 seconds, Stopping threads took: 0.0000171 seconds
2020-03-29T12:57:58.630-0300: 35.506: Application time: 1.0019714 seconds
2020-03-29T12:57:58.630-0300: 35.506: Total time for which application threads were stopped: 0.0000495 seconds, Stopping threads took: 0.0000186 seconds
2020-03-29T12:57:58.648-0300: 35.523: Application time: 0.0173433 seconds
2020-03-29T12:57:58.648-0300: 35.523: Total time for which application threads were stopped: 0.0000686 seconds, Stopping threads took: 0.0000163 seconds
2020-03-29T12:57:59.646-0300: 36.521: Application time: 0.9978388 seconds
2020-03-29T12:57:59.646-0300: 36.521: Total time for which application threads were stopped: 0.0000604 seconds, Stopping threads took: 0.0000149 seconds
2020-03-29T12:58:00.615-0300: 37.491: Application time: 0.9696651 seconds
2020-03-29T12:58:00.615-0300: 37.491: Total time for which application threads were stopped: 0.0000694 seconds, Stopping threads took: 0.0000149 seconds
2020-03-29T12:58:00.617-0300: 37.493: Application time: 0.0017423 seconds
2020-03-29T12:58:00.617-0300: 37.493: Total time for which application threads were stopped: 0.0001228 seconds, Stopping threads took: 0.0000183 seconds
2020-03-29T12:58:01.619-0300: 38.495: Application time: 1.0018927 seconds
2020-03-29T12:58:01.619-0300: 38.495: Total time for which application threads were stopped: 0.0000691 seconds, Stopping threads took: 0.0000143 seconds
2020-03-29T12:58:02.620-0300: 39.496: Application time: 1.0010670 seconds
2020-03-29T12:58:02.620-0300: 39.496: Total time for which application threads were stopped: 0.0000853 seconds, Stopping threads took: 0.0000318 seconds
2020-03-29T12:58:03.624-0300: 40.500: Application time: 1.0036752 seconds
2020-03-29T12:58:03.624-0300: 40.500: Total time for which application threads were stopped: 0.0001490 seconds, Stopping threads took: 0.0000552 seconds
2020-03-29T12:58:04.627-0300: 41.503: Application time: 1.0029887 seconds
2020-03-29T12:58:04.627-0300: 41.503: Total time for which application threads were stopped: 0.0000693 seconds, Stopping threads took: 0.0000155 seconds
2020-03-29T12:58:05.630-0300: 42.506: Application time: 1.0028420 seconds
2020-03-29T12:58:05.630-0300: 42.506: Total time for which application threads were stopped: 0.0000622 seconds, Stopping threads took: 0.0000196 seconds
2020-03-29T12:58:05.631-0300: 42.506: Application time: 0.0004807 seconds
2020-03-29T12:58:05.631-0300: 42.506: Total time for which application threads were stopped: 0.0000700 seconds, Stopping threads took: 0.0000142 seconds
2020-03-29T12:58:06.716-0300: 43.592: Application time: 1.0853516 seconds
2020-03-29T12:58:06.716-0300: 43.592: Total time for which application threads were stopped: 0.0000858 seconds, Stopping threads took: 0.0000168 seconds
2020-03-29T12:58:07.712-0300: 44.588: Application time: 0.9958087 seconds
2020-03-29T12:58:07.712-0300: 44.588: Total time for which application threads were stopped: 0.0001013 seconds, Stopping threads took: 0.0000212 seconds
2020-03-29T12:58:08.714-0300: 45.590: Application time: 1.0021168 seconds
2020-03-29T12:58:08.714-0300: 45.590: Total time for which application threads were stopped: 0.0000709 seconds, Stopping threads took: 0.0000153 seconds
2020-03-29T12:58:09.720-0300: 46.596: Application time: 1.0057651 seconds
2020-03-29T12:58:09.720-0300: 46.596: Total time for which application threads were stopped: 0.0000839 seconds, Stopping threads took: 0.0000201 seconds
2020-03-29T12:58:10.722-0300: 47.598: Application time: 1.0018875 seconds
2020-03-29T12:58:10.722-0300: 47.598: Total time for which application threads were stopped: 0.0000899 seconds, Stopping threads took: 0.0000182 seconds
2020-03-29T12:58:10.724-0300: 47.600: Application time: 0.0018407 seconds
2020-03-29T12:58:10.724-0300: 47.600: Total time for which application threads were stopped: 0.0000591 seconds, Stopping threads took: 0.0000138 seconds
2020-03-29T12:58:11.726-0300: 48.602: Application time: 1.0021888 seconds
2020-03-29T12:58:11.726-0300: 48.602: Total time for which application threads were stopped: 0.0000902 seconds, Stopping threads took: 0.0000314 seconds
2020-03-29T12:58:12.728-0300: 49.603: Application time: 1.0012349 seconds
2020-03-29T12:58:12.728-0300: 49.603: Total time for which application threads were stopped: 0.0000694 seconds, Stopping threads took: 0.0000149 seconds
2020-03-29T12:58:13.731-0300: 50.606: Application time: 1.0029503 seconds
2020-03-29T12:58:13.731-0300: 50.606: Total time for which application threads were stopped: 0.0000716 seconds, Stopping threads took: 0.0000155 seconds
2020-03-29T12:58:14.736-0300: 51.611: Application time: 1.0048662 seconds
2020-03-29T12:58:14.736-0300: 51.611: Total time for which application threads were stopped: 0.0000692 seconds, Stopping threads took: 0.0000147 seconds
2020-03-29T12:58:15.740-0300: 52.616: Application time: 1.0045963 seconds
2020-03-29T12:58:15.740-0300: 52.616: Total time for which application threads were stopped: 0.0000686 seconds, Stopping threads took: 0.0000318 seconds
2020-03-29T12:58:15.740-0300: 52.616: Application time: 0.0000069 seconds
2020-03-29T12:58:15.740-0300: 52.621: Total time for which application threads were stopped: 0.0054433 seconds, Stopping threads took: 0.0000047 seconds
2020-03-29T12:58:16.742-0300: 53.617: Application time: 0.9961542 seconds
2020-03-29T12:58:16.742-0300: 53.617: Total time for which application threads were stopped: 0.0000720 seconds, Stopping threads took: 0.0000152 seconds
2020-03-29T12:58:17.742-0300: 54.618: Application time: 1.0001827 seconds
2020-03-29T12:58:17.742-0300: 54.618: Total time for which application threads were stopped: 0.0001218 seconds, Stopping threads took: 0.0000618 seconds
2020-03-29T12:58:18.747-0300: 55.622: Application time: 1.0043915 seconds
2020-03-29T12:58:18.747-0300: 55.622: Total time for which application threads were stopped: 0.0000888 seconds, Stopping threads took: 0.0000203 seconds
2020-03-29T12:58:18.948-0300: 55.824: Application time: 0.2014567 seconds
2020-03-29T12:58:18.948-0300: 55.824: [GC pause (G1 Evacuation Pause) (young), 0.1460012 secs]
   [Parallel Time: 144.1 ms, GC Workers: 8]
      [GC Worker Start (ms): Min: 55824.1, Avg: 55824.1, Max: 55824.2, Diff: 0.1]
      [Ext Root Scanning (ms): Min: 0.2, Avg: 0.2, Max: 0.2, Diff: 0.1, Sum: 1.5]
      [Update RS (ms): Min: 6.3, Avg: 7.2, Max: 9.8, Diff: 3.5, Sum: 57.7]
         [Processed Buffers: Min: 2, Avg: 2.8, Max: 5, Diff: 3, Sum: 22]
      [Scan RS (ms): Min: 11.3, Avg: 13.9, Max: 15.0, Diff: 3.7, Sum: 111.1]
      [Code Root Scanning (ms): Min: 0.0, Avg: 0.1, Max: 0.4, Diff: 0.4, Sum: 0.7]
      [Object Copy (ms): Min: 121.7, Avg: 121.9, Max: 122.4, Diff: 0.7, Sum: 975.3]
      [Termination (ms): Min: 0.0, Avg: 0.5, Max: 0.7, Diff: 0.7, Sum: 4.3]
         [Termination Attempts: Min: 1, Avg: 1.1, Max: 2, Diff: 1, Sum: 9]
      [GC Worker Other (ms): Min: 0.0, Avg: 0.0, Max: 0.0, Diff: 0.0, Sum: 0.1]
      [GC Worker Total (ms): Min: 143.8, Avg: 143.8, Max: 144.0, Diff: 0.2, Sum: 1150.8]
      [GC Worker End (ms): Min: 55968.0, Avg: 55968.0, Max: 55968.1, Diff: 0.1]
   [Code Root Fixup: 0.0 ms]
   [Code Root Purge: 0.0 ms]
   [Clear CT: 0.2 ms]
   [Other: 1.7 ms]
      [Choose CSet: 0.0 ms]
      [Ref Proc: 0.8 ms]
      [Ref Enq: 0.0 ms]
      [Redirty Cards: 0.2 ms]
      [Humongous Register: 0.0 ms]
      [Humongous Reclaim: 0.0 ms]
      [Free CSet: 0.3 ms]
   [Eden: 597.0M(597.0M)->0.0B(14.0M) Survivors: 17.0M->77.0M Heap: 741.6M(1024.0M)->268.6M(1024.0M)]
 [Times: user=0.80 sys=0.10, real=0.15 secs] 
2020-03-29T12:58:19.094-0300: 55.970: Total time for which application threads were stopped: 0.1462133 seconds, Stopping threads took: 0.0000238 seconds
2020-03-29T12:58:19.600-0300: 56.476: Application time: 0.5059800 seconds
2020-03-29T12:58:19.601-0300: 56.476: [GC pause (G1 Evacuation Pause) (young), 0.0853137 secs]
   [Parallel Time: 83.9 ms, GC Workers: 8]
      [GC Worker Start (ms): Min: 56476.1, Avg: 56476.2, Max: 56476.3, Diff: 0.2]
      [Ext Root Scanning (ms): Min: 0.1, Avg: 0.2, Max: 0.3, Diff: 0.2, Sum: 1.7]
      [Update RS (ms): Min: 0.7, Avg: 1.0, Max: 1.7, Diff: 1.0, Sum: 7.6]
         [Processed Buffers: Min: 2, Avg: 2.1, Max: 3, Diff: 1, Sum: 17]
      [Scan RS (ms): Min: 5.5, Avg: 6.3, Max: 6.7, Diff: 1.1, Sum: 50.7]
      [Code Root Scanning (ms): Min: 0.0, Avg: 0.0, Max: 0.1, Diff: 0.1, Sum: 0.2]
      [Object Copy (ms): Min: 75.5, Avg: 75.7, Max: 76.2, Diff: 0.7, Sum: 605.5]
      [Termination (ms): Min: 0.0, Avg: 0.5, Max: 0.6, Diff: 0.6, Sum: 3.7]
         [Termination Attempts: Min: 1, Avg: 55.1, Max: 90, Diff: 89, Sum: 441]
      [GC Worker Other (ms): Min: 0.0, Avg: 0.0, Max: 0.0, Diff: 0.0, Sum: 0.1]
      [GC Worker Total (ms): Min: 83.6, Avg: 83.7, Max: 83.8, Diff: 0.2, Sum: 669.5]
      [GC Worker End (ms): Min: 56559.9, Avg: 56559.9, Max: 56560.0, Diff: 0.0]
   [Code Root Fixup: 0.0 ms]
   [Code Root Purge: 0.0 ms]
   [Clear CT: 0.1 ms]
   [Other: 1.3 ms]
      [Choose CSet: 0.0 ms]
      [Ref Proc: 0.7 ms]
      [Ref Enq: 0.0 ms]
      [Redirty Cards: 0.3 ms]
      [Humongous Register: 0.0 ms]
      [Humongous Reclaim: 0.0 ms]
      [Free CSet: 0.1 ms]
   [Eden: 4096.0K(1024.0K)->0.0B(216.0M) Survivors: 77.0M->2048.0K Heap: 272.6M(1024.0M)->273.1M(1024.0M)]
 [Times: user=0.43 sys=0.05, real=0.08 secs] 
2020-03-29T12:58:19.686-0300: 56.561: Total time for which application threads were stopped: 0.0855359 seconds, Stopping threads took: 0.0000230 seconds
2020-03-29T12:58:19.750-0300: 56.626: Application time: 0.0643299 seconds
2020-03-29T12:58:19.750-0300: 56.626: Total time for which application threads were stopped: 0.0000651 seconds, Stopping threads took: 0.0000145 seconds
2020-03-29T12:58:20.753-0300: 57.629: Application time: 1.0029292 seconds
2020-03-29T12:58:20.753-0300: 57.629: Total time for which application threads were stopped: 0.0000708 seconds, Stopping threads took: 0.0000166 seconds
2020-03-29T12:58:20.755-0300: 57.631: Application time: 0.0017740 seconds
2020-03-29T12:58:20.755-0300: 57.631: Total time for which application threads were stopped: 0.0000647 seconds, Stopping threads took: 0.0000282 seconds
2020-03-29T12:58:21.754-0300: 58.630: Application time: 0.9989431 seconds
2020-03-29T12:58:21.754-0300: 58.630: Total time for which application threads were stopped: 0.0000921 seconds, Stopping threads took: 0.0000159 seconds
2020-03-29T12:58:22.755-0300: 59.630: Application time: 1.0005681 seconds
2020-03-29T12:58:22.755-0300: 59.630: Total time for which application threads were stopped: 0.0000676 seconds, Stopping threads took: 0.0000165 seconds
2020-03-29T12:58:23.755-0300: 60.630: Application time: 0.9999404 seconds
2020-03-29T12:58:23.755-0300: 60.630: Total time for which application threads were stopped: 0.0000752 seconds, Stopping threads took: 0.0000156 seconds
2020-03-29T12:58:24.758-0300: 61.633: Application time: 1.0027533 seconds
2020-03-29T12:58:24.758-0300: 61.633: Total time for which application threads were stopped: 0.0000738 seconds, Stopping threads took: 0.0000365 seconds
2020-03-29T12:58:24.758-0300: 61.633: Application time: 0.0000771 seconds
2020-03-29T12:58:24.758-0300: 61.633: Total time for which application threads were stopped: 0.0000555 seconds, Stopping threads took: 0.0000090 seconds
2020-03-29T12:58:25.758-0300: 62.633: Application time: 1.0000160 seconds
2020-03-29T12:58:25.758-0300: 62.633: Total time for which application threads were stopped: 0.0000637 seconds, Stopping threads took: 0.0000152 seconds
2020-03-29T12:58:26.760-0300: 63.636: Application time: 1.0021977 seconds
2020-03-29T12:58:26.760-0300: 63.636: Total time for which application threads were stopped: 0.0000903 seconds, Stopping threads took: 0.0000205 seconds
2020-03-29T12:58:27.761-0300: 64.637: Application time: 1.0011125 seconds
2020-03-29T12:58:27.761-0300: 64.637: Total time for which application threads were stopped: 0.0001025 seconds, Stopping threads took: 0.0000208 seconds
2020-03-29T12:58:28.763-0300: 65.638: Application time: 1.0014366 seconds
2020-03-29T12:58:28.763-0300: 65.639: Total time for which application threads were stopped: 0.0001194 seconds, Stopping threads took: 0.0000387 seconds
2020-03-29T12:58:29.767-0300: 66.642: Application time: 1.0038330 seconds
2020-03-29T12:58:29.767-0300: 66.642: Total time for which application threads were stopped: 0.0000676 seconds, Stopping threads took: 0.0000151 seconds
2020-03-29T12:58:30.769-0300: 67.644: Application time: 1.0019998 seconds
2020-03-29T12:58:30.769-0300: 67.645: Total time for which application threads were stopped: 0.0000681 seconds, Stopping threads took: 0.0000151 seconds
2020-03-29T12:58:30.770-0300: 67.646: Application time: 0.0014057 seconds
2020-03-29T12:58:30.771-0300: 67.646: Total time for which application threads were stopped: 0.0000584 seconds, Stopping threads took: 0.0000139 seconds
2020-03-29T12:58:30.818-0300: 67.693: Application time: 0.0474239 seconds
2020-03-29T12:58:30.818-0300: 67.694: [GC pause (G1 Evacuation Pause) (young), 0.0397439 secs]
   [Parallel Time: 37.8 ms, GC Workers: 8]
      [GC Worker Start (ms): Min: 67693.6, Avg: 67693.7, Max: 67694.2, Diff: 0.6]
      [Ext Root Scanning (ms): Min: 0.0, Avg: 0.3, Max: 0.4, Diff: 0.4, Sum: 2.2]
      [Update RS (ms): Min: 3.2, Avg: 5.0, Max: 6.6, Diff: 3.4, Sum: 40.3]
         [Processed Buffers: Min: 2, Avg: 3.2, Max: 6, Diff: 4, Sum: 26]
      [Scan RS (ms): Min: 0.0, Avg: 0.0, Max: 0.2, Diff: 0.1, Sum: 0.3]
      [Code Root Scanning (ms): Min: 0.0, Avg: 0.0, Max: 0.1, Diff: 0.1, Sum: 0.1]
      [Object Copy (ms): Min: 29.8, Avg: 31.4, Max: 33.7, Diff: 3.9, Sum: 251.4]
      [Termination (ms): Min: 0.0, Avg: 0.7, Max: 1.0, Diff: 1.0, Sum: 5.3]
         [Termination Attempts: Min: 1, Avg: 1.9, Max: 4, Diff: 3, Sum: 15]
      [GC Worker Other (ms): Min: 0.0, Avg: 0.0, Max: 0.0, Diff: 0.0, Sum: 0.1]
      [GC Worker Total (ms): Min: 37.0, Avg: 37.5, Max: 37.7, Diff: 0.6, Sum: 299.7]
      [GC Worker End (ms): Min: 67731.1, Avg: 67731.2, Max: 67731.3, Diff: 0.2]
   [Code Root Fixup: 0.0 ms]
   [Code Root Purge: 0.0 ms]
   [Clear CT: 0.3 ms]
   [Other: 1.6 ms]
      [Choose CSet: 0.0 ms]
      [Ref Proc: 1.1 ms]
      [Ref Enq: 0.0 ms]
      [Redirty Cards: 0.2 ms]
      [Humongous Register: 0.0 ms]
      [Humongous Reclaim: 0.0 ms]
      [Free CSet: 0.1 ms]
   [Eden: 216.0M(216.0M)->0.0B(228.0M) Survivors: 2048.0K->28.0M Heap: 489.1M(1024.0M)->317.6M(1024.0M)]
 [Times: user=0.25 sys=0.02, real=0.04 secs] 
2020-03-29T12:58:30.858-0300: 67.734: Total time for which application threads were stopped: 0.0403989 seconds, Stopping threads took: 0.0000236 seconds
2020-03-29T12:58:31.775-0300: 68.650: Application time: 0.9164650 seconds
2020-03-29T12:58:31.775-0300: 68.650: Total time for which application threads were stopped: 0.0001149 seconds, Stopping threads took: 0.0000248 seconds
2020-03-29T12:58:32.779-0300: 69.654: Application time: 1.0037371 seconds
2020-03-29T12:58:32.779-0300: 69.654: Total time for which application threads were stopped: 0.0001663 seconds, Stopping threads took: 0.0000583 seconds
2020-03-29T12:58:33.781-0300: 70.657: Application time: 1.0024644 seconds
2020-03-29T12:58:33.781-0300: 70.657: Total time for which application threads were stopped: 0.0000661 seconds, Stopping threads took: 0.0000160 seconds
2020-03-29T12:58:34.785-0300: 71.661: Application time: 1.0038514 seconds
2020-03-29T12:58:34.785-0300: 71.661: Total time for which application threads were stopped: 0.0000711 seconds, Stopping threads took: 0.0000165 seconds
2020-03-29T12:58:35.790-0300: 72.665: Application time: 1.0042859 seconds
2020-03-29T12:58:35.790-0300: 72.665: Total time for which application threads were stopped: 0.0000664 seconds, Stopping threads took: 0.0000157 seconds
2020-03-29T12:58:36.795-0300: 73.670: Application time: 1.0050685 seconds
2020-03-29T12:58:36.795-0300: 73.670: Total time for which application threads were stopped: 0.0001118 seconds, Stopping threads took: 0.0000324 seconds
2020-03-29T12:58:37.799-0300: 74.675: Application time: 1.0041925 seconds
2020-03-29T12:58:37.799-0300: 74.675: Total time for which application threads were stopped: 0.0000790 seconds, Stopping threads took: 0.0000267 seconds
2020-03-29T12:58:38.804-0300: 75.679: Application time: 1.0046540 seconds
2020-03-29T12:58:38.804-0300: 75.679: Total time for which application threads were stopped: 0.0000863 seconds, Stopping threads took: 0.0000164 seconds
2020-03-29T12:58:39.804-0300: 76.680: Application time: 1.0001781 seconds
2020-03-29T12:58:39.804-0300: 76.680: Total time for which application threads were stopped: 0.0000686 seconds, Stopping threads took: 0.0000154 seconds
2020-03-29T12:58:40.808-0300: 77.684: Application time: 1.0042895 seconds
2020-03-29T12:58:40.809-0300: 77.684: Total time for which application threads were stopped: 0.0000858 seconds, Stopping threads took: 0.0000197 seconds
2020-03-29T12:58:40.810-0300: 77.686: Application time: 0.0015579 seconds
2020-03-29T12:58:40.810-0300: 77.686: Total time for which application threads were stopped: 0.0000585 seconds, Stopping threads took: 0.0000156 seconds
2020-03-29T12:58:41.812-0300: 78.687: Application time: 1.0017337 seconds
2020-03-29T12:58:41.812-0300: 78.687: Total time for which application threads were stopped: 0.0000762 seconds, Stopping threads took: 0.0000154 seconds
2020-03-29T12:58:42.509-0300: 79.385: Application time: 0.6971342 seconds
2020-03-29T12:58:42.509-0300: 79.385: [GC pause (G1 Evacuation Pause) (young), 0.0675311 secs]
   [Parallel Time: 66.7 ms, GC Workers: 8]
      [GC Worker Start (ms): Min: 79384.7, Avg: 79384.8, Max: 79384.8, Diff: 0.1]
      [Ext Root Scanning (ms): Min: 0.1, Avg: 0.2, Max: 0.3, Diff: 0.1, Sum: 1.6]
      [Update RS (ms): Min: 4.9, Avg: 6.1, Max: 7.8, Diff: 2.9, Sum: 49.2]
         [Processed Buffers: Min: 2, Avg: 3.0, Max: 5, Diff: 3, Sum: 24]
      [Scan RS (ms): Min: 0.0, Avg: 1.4, Max: 2.6, Diff: 2.6, Sum: 11.3]
      [Code Root Scanning (ms): Min: 0.0, Avg: 0.0, Max: 0.1, Diff: 0.1, Sum: 0.1]
      [Object Copy (ms): Min: 58.5, Avg: 58.7, Max: 58.8, Diff: 0.3, Sum: 469.7]
      [Termination (ms): Min: 0.0, Avg: 0.0, Max: 0.0, Diff: 0.0, Sum: 0.1]
         [Termination Attempts: Min: 1, Avg: 8.9, Max: 14, Diff: 13, Sum: 71]
      [GC Worker Other (ms): Min: 0.0, Avg: 0.0, Max: 0.1, Diff: 0.0, Sum: 0.3]
      [GC Worker Total (ms): Min: 66.5, Avg: 66.5, Max: 66.6, Diff: 0.2, Sum: 532.3]
      [GC Worker End (ms): Min: 79451.3, Avg: 79451.3, Max: 79451.3, Diff: 0.0]
   [Code Root Fixup: 0.0 ms]
   [Code Root Purge: 0.0 ms]
   [Clear CT: 0.2 ms]
   [Other: 0.6 ms]
      [Choose CSet: 0.0 ms]
      [Ref Proc: 0.1 ms]
      [Ref Enq: 0.0 ms]
      [Redirty Cards: 0.3 ms]
      [Humongous Register: 0.0 ms]
      [Humongous Reclaim: 0.0 ms]
      [Free CSet: 0.1 ms]
   [Eden: 228.0M(228.0M)->0.0B(278.0M) Survivors: 28.0M->32.0M Heap: 561.2M(1024.0M)->382.2M(1024.0M)]
 [Times: user=0.42 sys=0.02, real=0.07 secs] 
2020-03-29T12:58:42.579-0300: 79.454: Total time for which application threads were stopped: 0.0697175 seconds, Stopping threads took: 0.0000198 seconds
2020-03-29T12:58:42.814-0300: 79.690: Application time: 0.2353974 seconds
2020-03-29T12:58:42.814-0300: 79.690: Total time for which application threads were stopped: 0.0000801 seconds, Stopping threads took: 0.0000155 seconds
2020-03-29T12:58:43.816-0300: 80.692: Application time: 1.0022103 seconds
2020-03-29T12:58:43.817-0300: 80.692: Total time for which application threads were stopped: 0.0001426 seconds, Stopping threads took: 0.0000377 seconds
2020-03-29T12:58:43.819-0300: 80.694: Application time: 0.0020999 seconds
2020-03-29T12:58:43.819-0300: 80.694: Total time for which application threads were stopped: 0.0000834 seconds, Stopping threads took: 0.0000159 seconds
2020-03-29T12:58:44.819-0300: 81.695: Application time: 1.0005245 seconds
2020-03-29T12:58:44.819-0300: 81.695: Total time for which application threads were stopped: 0.0000853 seconds, Stopping threads took: 0.0000182 seconds
2020-03-29T12:58:45.821-0300: 82.696: Application time: 1.0011961 seconds
2020-03-29T12:58:45.821-0300: 82.696: Total time for which application threads were stopped: 0.0000844 seconds, Stopping threads took: 0.0000187 seconds
2020-03-29T12:58:46.822-0300: 83.698: Application time: 1.0013745 seconds
2020-03-29T12:58:46.822-0300: 83.698: Total time for which application threads were stopped: 0.0000988 seconds, Stopping threads took: 0.0000202 seconds
2020-03-29T12:58:47.827-0300: 84.702: Application time: 1.0043747 seconds
2020-03-29T12:58:47.827-0300: 84.702: Total time for which application threads were stopped: 0.0000898 seconds, Stopping threads took: 0.0000203 seconds
2020-03-29T12:58:48.829-0300: 85.705: Application time: 1.0026588 seconds
2020-03-29T12:58:48.829-0300: 85.705: Total time for which application threads were stopped: 0.0000662 seconds, Stopping threads took: 0.0000156 seconds
2020-03-29T12:58:49.832-0300: 86.708: Application time: 1.0030119 seconds
2020-03-29T12:58:49.833-0300: 86.708: Total time for which application threads were stopped: 0.0000865 seconds, Stopping threads took: 0.0000290 seconds
2020-03-29T12:58:49.835-0300: 86.710: Application time: 0.0022439 seconds
2020-03-29T12:58:49.835-0300: 86.710: Total time for which application threads were stopped: 0.0000720 seconds, Stopping threads took: 0.0000157 seconds
2020-03-29T12:58:50.837-0300: 87.712: Application time: 1.0021236 seconds
2020-03-29T12:58:50.837-0300: 87.713: Total time for which application threads were stopped: 0.0001073 seconds, Stopping threads took: 0.0000268 seconds
2020-03-29T12:58:50.839-0300: 87.714: Application time: 0.0017796 seconds
2020-03-29T12:58:50.839-0300: 87.714: Total time for which application threads were stopped: 0.0000722 seconds, Stopping threads took: 0.0000141 seconds
2020-03-29T12:58:50.840-0300: 87.716: Application time: 0.0012210 seconds
2020-03-29T12:58:50.840-0300: 87.716: Total time for which application threads were stopped: 0.0000508 seconds, Stopping threads took: 0.0000136 seconds
2020-03-29T12:58:51.840-0300: 88.715: Application time: 0.9993098 seconds
2020-03-29T12:58:51.840-0300: 88.715: Total time for which application threads were stopped: 0.0000865 seconds, Stopping threads took: 0.0000180 seconds
2020-03-29T12:58:52.843-0300: 89.718: Application time: 1.0034115 seconds
2020-03-29T12:58:52.843-0300: 89.719: Total time for which application threads were stopped: 0.0000890 seconds, Stopping threads took: 0.0000200 seconds
2020-03-29T12:58:53.847-0300: 90.722: Application time: 1.0034836 seconds
2020-03-29T12:58:53.847-0300: 90.722: Total time for which application threads were stopped: 0.0000843 seconds, Stopping threads took: 0.0000144 seconds
2020-03-29T12:58:54.849-0300: 91.724: Application time: 1.0022903 seconds
2020-03-29T12:58:54.849-0300: 91.725: Total time for which application threads were stopped: 0.0001055 seconds, Stopping threads took: 0.0000348 seconds
2020-03-29T12:58:54.851-0300: 91.727: Application time: 0.0022424 seconds
2020-03-29T12:58:54.851-0300: 91.732: Total time for which application threads were stopped: 0.0055795 seconds, Stopping threads took: 0.0000196 seconds
2020-03-29T12:58:55.855-0300: 92.730: Application time: 0.9977291 seconds
2020-03-29T12:58:55.855-0300: 92.730: Total time for which application threads were stopped: 0.0001245 seconds, Stopping threads took: 0.0000250 seconds
2020-03-29T12:58:56.759-0300: 93.634: Application time: 0.9038799 seconds
2020-03-29T12:58:56.759-0300: 93.634: [GC pause (G1 Evacuation Pause) (young), 0.0616814 secs]
   [Parallel Time: 61.0 ms, GC Workers: 8]
      [GC Worker Start (ms): Min: 93634.3, Avg: 93634.4, Max: 93634.4, Diff: 0.2]
      [Ext Root Scanning (ms): Min: 0.1, Avg: 0.2, Max: 0.3, Diff: 0.2, Sum: 1.5]
      [Update RS (ms): Min: 5.4, Avg: 6.1, Max: 7.8, Diff: 2.4, Sum: 48.6]
         [Processed Buffers: Min: 3, Avg: 3.8, Max: 6, Diff: 3, Sum: 30]
      [Scan RS (ms): Min: 0.0, Avg: 1.2, Max: 1.8, Diff: 1.7, Sum: 9.2]
      [Code Root Scanning (ms): Min: 0.0, Avg: 0.0, Max: 0.1, Diff: 0.1, Sum: 0.2]
      [Object Copy (ms): Min: 52.1, Avg: 52.8, Max: 53.4, Diff: 1.3, Sum: 422.7]
      [Termination (ms): Min: 0.0, Avg: 0.5, Max: 0.7, Diff: 0.7, Sum: 4.0]
         [Termination Attempts: Min: 1, Avg: 30.1, Max: 47, Diff: 46, Sum: 241]
      [GC Worker Other (ms): Min: 0.0, Avg: 0.0, Max: 0.0, Diff: 0.0, Sum: 0.1]
      [GC Worker Total (ms): Min: 60.7, Avg: 60.8, Max: 60.9, Diff: 0.2, Sum: 486.4]
      [GC Worker End (ms): Min: 93695.1, Avg: 93695.2, Max: 93695.2, Diff: 0.0]
   [Code Root Fixup: 0.0 ms]
   [Code Root Purge: 0.0 ms]
   [Clear CT: 0.1 ms]
   [Other: 0.5 ms]
      [Choose CSet: 0.0 ms]
      [Ref Proc: 0.2 ms]
      [Ref Enq: 0.0 ms]
      [Redirty Cards: 0.1 ms]
      [Humongous Register: 0.0 ms]
      [Humongous Reclaim: 0.0 ms]
      [Free CSet: 0.1 ms]
   [Eden: 278.0M(278.0M)->0.0B(337.0M) Survivors: 32.0M->39.0M Heap: 660.2M(1024.0M)->441.2M(1024.0M)]
 [Times: user=0.46 sys=0.00, real=0.07 secs] 
2020-03-29T12:58:56.821-0300: 93.696: Total time for which application threads were stopped: 0.0618687 seconds, Stopping threads took: 0.0000189 seconds
2020-03-29T12:58:56.857-0300: 93.732: Application time: 0.0362363 seconds
2020-03-29T12:58:56.857-0300: 93.732: Total time for which application threads were stopped: 0.0000635 seconds, Stopping threads took: 0.0000118 seconds
2020-03-29T12:58:57.856-0300: 94.731: Application time: 0.9987434 seconds
2020-03-29T12:58:57.856-0300: 94.731: Total time for which application threads were stopped: 0.0001084 seconds, Stopping threads took: 0.0000211 seconds
2020-03-29T12:58:58.860-0300: 95.736: Application time: 1.0044421 seconds
2020-03-29T12:58:58.860-0300: 95.736: Total time for which application threads were stopped: 0.0000709 seconds, Stopping threads took: 0.0000175 seconds
2020-03-29T12:58:59.862-0300: 96.738: Application time: 1.0018957 seconds
2020-03-29T12:58:59.862-0300: 96.738: Total time for which application threads were stopped: 0.0000712 seconds, Stopping threads took: 0.0000161 seconds
2020-03-29T12:59:00.866-0300: 97.741: Application time: 1.0038645 seconds
2020-03-29T12:59:00.866-0300: 97.742: Total time for which application threads were stopped: 0.0001467 seconds, Stopping threads took: 0.0000822 seconds
2020-03-29T12:59:00.867-0300: 97.742: Application time: 0.0003553 seconds
2020-03-29T12:59:00.867-0300: 97.742: Total time for which application threads were stopped: 0.0000705 seconds, Stopping threads took: 0.0000123 seconds
2020-03-29T12:59:00.869-0300: 97.744: Application time: 0.0018650 seconds
2020-03-29T12:59:00.869-0300: 97.744: Total time for which application threads were stopped: 0.0000936 seconds, Stopping threads took: 0.0000425 seconds
2020-03-29T12:59:01.869-0300: 98.744: Application time: 1.0001490 seconds
2020-03-29T12:59:01.869-0300: 98.744: Total time for which application threads were stopped: 0.0000678 seconds, Stopping threads took: 0.0000247 seconds
2020-03-29T12:59:01.871-0300: 98.746: Application time: 0.0017114 seconds
2020-03-29T12:59:01.871-0300: 98.746: Total time for which application threads were stopped: 0.0001450 seconds, Stopping threads took: 0.0000497 seconds
2020-03-29T12:59:02.876-0300: 99.751: Application time: 1.0047638 seconds
2020-03-29T12:59:02.876-0300: 99.751: Total time for which application threads were stopped: 0.0001238 seconds, Stopping threads took: 0.0000238 seconds
2020-03-29T12:59:02.876-0300: 99.751: Application time: 0.0004728 seconds
2020-03-29T12:59:02.876-0300: 99.752: Total time for which application threads were stopped: 0.0000682 seconds, Stopping threads took: 0.0000127 seconds
2020-03-29T12:59:03.879-0300: 100.754: Application time: 1.0026099 seconds
2020-03-29T12:59:03.879-0300: 100.754: Total time for which application threads were stopped: 0.0000712 seconds, Stopping threads took: 0.0000158 seconds
2020-03-29T12:59:04.882-0300: 101.757: Application time: 1.0028907 seconds
2020-03-29T12:59:04.882-0300: 101.757: Total time for which application threads were stopped: 0.0001228 seconds, Stopping threads took: 0.0000253 seconds
2020-03-29T12:59:05.881-0300: 102.757: Application time: 0.9995516 seconds
2020-03-29T12:59:05.882-0300: 102.757: Total time for which application threads were stopped: 0.0000678 seconds, Stopping threads took: 0.0000143 seconds
2020-03-29T12:59:06.887-0300: 103.763: Application time: 1.0057982 seconds
2020-03-29T12:59:06.887-0300: 103.763: Total time for which application threads were stopped: 0.0000956 seconds, Stopping threads took: 0.0000254 seconds
2020-03-29T12:59:07.889-0300: 104.764: Application time: 1.0010910 seconds
2020-03-29T12:59:07.889-0300: 104.764: Total time for which application threads were stopped: 0.0001146 seconds, Stopping threads took: 0.0000250 seconds
2020-03-29T12:59:08.890-0300: 105.766: Application time: 1.0015732 seconds
2020-03-29T12:59:08.890-0300: 105.766: Total time for which application threads were stopped: 0.0000635 seconds, Stopping threads took: 0.0000152 seconds
2020-03-29T12:59:09.890-0300: 106.765: Application time: 0.9997681 seconds
2020-03-29T12:59:09.890-0300: 106.766: Total time for which application threads were stopped: 0.0000971 seconds, Stopping threads took: 0.0000293 seconds
2020-03-29T12:59:10.891-0300: 107.766: Application time: 1.0006749 seconds
2020-03-29T12:59:10.891-0300: 107.766: Total time for which application threads were stopped: 0.0000883 seconds, Stopping threads took: 0.0000169 seconds
2020-03-29T12:59:10.892-0300: 107.767: Application time: 0.0011328 seconds
2020-03-29T12:59:10.892-0300: 107.768: Total time for which application threads were stopped: 0.0000450 seconds, Stopping threads took: 0.0000117 seconds
2020-03-29T12:59:11.895-0300: 108.770: Application time: 1.0023446 seconds
2020-03-29T12:59:11.895-0300: 108.770: Total time for which application threads were stopped: 0.0001219 seconds, Stopping threads took: 0.0000248 seconds
2020-03-29T12:59:12.898-0300: 109.774: Application time: 1.0035207 seconds
2020-03-29T12:59:12.898-0300: 109.774: Total time for which application threads were stopped: 0.0000866 seconds, Stopping threads took: 0.0000198 seconds
2020-03-29T12:59:13.026-0300: 109.902: Application time: 0.1279972 seconds
2020-03-29T12:59:13.026-0300: 109.902: [GC pause (G1 Evacuation Pause) (young), 0.0776307 secs]
   [Parallel Time: 76.9 ms, GC Workers: 8]
      [GC Worker Start (ms): Min: 109901.7, Avg: 109901.8, Max: 109901.8, Diff: 0.1]
      [Ext Root Scanning (ms): Min: 0.2, Avg: 0.2, Max: 0.3, Diff: 0.1, Sum: 1.6]
      [Update RS (ms): Min: 0.7, Avg: 2.7, Max: 4.0, Diff: 3.3, Sum: 21.5]
         [Processed Buffers: Min: 3, Avg: 3.6, Max: 5, Diff: 2, Sum: 29]
      [Scan RS (ms): Min: 4.8, Avg: 6.0, Max: 8.1, Diff: 3.3, Sum: 48.4]
      [Code Root Scanning (ms): Min: 0.0, Avg: 0.0, Max: 0.1, Diff: 0.1, Sum: 0.2]
      [Object Copy (ms): Min: 67.0, Avg: 67.2, Max: 67.8, Diff: 0.8, Sum: 537.4]
      [Termination (ms): Min: 0.0, Avg: 0.6, Max: 0.8, Diff: 0.8, Sum: 4.5]
         [Termination Attempts: Min: 1, Avg: 22.5, Max: 36, Diff: 35, Sum: 180]
      [GC Worker Other (ms): Min: 0.0, Avg: 0.0, Max: 0.1, Diff: 0.0, Sum: 0.2]
      [GC Worker Total (ms): Min: 76.7, Avg: 76.7, Max: 76.8, Diff: 0.1, Sum: 613.8]
      [GC Worker End (ms): Min: 109978.5, Avg: 109978.5, Max: 109978.5, Diff: 0.0]
   [Code Root Fixup: 0.0 ms]
   [Code Root Purge: 0.0 ms]
   [Clear CT: 0.1 ms]
   [Other: 0.6 ms]
      [Choose CSet: 0.0 ms]
      [Ref Proc: 0.2 ms]
      [Ref Enq: 0.0 ms]
      [Redirty Cards: 0.2 ms]
      [Humongous Register: 0.0 ms]
      [Humongous Reclaim: 0.0 ms]
      [Free CSet: 0.1 ms]
   [Eden: 305.0M(305.0M)->0.0B(297.0M) Survivors: 39.0M->43.0M Heap: 769.7M(1024.0M)->528.2M(1024.0M)]
 [Times: user=0.57 sys=0.01, real=0.08 secs] 
2020-03-29T12:59:13.104-0300: 109.979: Total time for which application threads were stopped: 0.0778363 seconds, Stopping threads took: 0.0000218 seconds
2020-03-29T12:59:13.898-0300: 110.773: Application time: 0.7936102 seconds
2020-03-29T12:59:13.898-0300: 110.773: Total time for which application threads were stopped: 0.0001070 seconds, Stopping threads took: 0.0000210 seconds
2020-03-29T12:59:14.901-0300: 111.777: Application time: 1.0036091 seconds
2020-03-29T12:59:14.902-0300: 111.777: Total time for which application threads were stopped: 0.0000886 seconds, Stopping threads took: 0.0000200 seconds
2020-03-29T12:59:15.902-0300: 112.778: Application time: 1.0006767 seconds
2020-03-29T12:59:15.902-0300: 112.778: Total time for which application threads were stopped: 0.0000879 seconds, Stopping threads took: 0.0000152 seconds
2020-03-29T12:59:16.903-0300: 113.779: Application time: 1.0011582 seconds
2020-03-29T12:59:16.904-0300: 113.779: Total time for which application threads were stopped: 0.0000665 seconds, Stopping threads took: 0.0000146 seconds
2020-03-29T12:59:17.906-0300: 114.781: Application time: 1.0026421 seconds
2020-03-29T12:59:17.906-0300: 114.782: Total time for which application threads were stopped: 0.0000966 seconds, Stopping threads took: 0.0000183 seconds
2020-03-29T12:59:18.908-0300: 115.783: Application time: 1.0012668 seconds
2020-03-29T12:59:18.908-0300: 115.783: Total time for which application threads were stopped: 0.0001126 seconds, Stopping threads took: 0.0000247 seconds
2020-03-29T12:59:19.907-0300: 116.782: Application time: 0.9994893 seconds
2020-03-29T12:59:19.907-0300: 116.783: Total time for which application threads were stopped: 0.0000975 seconds, Stopping threads took: 0.0000207 seconds
2020-03-29T12:59:20.912-0300: 117.787: Application time: 1.0043670 seconds
2020-03-29T12:59:20.912-0300: 117.787: Total time for which application threads were stopped: 0.0001201 seconds, Stopping threads took: 0.0000257 seconds
2020-03-29T12:59:20.914-0300: 117.789: Application time: 0.0017611 seconds
2020-03-29T12:59:20.914-0300: 117.789: Total time for which application threads were stopped: 0.0000611 seconds, Stopping threads took: 0.0000158 seconds
2020-03-29T12:59:21.912-0300: 118.788: Application time: 0.9987457 seconds
2020-03-29T12:59:21.912-0300: 118.788: Total time for which application threads were stopped: 0.0000872 seconds, Stopping threads took: 0.0000194 seconds
2020-03-29T12:59:22.916-0300: 119.791: Application time: 1.0034445 seconds
2020-03-29T12:59:22.916-0300: 119.791: Total time for which application threads were stopped: 0.0000706 seconds, Stopping threads took: 0.0000162 seconds
2020-03-29T12:59:23.918-0300: 120.793: Application time: 1.0020713 seconds
2020-03-29T12:59:23.918-0300: 120.793: Total time for which application threads were stopped: 0.0000852 seconds, Stopping threads took: 0.0000306 seconds
2020-03-29T12:59:24.920-0300: 121.795: Application time: 1.0019391 seconds
2020-03-29T12:59:24.920-0300: 121.795: Total time for which application threads were stopped: 0.0000677 seconds, Stopping threads took: 0.0000151 seconds
2020-03-29T12:59:25.921-0300: 122.796: Application time: 1.0005286 seconds
2020-03-29T12:59:25.921-0300: 122.796: Total time for which application threads were stopped: 0.0001072 seconds, Stopping threads took: 0.0000364 seconds
2020-03-29T12:59:26.925-0300: 123.801: Application time: 1.0047567 seconds
2020-03-29T12:59:26.925-0300: 123.801: Total time for which application threads were stopped: 0.0000948 seconds, Stopping threads took: 0.0000200 seconds
2020-03-29T12:59:27.928-0300: 124.804: Application time: 1.0027183 seconds
2020-03-29T12:59:27.928-0300: 124.804: Total time for which application threads were stopped: 0.0000855 seconds, Stopping threads took: 0.0000183 seconds
2020-03-29T12:59:28.269-0300: 125.144: Application time: 0.3407424 seconds
2020-03-29T12:59:28.269-0300: 125.145: [GC pause (G1 Evacuation Pause) (young) (initial-mark), 0.0696565 secs]
   [Parallel Time: 68.9 ms, GC Workers: 8]
      [GC Worker Start (ms): Min: 125144.7, Avg: 125144.8, Max: 125144.8, Diff: 0.1]
      [Ext Root Scanning (ms): Min: 0.3, Avg: 0.4, Max: 0.5, Diff: 0.2, Sum: 3.3]
      [Update RS (ms): Min: 5.6, Avg: 7.0, Max: 9.9, Diff: 4.3, Sum: 55.7]
         [Processed Buffers: Min: 3, Avg: 3.9, Max: 5, Diff: 2, Sum: 31]
      [Scan RS (ms): Min: 0.0, Avg: 2.4, Max: 3.9, Diff: 3.8, Sum: 19.3]
      [Code Root Scanning (ms): Min: 0.0, Avg: 0.0, Max: 0.0, Diff: 0.0, Sum: 0.1]
      [Object Copy (ms): Min: 58.3, Avg: 58.9, Max: 59.1, Diff: 0.8, Sum: 471.0]
      [Termination (ms): Min: 0.0, Avg: 0.0, Max: 0.0, Diff: 0.0, Sum: 0.0]
         [Termination Attempts: Min: 1, Avg: 5.0, Max: 8, Diff: 7, Sum: 40]
      [GC Worker Other (ms): Min: 0.0, Avg: 0.0, Max: 0.1, Diff: 0.1, Sum: 0.4]
      [GC Worker Total (ms): Min: 68.6, Avg: 68.7, Max: 68.8, Diff: 0.2, Sum: 549.8]
      [GC Worker End (ms): Min: 125213.5, Avg: 125213.5, Max: 125213.5, Diff: 0.1]
   [Code Root Fixup: 0.0 ms]
   [Code Root Purge: 0.0 ms]
   [Clear CT: 0.1 ms]
   [Other: 0.6 ms]
      [Choose CSet: 0.0 ms]
      [Ref Proc: 0.1 ms]
      [Ref Enq: 0.0 ms]
      [Redirty Cards: 0.2 ms]
      [Humongous Register: 0.0 ms]
      [Humongous Reclaim: 0.0 ms]
      [Free CSet: 0.1 ms]
   [Eden: 297.0M(297.0M)->0.0B(249.0M) Survivors: 43.0M->43.0M Heap: 825.2M(1024.0M)->592.2M(1024.0M)]
 [Times: user=0.51 sys=0.00, real=0.07 secs] 
2020-03-29T12:59:28.339-0300: 125.214: Total time for which application threads were stopped: 0.0698931 seconds, Stopping threads took: 0.0000238 seconds
2020-03-29T12:59:28.339-0300: 125.214: [GC concurrent-root-region-scan-start]
2020-03-29T12:59:28.371-0300: 125.246: [GC concurrent-root-region-scan-end, 0.0318413 secs]
2020-03-29T12:59:28.371-0300: 125.246: [GC concurrent-mark-start]
2020-03-29T12:59:28.930-0300: 125.805: Application time: 0.5908678 seconds
2020-03-29T12:59:28.930-0300: 125.805: Total time for which application threads were stopped: 0.0000715 seconds, Stopping threads took: 0.0000147 seconds
2020-03-29T12:59:28.940-0300: 125.815: [GC concurrent-mark-end, 0.5692135 secs]
2020-03-29T12:59:28.940-0300: 125.816: Application time: 0.0102224 seconds
2020-03-29T12:59:28.940-0300: 125.816: [GC remark 2020-03-29T12:59:28.942-0300: 125.818: [Finalize Marking, 0.0006027 secs] 2020-03-29T12:59:28.943-0300: 125.818: [GC ref-proc, 0.0000988 secs] 2020-03-29T12:59:28.943-0300: 125.818: [Unloading, 0.0011802 secs], 0.0059813 secs]
 [Times: user=0.03 sys=0.01, real=0.00 secs] 
2020-03-29T12:59:28.946-0300: 125.822: Total time for which application threads were stopped: 0.0061008 seconds, Stopping threads took: 0.0000194 seconds
2020-03-29T12:59:28.946-0300: 125.822: Application time: 0.0000573 seconds
2020-03-29T12:59:28.946-0300: 125.822: [GC cleanup 605M->560M(1024M), 0.0010505 secs]
 [Times: user=0.00 sys=0.00, real=0.00 secs] 
2020-03-29T12:59:28.947-0300: 125.823: Total time for which application threads were stopped: 0.0011458 seconds, Stopping threads took: 0.0000190 seconds
2020-03-29T12:59:28.947-0300: 125.823: [GC concurrent-cleanup-start]
2020-03-29T12:59:28.947-0300: 125.823: [GC concurrent-cleanup-end, 0.0000235 secs]
2020-03-29T12:59:29.933-0300: 126.809: Application time: 0.9858550 seconds
2020-03-29T12:59:29.933-0300: 126.809: Total time for which application threads were stopped: 0.0000644 seconds, Stopping threads took: 0.0000146 seconds
2020-03-29T12:59:30.939-0300: 127.814: Application time: 1.0056370 seconds
2020-03-29T12:59:30.939-0300: 127.815: Total time for which application threads were stopped: 0.0001130 seconds, Stopping threads took: 0.0000378 seconds
2020-03-29T12:59:30.941-0300: 127.816: Application time: 0.0017587 seconds
2020-03-29T12:59:30.941-0300: 127.816: Total time for which application threads were stopped: 0.0001045 seconds, Stopping threads took: 0.0000476 seconds
2020-03-29T12:59:31.942-0300: 128.818: Application time: 1.0015530 seconds
2020-03-29T12:59:31.942-0300: 128.818: Total time for which application threads were stopped: 0.0000881 seconds, Stopping threads took: 0.0000195 seconds
2020-03-29T12:59:32.942-0300: 129.818: Application time: 0.9998235 seconds
2020-03-29T12:59:32.942-0300: 129.818: Total time for which application threads were stopped: 0.0000944 seconds, Stopping threads took: 0.0000177 seconds
2020-03-29T12:59:33.946-0300: 130.822: Application time: 1.0042597 seconds
2020-03-29T12:59:33.946-0300: 130.822: Total time for which application threads were stopped: 0.0000943 seconds, Stopping threads took: 0.0000153 seconds
2020-03-29T12:59:34.948-0300: 131.824: Application time: 1.0015829 seconds
2020-03-29T12:59:34.948-0300: 131.824: Total time for which application threads were stopped: 0.0000854 seconds, Stopping threads took: 0.0000284 seconds
2020-03-29T12:59:34.950-0300: 131.826: Application time: 0.0015768 seconds
2020-03-29T12:59:34.950-0300: 131.826: Total time for which application threads were stopped: 0.0000712 seconds, Stopping threads took: 0.0000149 seconds
2020-03-29T12:59:35.952-0300: 132.828: Application time: 1.0024230 seconds
2020-03-29T12:59:35.952-0300: 132.828: Total time for which application threads were stopped: 0.0001154 seconds, Stopping threads took: 0.0000243 seconds
2020-03-29T12:59:36.953-0300: 133.829: Application time: 1.0008380 seconds
2020-03-29T12:59:36.953-0300: 133.829: Total time for which application threads were stopped: 0.0000669 seconds, Stopping threads took: 0.0000147 seconds
2020-03-29T12:59:37.953-0300: 134.829: Application time: 1.0002356 seconds
2020-03-29T12:59:37.954-0300: 134.830: Total time for which application threads were stopped: 0.0002260 seconds, Stopping threads took: 0.0001423 seconds
2020-03-29T12:59:38.957-0300: 135.833: Application time: 1.0033750 seconds
2020-03-29T12:59:38.957-0300: 135.833: Total time for which application threads were stopped: 0.0000833 seconds, Stopping threads took: 0.0000186 seconds
2020-03-29T12:59:39.958-0300: 136.834: Application time: 1.0006378 seconds
2020-03-29T12:59:39.958-0300: 136.834: Total time for which application threads were stopped: 0.0000663 seconds, Stopping threads took: 0.0000143 seconds
2020-03-29T12:59:40.958-0300: 137.834: Application time: 1.0004519 seconds
2020-03-29T12:59:40.958-0300: 137.834: Total time for which application threads were stopped: 0.0000688 seconds, Stopping threads took: 0.0000149 seconds
2020-03-29T12:59:40.959-0300: 137.835: Application time: 0.0011851 seconds
2020-03-29T12:59:40.959-0300: 137.836: Total time for which application threads were stopped: 0.0000712 seconds, Stopping threads took: 0.0000317 seconds
2020-03-29T12:59:41.499-0300: 138.375: Application time: 0.5399053 seconds
2020-03-29T12:59:41.499-0300: 138.375: [GC pause (G1 Evacuation Pause) (young), 0.0633963 secs]
   [Parallel Time: 62.6 ms, GC Workers: 8]
      [GC Worker Start (ms): Min: 138375.6, Avg: 138375.6, Max: 138375.7, Diff: 0.1]
      [Ext Root Scanning (ms): Min: 0.1, Avg: 0.2, Max: 0.3, Diff: 0.1, Sum: 1.6]
      [Update RS (ms): Min: 5.0, Avg: 5.9, Max: 6.5, Diff: 1.4, Sum: 46.9]
         [Processed Buffers: Min: 2, Avg: 4.0, Max: 7, Diff: 5, Sum: 32]
      [Scan RS (ms): Min: 1.1, Avg: 1.6, Max: 2.6, Diff: 1.5, Sum: 12.8]
      [Code Root Scanning (ms): Min: 0.0, Avg: 0.0, Max: 0.0, Diff: 0.0, Sum: 0.1]
      [Object Copy (ms): Min: 54.6, Avg: 54.7, Max: 55.4, Diff: 0.8, Sum: 437.7]
      [Termination (ms): Min: 0.0, Avg: 0.0, Max: 0.0, Diff: 0.0, Sum: 0.2]
         [Termination Attempts: Min: 1, Avg: 46.0, Max: 64, Diff: 63, Sum: 368]
      [GC Worker Other (ms): Min: 0.0, Avg: 0.0, Max: 0.1, Diff: 0.0, Sum: 0.3]
      [GC Worker Total (ms): Min: 62.4, Avg: 62.4, Max: 62.6, Diff: 0.1, Sum: 499.6]
      [GC Worker End (ms): Min: 138438.1, Avg: 138438.1, Max: 138438.1, Diff: 0.0]
   [Code Root Fixup: 0.0 ms]
   [Code Root Purge: 0.0 ms]
   [Clear CT: 0.1 ms]
   [Other: 0.7 ms]
      [Choose CSet: 0.0 ms]
      [Ref Proc: 0.2 ms]
      [Ref Enq: 0.0 ms]
      [Redirty Cards: 0.2 ms]
      [Humongous Register: 0.0 ms]
      [Humongous Reclaim: 0.0 ms]
      [Free CSet: 0.1 ms]
   [Eden: 249.0M(249.0M)->0.0B(249.0M) Survivors: 43.0M->37.0M Heap: 795.5M(1024.0M)->598.0M(1024.0M)]
 [Times: user=0.46 sys=0.01, real=0.07 secs] 
2020-03-29T12:59:41.563-0300: 138.439: Total time for which application threads were stopped: 0.0636029 seconds, Stopping threads took: 0.0000182 seconds
2020-03-29T12:59:41.958-0300: 138.835: Application time: 0.3955666 seconds
2020-03-29T12:59:41.959-0300: 138.835: Total time for which application threads were stopped: 0.0000697 seconds, Stopping threads took: 0.0000145 seconds
2020-03-29T12:59:42.959-0300: 139.836: Application time: 1.0009979 seconds
2020-03-29T12:59:42.960-0300: 139.836: Total time for which application threads were stopped: 0.0000713 seconds, Stopping threads took: 0.0000163 seconds
2020-03-29T12:59:43.960-0300: 140.836: Application time: 1.0000560 seconds
2020-03-29T12:59:43.960-0300: 140.836: Total time for which application threads were stopped: 0.0000804 seconds, Stopping threads took: 0.0000159 seconds
2020-03-29T12:59:44.965-0300: 141.841: Application time: 1.0055466 seconds
2020-03-29T12:59:44.965-0300: 141.842: Total time for which application threads were stopped: 0.0000852 seconds, Stopping threads took: 0.0000183 seconds
2020-03-29T12:59:45.967-0300: 142.843: Application time: 1.0016431 seconds
2020-03-29T12:59:45.967-0300: 142.843: Total time for which application threads were stopped: 0.0001125 seconds, Stopping threads took: 0.0000249 seconds
2020-03-29T12:59:46.968-0300: 143.844: Application time: 1.0007194 seconds
2020-03-29T12:59:46.968-0300: 143.844: Total time for which application threads were stopped: 0.0000861 seconds, Stopping threads took: 0.0000188 seconds
2020-03-29T12:59:47.968-0300: 144.844: Application time: 0.9999034 seconds
2020-03-29T12:59:47.968-0300: 144.844: Total time for which application threads were stopped: 0.0000883 seconds, Stopping threads took: 0.0000193 seconds
2020-03-29T12:59:48.968-0300: 145.844: Application time: 0.9999576 seconds
2020-03-29T12:59:48.968-0300: 145.844: Total time for which application threads were stopped: 0.0000677 seconds, Stopping threads took: 0.0000153 seconds
2020-03-29T12:59:49.968-0300: 146.844: Application time: 0.9999396 seconds
2020-03-29T12:59:49.968-0300: 146.844: Total time for which application threads were stopped: 0.0000671 seconds, Stopping threads took: 0.0000153 seconds
2020-03-29T12:59:50.970-0300: 147.846: Application time: 1.0019750 seconds
2020-03-29T12:59:50.970-0300: 147.846: Total time for which application threads were stopped: 0.0000696 seconds, Stopping threads took: 0.0000143 seconds
2020-03-29T12:59:50.971-0300: 147.847: Application time: 0.0010481 seconds
2020-03-29T12:59:50.971-0300: 147.847: Total time for which application threads were stopped: 0.0000412 seconds, Stopping threads took: 0.0000107 seconds
2020-03-29T12:59:51.975-0300: 148.852: Application time: 1.0045387 seconds
2020-03-29T12:59:51.976-0300: 148.852: Total time for which application threads were stopped: 0.0000869 seconds, Stopping threads took: 0.0000187 seconds
2020-03-29T12:59:52.978-0300: 149.854: Application time: 1.0025756 seconds
2020-03-29T12:59:52.978-0300: 149.855: Total time for which application threads were stopped: 0.0000889 seconds, Stopping threads took: 0.0000202 seconds
2020-03-29T12:59:53.982-0300: 150.858: Application time: 1.0036343 seconds
2020-03-29T12:59:53.982-0300: 150.858: Total time for which application threads were stopped: 0.0000601 seconds, Stopping threads took: 0.0000133 seconds
2020-03-29T12:59:54.198-0300: 151.074: Application time: 0.2157323 seconds
2020-03-29T12:59:54.198-0300: 151.074: [GC pause (G1 Evacuation Pause) (young), 0.0641764 secs]
   [Parallel Time: 63.4 ms, GC Workers: 8]
      [GC Worker Start (ms): Min: 151074.2, Avg: 151074.2, Max: 151074.3, Diff: 0.1]
      [Ext Root Scanning (ms): Min: 0.2, Avg: 0.2, Max: 0.3, Diff: 0.1, Sum: 1.6]
      [Update RS (ms): Min: 5.4, Avg: 6.4, Max: 8.2, Diff: 2.8, Sum: 51.5]
         [Processed Buffers: Min: 2, Avg: 3.8, Max: 6, Diff: 4, Sum: 30]
      [Scan RS (ms): Min: 0.0, Avg: 1.3, Max: 2.2, Diff: 2.2, Sum: 10.4]
      [Code Root Scanning (ms): Min: 0.0, Avg: 0.0, Max: 0.0, Diff: 0.0, Sum: 0.1]
      [Object Copy (ms): Min: 54.0, Avg: 54.7, Max: 55.3, Diff: 1.2, Sum: 437.7]
      [Termination (ms): Min: 0.0, Avg: 0.4, Max: 0.7, Diff: 0.7, Sum: 3.5]
         [Termination Attempts: Min: 1, Avg: 1.0, Max: 1, Diff: 0, Sum: 8]
      [GC Worker Other (ms): Min: 0.0, Avg: 0.0, Max: 0.0, Diff: 0.0, Sum: 0.1]
      [GC Worker Total (ms): Min: 63.0, Avg: 63.1, Max: 63.3, Diff: 0.3, Sum: 504.9]
      [GC Worker End (ms): Min: 151137.3, Avg: 151137.3, Max: 151137.5, Diff: 0.2]
   [Code Root Fixup: 0.0 ms]
   [Code Root Purge: 0.0 ms]
   [Clear CT: 0.2 ms]
   [Other: 0.6 ms]
      [Choose CSet: 0.0 ms]
      [Ref Proc: 0.2 ms]
      [Ref Enq: 0.0 ms]
      [Redirty Cards: 0.2 ms]
      [Humongous Register: 0.0 ms]
      [Humongous Reclaim: 0.0 ms]
      [Free CSet: 0.1 ms]
   [Eden: 249.0M(249.0M)->0.0B(207.0M) Survivors: 37.0M->36.0M Heap: 847.0M(1024.0M)->652.5M(1024.0M)]
 [Times: user=0.45 sys=0.00, real=0.07 secs] 
2020-03-29T12:59:54.262-0300: 151.138: Total time for which application threads were stopped: 0.0644046 seconds, Stopping threads took: 0.0000204 seconds
2020-03-29T12:59:54.984-0300: 151.860: Application time: 0.7217631 seconds
2020-03-29T12:59:54.984-0300: 151.860: Total time for which application threads were stopped: 0.0000657 seconds, Stopping threads took: 0.0000143 seconds
2020-03-29T12:59:55.988-0300: 152.865: Application time: 1.0043411 seconds
2020-03-29T12:59:55.988-0300: 152.865: Total time for which application threads were stopped: 0.0000880 seconds, Stopping threads took: 0.0000191 seconds
2020-03-29T12:59:56.991-0300: 153.868: Application time: 1.0031473 seconds
2020-03-29T12:59:56.992-0300: 153.868: Total time for which application threads were stopped: 0.0000694 seconds, Stopping threads took: 0.0000154 seconds
2020-03-29T12:59:57.994-0300: 154.871: Application time: 1.0027954 seconds
2020-03-29T12:59:57.994-0300: 154.871: Total time for which application threads were stopped: 0.0000953 seconds, Stopping threads took: 0.0000342 seconds
2020-03-29T12:59:57.997-0300: 154.873: Application time: 0.0023698 seconds
2020-03-29T12:59:57.997-0300: 154.873: Total time for which application threads were stopped: 0.0000835 seconds, Stopping threads took: 0.0000174 seconds
2020-03-29T12:59:59.001-0300: 155.877: Application time: 1.0040604 seconds
2020-03-29T12:59:59.001-0300: 155.877: Total time for which application threads were stopped: 0.0000724 seconds, Stopping threads took: 0.0000157 seconds
2020-03-29T13:00:00.002-0300: 156.878: Application time: 1.0011018 seconds
2020-03-29T13:00:00.002-0300: 156.879: Total time for which application threads were stopped: 0.0000700 seconds, Stopping threads took: 0.0000146 seconds
2020-03-29T13:00:00.336-0300: 157.213: Application time: 0.3341021 seconds
2020-03-29T13:00:00.336-0300: 157.213: [GC pause (G1 Humongous Allocation) (young) (initial-mark), 0.0461638 secs]
   [Parallel Time: 45.2 ms, GC Workers: 8]
      [GC Worker Start (ms): Min: 157213.0, Avg: 157213.1, Max: 157213.1, Diff: 0.2]
      [Ext Root Scanning (ms): Min: 0.2, Avg: 0.3, Max: 0.4, Diff: 0.2, Sum: 2.4]
      [Update RS (ms): Min: 2.6, Avg: 4.6, Max: 5.8, Diff: 3.2, Sum: 36.9]
         [Processed Buffers: Min: 4, Avg: 4.5, Max: 7, Diff: 3, Sum: 36]
      [Scan RS (ms): Min: 0.0, Avg: 1.1, Max: 3.1, Diff: 3.1, Sum: 9.0]
      [Code Root Scanning (ms): Min: 0.0, Avg: 0.0, Max: 0.0, Diff: 0.0, Sum: 0.0]
      [Object Copy (ms): Min: 38.8, Avg: 38.9, Max: 39.0, Diff: 0.2, Sum: 311.2]
      [Termination (ms): Min: 0.0, Avg: 0.1, Max: 0.1, Diff: 0.1, Sum: 0.4]
         [Termination Attempts: Min: 1, Avg: 79.5, Max: 112, Diff: 111, Sum: 636]
      [GC Worker Other (ms): Min: 0.0, Avg: 0.0, Max: 0.1, Diff: 0.0, Sum: 0.3]
      [GC Worker Total (ms): Min: 44.9, Avg: 45.0, Max: 45.1, Diff: 0.2, Sum: 360.3]
      [GC Worker End (ms): Min: 157258.1, Avg: 157258.1, Max: 157258.1, Diff: 0.0]
   [Code Root Fixup: 0.0 ms]
   [Code Root Purge: 0.0 ms]
   [Clear CT: 0.2 ms]
   [Other: 0.8 ms]
      [Choose CSet: 0.0 ms]
      [Ref Proc: 0.3 ms]
      [Ref Enq: 0.0 ms]
      [Redirty Cards: 0.2 ms]
      [Humongous Register: 0.0 ms]
      [Humongous Reclaim: 0.0 ms]
      [Free CSet: 0.1 ms]
   [Eden: 111.0M(207.0M)->0.0B(190.0M) Survivors: 36.0M->25.0M Heap: 763.1M(1024.0M)->679.0M(1024.0M)]
 [Times: user=0.35 sys=0.00, real=0.05 secs] 
2020-03-29T13:00:00.383-0300: 157.259: Total time for which application threads were stopped: 0.0464085 seconds, Stopping threads took: 0.0000317 seconds
2020-03-29T13:00:00.383-0300: 157.259: [GC concurrent-root-region-scan-start]
2020-03-29T13:00:00.401-0300: 157.277: [GC concurrent-root-region-scan-end, 0.0179152 secs]
2020-03-29T13:00:00.401-0300: 157.277: [GC concurrent-mark-start]
2020-03-29T13:00:01.002-0300: 157.879: Application time: 0.6194867 seconds
2020-03-29T13:00:01.002-0300: 157.879: Total time for which application threads were stopped: 0.0000643 seconds, Stopping threads took: 0.0000142 seconds
2020-03-29T13:00:01.004-0300: 157.880: Application time: 0.0013475 seconds
2020-03-29T13:00:01.004-0300: 157.880: Total time for which application threads were stopped: 0.0000664 seconds, Stopping threads took: 0.0000270 seconds
2020-03-29T13:00:01.144-0300: 158.021: [GC concurrent-mark-end, 0.7435386 secs]
2020-03-29T13:00:01.144-0300: 158.021: Application time: 0.1405611 seconds
2020-03-29T13:00:01.144-0300: 158.021: [GC remark 2020-03-29T13:00:01.144-0300: 158.021: [Finalize Marking, 0.0002183 secs] 2020-03-29T13:00:01.145-0300: 158.021: [GC ref-proc, 0.0000883 secs] 2020-03-29T13:00:01.145-0300: 158.021: [Unloading, 0.0011058 secs], 0.0038862 secs]
 [Times: user=0.03 sys=0.00, real=0.00 secs] 
2020-03-29T13:00:01.148-0300: 158.025: Total time for which application threads were stopped: 0.0039955 seconds, Stopping threads took: 0.0000187 seconds
2020-03-29T13:00:01.148-0300: 158.025: Application time: 0.0000720 seconds
2020-03-29T13:00:01.148-0300: 158.025: [GC cleanup 733M->733M(1024M), 0.0009887 secs]
 [Times: user=0.00 sys=0.00, real=0.00 secs] 
2020-03-29T13:00:01.149-0300: 158.026: Total time for which application threads were stopped: 0.0010841 seconds, Stopping threads took: 0.0000201 seconds
2020-03-29T13:00:02.005-0300: 158.881: Application time: 0.8552156 seconds
2020-03-29T13:00:02.005-0300: 158.881: Total time for which application threads were stopped: 0.0001129 seconds, Stopping threads took: 0.0000404 seconds
2020-03-29T13:00:03.007-0300: 159.883: Application time: 1.0022131 seconds
2020-03-29T13:00:03.007-0300: 159.883: Total time for which application threads were stopped: 0.0000845 seconds, Stopping threads took: 0.0000179 seconds
2020-03-29T13:00:04.011-0300: 160.888: Application time: 1.0042725 seconds
2020-03-29T13:00:04.011-0300: 160.888: Total time for which application threads were stopped: 0.0000912 seconds, Stopping threads took: 0.0000198 seconds
2020-03-29T13:00:05.013-0300: 161.889: Application time: 1.0015370 seconds
2020-03-29T13:00:05.013-0300: 161.889: Total time for which application threads were stopped: 0.0000739 seconds, Stopping threads took: 0.0000164 seconds
2020-03-29T13:00:06.017-0300: 162.894: Application time: 1.0044305 seconds
2020-03-29T13:00:06.017-0300: 162.894: Total time for which application threads were stopped: 0.0000772 seconds, Stopping threads took: 0.0000174 seconds
2020-03-29T13:00:07.019-0300: 163.895: Application time: 1.0013097 seconds
2020-03-29T13:00:07.019-0300: 163.895: Total time for which application threads were stopped: 0.0000812 seconds, Stopping threads took: 0.0000281 seconds
2020-03-29T13:00:07.021-0300: 163.897: Application time: 0.0021924 seconds
2020-03-29T13:00:07.021-0300: 163.898: Total time for which application threads were stopped: 0.0000706 seconds, Stopping threads took: 0.0000153 seconds
2020-03-29T13:00:08.025-0300: 164.902: Application time: 1.0040780 seconds
2020-03-29T13:00:08.025-0300: 164.902: Total time for which application threads were stopped: 0.0000812 seconds, Stopping threads took: 0.0000155 seconds
2020-03-29T13:00:09.030-0300: 165.906: Application time: 1.0042975 seconds
2020-03-29T13:00:09.030-0300: 165.906: Total time for which application threads were stopped: 0.0000773 seconds, Stopping threads took: 0.0000141 seconds
2020-03-29T13:00:10.010-0300: 166.887: Application time: 0.9806303 seconds
2020-03-29T13:00:10.010-0300: 166.887: [GC pause (G1 Evacuation Pause) (young), 0.0431425 secs]
   [Parallel Time: 42.2 ms, GC Workers: 8]
      [GC Worker Start (ms): Min: 166887.0, Avg: 166887.0, Max: 166887.1, Diff: 0.1]
      [Ext Root Scanning (ms): Min: 0.2, Avg: 0.2, Max: 0.3, Diff: 0.1, Sum: 1.8]
      [Update RS (ms): Min: 3.5, Avg: 4.8, Max: 6.7, Diff: 3.3, Sum: 38.5]
         [Processed Buffers: Min: 5, Avg: 5.5, Max: 7, Diff: 2, Sum: 44]
      [Scan RS (ms): Min: 0.0, Avg: 1.3, Max: 2.6, Diff: 2.6, Sum: 10.8]
      [Code Root Scanning (ms): Min: 0.0, Avg: 0.0, Max: 0.0, Diff: 0.0, Sum: 0.0]
      [Object Copy (ms): Min: 34.9, Avg: 35.5, Max: 35.7, Diff: 0.8, Sum: 283.8]
      [Termination (ms): Min: 0.0, Avg: 0.0, Max: 0.0, Diff: 0.0, Sum: 0.1]
         [Termination Attempts: Min: 1, Avg: 2.2, Max: 3, Diff: 2, Sum: 18]
      [GC Worker Other (ms): Min: 0.1, Avg: 0.1, Max: 0.2, Diff: 0.1, Sum: 0.9]
      [GC Worker Total (ms): Min: 41.9, Avg: 42.0, Max: 42.1, Diff: 0.2, Sum: 336.0]
      [GC Worker End (ms): Min: 166929.0, Avg: 166929.0, Max: 166929.1, Diff: 0.1]
   [Code Root Fixup: 0.0 ms]
   [Code Root Purge: 0.0 ms]
   [Clear CT: 0.2 ms]
   [Other: 0.8 ms]
      [Choose CSet: 0.0 ms]
      [Ref Proc: 0.3 ms]
      [Ref Enq: 0.0 ms]
      [Redirty Cards: 0.2 ms]
      [Humongous Register: 0.1 ms]
      [Humongous Reclaim: 0.0 ms]
      [Free CSet: 0.1 ms]
   [Eden: 190.0M(190.0M)->0.0B(130.0M) Survivors: 25.0M->27.0M Heap: 904.2M(1024.0M)->752.7M(1024.0M)]
 [Times: user=0.32 sys=0.00, real=0.04 secs] 
2020-03-29T13:00:10.059-0300: 166.936: Total time for which application threads were stopped: 0.0488006 seconds, Stopping threads took: 0.0000199 seconds
2020-03-29T13:00:10.074-0300: 166.951: Application time: 0.0149654 seconds
2020-03-29T13:00:10.074-0300: 166.951: Total time for which application threads were stopped: 0.0000816 seconds, Stopping threads took: 0.0000270 seconds
2020-03-29T13:00:11.038-0300: 167.914: Application time: 0.9634900 seconds
2020-03-29T13:00:11.038-0300: 167.914: Total time for which application threads were stopped: 0.0000841 seconds, Stopping threads took: 0.0000178 seconds
2020-03-29T13:00:11.039-0300: 167.916: Application time: 0.0016206 seconds
2020-03-29T13:00:11.039-0300: 167.916: Total time for which application threads were stopped: 0.0000622 seconds, Stopping threads took: 0.0000163 seconds
2020-03-29T13:00:12.038-0300: 168.915: Application time: 0.9990877 seconds
2020-03-29T13:00:12.039-0300: 168.915: Total time for which application threads were stopped: 0.0001053 seconds, Stopping threads took: 0.0000380 seconds
2020-03-29T13:00:13.043-0300: 169.919: Application time: 1.0042858 seconds
2020-03-29T13:00:13.043-0300: 169.919: Total time for which application threads were stopped: 0.0000847 seconds, Stopping threads took: 0.0000186 seconds
2020-03-29T13:00:14.046-0300: 170.922: Application time: 1.0026261 seconds
2020-03-29T13:00:14.046-0300: 170.922: Total time for which application threads were stopped: 0.0000665 seconds, Stopping threads took: 0.0000147 seconds
2020-03-29T13:00:15.048-0300: 171.925: Application time: 1.0027756 seconds
2020-03-29T13:00:15.049-0300: 171.925: Total time for which application threads were stopped: 0.0000889 seconds, Stopping threads took: 0.0000201 seconds
2020-03-29T13:00:16.052-0300: 172.929: Application time: 1.0037873 seconds
2020-03-29T13:00:16.052-0300: 172.929: Total time for which application threads were stopped: 0.0000829 seconds, Stopping threads took: 0.0000184 seconds
2020-03-29T13:00:16.627-0300: 173.503: Application time: 0.5740732 seconds
2020-03-29T13:00:16.627-0300: 173.503: [GC pause (G1 Evacuation Pause) (young), 0.0383357 secs]
   [Parallel Time: 37.7 ms, GC Workers: 8]
      [GC Worker Start (ms): Min: 173503.1, Avg: 173503.2, Max: 173503.3, Diff: 0.2]
      [Ext Root Scanning (ms): Min: 0.1, Avg: 0.2, Max: 0.3, Diff: 0.2, Sum: 1.6]
      [Update RS (ms): Min: 3.4, Avg: 4.4, Max: 5.0, Diff: 1.6, Sum: 35.6]
         [Processed Buffers: Min: 4, Avg: 5.0, Max: 7, Diff: 3, Sum: 40]
      [Scan RS (ms): Min: 0.3, Avg: 0.9, Max: 2.0, Diff: 1.6, Sum: 7.3]
      [Code Root Scanning (ms): Min: 0.0, Avg: 0.0, Max: 0.0, Diff: 0.0, Sum: 0.0]
      [Object Copy (ms): Min: 31.7, Avg: 31.7, Max: 31.8, Diff: 0.1, Sum: 253.8]
      [Termination (ms): Min: 0.0, Avg: 0.0, Max: 0.1, Diff: 0.1, Sum: 0.3]
         [Termination Attempts: Min: 1, Avg: 43.0, Max: 55, Diff: 54, Sum: 344]
      [GC Worker Other (ms): Min: 0.0, Avg: 0.1, Max: 0.2, Diff: 0.2, Sum: 1.1]
      [GC Worker Total (ms): Min: 37.4, Avg: 37.4, Max: 37.5, Diff: 0.2, Sum: 299.6]
      [GC Worker End (ms): Min: 173540.5, Avg: 173540.6, Max: 173540.7, Diff: 0.2]
   [Code Root Fixup: 0.0 ms]
   [Code Root Purge: 0.0 ms]
   [Clear CT: 0.1 ms]
   [Other: 0.5 ms]
      [Choose CSet: 0.0 ms]
      [Ref Proc: 0.1 ms]
      [Ref Enq: 0.0 ms]
      [Redirty Cards: 0.2 ms]
      [Humongous Register: 0.0 ms]
      [Humongous Reclaim: 0.0 ms]
      [Free CSet: 0.1 ms]
   [Eden: 130.0M(130.0M)->0.0B(105.0M) Survivors: 27.0M->20.0M Heap: 882.7M(1024.0M)->783.2M(1024.0M)]
 [Times: user=0.28 sys=0.00, real=0.04 secs] 
2020-03-29T13:00:16.665-0300: 173.542: Total time for which application threads were stopped: 0.0385560 seconds, Stopping threads took: 0.0000172 seconds
2020-03-29T13:00:17.057-0300: 173.933: Application time: 0.3918524 seconds
2020-03-29T13:00:17.057-0300: 173.933: Total time for which application threads were stopped: 0.0000847 seconds, Stopping threads took: 0.0000184 seconds
2020-03-29T13:00:18.060-0300: 174.937: Application time: 1.0031875 seconds
2020-03-29T13:00:18.060-0300: 174.937: Total time for which application threads were stopped: 0.0000844 seconds, Stopping threads took: 0.0000178 seconds
2020-03-29T13:00:19.061-0300: 175.937: Application time: 1.0007231 seconds
2020-03-29T13:00:19.061-0300: 175.938: Total time for which application threads were stopped: 0.0000640 seconds, Stopping threads took: 0.0000135 seconds
2020-03-29T13:00:20.066-0300: 176.943: Application time: 1.0050665 seconds
2020-03-29T13:00:20.066-0300: 176.943: Total time for which application threads were stopped: 0.0001170 seconds, Stopping threads took: 0.0000414 seconds
2020-03-29T13:00:21.067-0300: 177.943: Application time: 1.0004088 seconds
2020-03-29T13:00:21.067-0300: 177.943: Total time for which application threads were stopped: 0.0001228 seconds, Stopping threads took: 0.0000250 seconds
2020-03-29T13:00:21.068-0300: 177.945: Application time: 0.0016755 seconds
2020-03-29T13:00:21.069-0300: 177.945: Total time for which application threads were stopped: 0.0000614 seconds, Stopping threads took: 0.0000141 seconds
2020-03-29T13:00:22.069-0300: 178.945: Application time: 1.0004765 seconds
2020-03-29T13:00:22.069-0300: 178.946: Total time for which application threads were stopped: 0.0001090 seconds, Stopping threads took: 0.0000418 seconds
2020-03-29T13:00:22.233-0300: 179.110: Application time: 0.1640379 seconds
2020-03-29T13:00:22.233-0300: 179.110: [GC pause (G1 Evacuation Pause) (young) (initial-mark), 0.0371632 secs]
   [Parallel Time: 36.5 ms, GC Workers: 8]
      [GC Worker Start (ms): Min: 179109.8, Avg: 179109.9, Max: 179110.0, Diff: 0.2]
      [Ext Root Scanning (ms): Min: 0.2, Avg: 0.3, Max: 0.4, Diff: 0.2, Sum: 2.4]
      [Update RS (ms): Min: 2.8, Avg: 4.8, Max: 5.6, Diff: 2.8, Sum: 38.3]
         [Processed Buffers: Min: 5, Avg: 5.2, Max: 7, Diff: 2, Sum: 42]
      [Scan RS (ms): Min: 0.0, Avg: 0.4, Max: 2.3, Diff: 2.3, Sum: 3.5]
      [Code Root Scanning (ms): Min: 0.0, Avg: 0.0, Max: 0.0, Diff: 0.0, Sum: 0.0]
      [Object Copy (ms): Min: 30.2, Avg: 30.6, Max: 30.8, Diff: 0.6, Sum: 245.2]
      [Termination (ms): Min: 0.0, Avg: 0.0, Max: 0.1, Diff: 0.1, Sum: 0.3]
         [Termination Attempts: Min: 1, Avg: 46.5, Max: 58, Diff: 57, Sum: 372]
      [GC Worker Other (ms): Min: 0.0, Avg: 0.0, Max: 0.1, Diff: 0.1, Sum: 0.3]
      [GC Worker Total (ms): Min: 36.2, Avg: 36.3, Max: 36.3, Diff: 0.2, Sum: 290.0]
      [GC Worker End (ms): Min: 179146.2, Avg: 179146.2, Max: 179146.2, Diff: 0.1]
   [Code Root Fixup: 0.0 ms]
   [Code Root Purge: 0.0 ms]
   [Clear CT: 0.1 ms]
   [Other: 0.6 ms]
      [Choose CSet: 0.0 ms]
      [Ref Proc: 0.1 ms]
      [Ref Enq: 0.0 ms]
      [Redirty Cards: 0.2 ms]
      [Humongous Register: 0.0 ms]
      [Humongous Reclaim: 0.0 ms]
      [Free CSet: 0.1 ms]
   [Eden: 105.0M(105.0M)->0.0B(88.0M) Survivors: 20.0M->16.0M Heap: 888.2M(1024.0M)->806.7M(1024.0M)]
 [Times: user=0.27 sys=0.00, real=0.04 secs] 
2020-03-29T13:00:22.271-0300: 179.147: Total time for which application threads were stopped: 0.0374378 seconds, Stopping threads took: 0.0000239 seconds
2020-03-29T13:00:22.271-0300: 179.147: [GC concurrent-root-region-scan-start]
2020-03-29T13:00:22.282-0300: 179.158: [GC concurrent-root-region-scan-end, 0.0110606 secs]
2020-03-29T13:00:22.282-0300: 179.158: [GC concurrent-mark-start]
2020-03-29T13:00:22.597-0300: 179.474: [GC concurrent-mark-reset-for-overflow]
2020-03-29T13:00:23.068-0300: 179.945: Application time: 0.7977909 seconds
2020-03-29T13:00:23.068-0300: 179.945: Total time for which application threads were stopped: 0.0000530 seconds, Stopping threads took: 0.0000129 seconds
2020-03-29T13:00:23.115-0300: 179.991: [GC concurrent-mark-end, 0.8331944 secs]
2020-03-29T13:00:23.115-0300: 179.991: Application time: 0.0465612 seconds
2020-03-29T13:00:23.115-0300: 179.992: [GC remark 2020-03-29T13:00:23.115-0300: 179.992: [Finalize Marking, 0.0002574 secs] 2020-03-29T13:00:23.115-0300: 179.992: [GC ref-proc, 0.0001009 secs] 2020-03-29T13:00:23.116-0300: 179.992: [Unloading, 0.0010459 secs], 0.0038191 secs]
 [Times: user=0.02 sys=0.00, real=0.00 secs] 
2020-03-29T13:00:23.119-0300: 179.995: Total time for which application threads were stopped: 0.0040112 seconds, Stopping threads took: 0.0000285 seconds
2020-03-29T13:00:23.119-0300: 179.996: Application time: 0.0000297 seconds
2020-03-29T13:00:23.119-0300: 179.996: [GC cleanup 820M->797M(1024M), 0.0012740 secs]
 [Times: user=0.00 sys=0.00, real=0.01 secs] 
2020-03-29T13:00:23.121-0300: 179.997: Total time for which application threads were stopped: 0.0014355 seconds, Stopping threads took: 0.0000357 seconds
2020-03-29T13:00:23.121-0300: 179.997: [GC concurrent-cleanup-start]
2020-03-29T13:00:23.121-0300: 179.997: [GC concurrent-cleanup-end, 0.0000132 secs]
2020-03-29T13:00:24.069-0300: 180.946: Application time: 0.9488200 seconds
2020-03-29T13:00:24.069-0300: 180.946: Total time for which application threads were stopped: 0.0000859 seconds, Stopping threads took: 0.0000187 seconds
2020-03-29T13:00:25.074-0300: 181.950: Application time: 1.0044478 seconds
2020-03-29T13:00:25.074-0300: 181.950: Total time for which application threads were stopped: 0.0000670 seconds, Stopping threads took: 0.0000153 seconds
2020-03-29T13:00:26.077-0300: 182.953: Application time: 1.0030036 seconds
2020-03-29T13:00:26.077-0300: 182.953: Total time for which application threads were stopped: 0.0000804 seconds, Stopping threads took: 0.0000304 seconds
2020-03-29T13:00:26.819-0300: 183.695: Application time: 0.7418515 seconds
2020-03-29T13:00:26.819-0300: 183.695: [GC pause (G1 Evacuation Pause) (young), 0.0266000 secs]
   [Parallel Time: 26.0 ms, GC Workers: 8]
      [GC Worker Start (ms): Min: 183695.5, Avg: 183695.5, Max: 183695.6, Diff: 0.2]
      [Ext Root Scanning (ms): Min: 0.1, Avg: 0.2, Max: 0.3, Diff: 0.2, Sum: 1.7]
      [Update RS (ms): Min: 3.0, Avg: 4.6, Max: 5.7, Diff: 2.7, Sum: 37.1]
         [Processed Buffers: Min: 5, Avg: 5.5, Max: 7, Diff: 2, Sum: 44]
      [Scan RS (ms): Min: 0.0, Avg: 0.5, Max: 1.5, Diff: 1.5, Sum: 3.7]
      [Code Root Scanning (ms): Min: 0.0, Avg: 0.0, Max: 0.0, Diff: 0.0, Sum: 0.0]
      [Object Copy (ms): Min: 19.1, Avg: 19.8, Max: 20.9, Diff: 1.8, Sum: 158.7]
      [Termination (ms): Min: 0.0, Avg: 0.6, Max: 0.8, Diff: 0.8, Sum: 5.1]
         [Termination Attempts: Min: 1, Avg: 1.4, Max: 2, Diff: 1, Sum: 11]
      [GC Worker Other (ms): Min: 0.0, Avg: 0.0, Max: 0.0, Diff: 0.0, Sum: 0.1]
      [GC Worker Total (ms): Min: 25.7, Avg: 25.8, Max: 25.9, Diff: 0.2, Sum: 206.3]
      [GC Worker End (ms): Min: 183721.3, Avg: 183721.3, Max: 183721.4, Diff: 0.1]
   [Code Root Fixup: 0.0 ms]
   [Code Root Purge: 0.0 ms]
   [Clear CT: 0.1 ms]
   [Other: 0.5 ms]
      [Choose CSet: 0.0 ms]
      [Ref Proc: 0.2 ms]
      [Ref Enq: 0.0 ms]
      [Redirty Cards: 0.1 ms]
      [Humongous Register: 0.0 ms]
      [Humongous Reclaim: 0.0 ms]
      [Free CSet: 0.1 ms]
   [Eden: 88.0M(88.0M)->0.0B(90.0M) Survivors: 16.0M->13.0M Heap: 871.2M(1024.0M)->804.7M(1024.0M)]
 [Times: user=0.19 sys=0.01, real=0.03 secs] 
2020-03-29T13:00:26.846-0300: 183.722: Total time for which application threads were stopped: 0.0268140 seconds, Stopping threads took: 0.0000207 seconds
2020-03-29T13:00:27.079-0300: 183.956: Application time: 0.2334503 seconds
2020-03-29T13:00:27.079-0300: 183.956: Total time for which application threads were stopped: 0.0000709 seconds, Stopping threads took: 0.0000154 seconds
2020-03-29T13:00:28.083-0300: 184.959: Application time: 1.0033399 seconds
2020-03-29T13:00:28.083-0300: 184.959: Total time for which application threads were stopped: 0.0000900 seconds, Stopping threads took: 0.0000206 seconds
2020-03-29T13:00:29.087-0300: 185.963: Application time: 1.0039189 seconds
2020-03-29T13:00:29.087-0300: 185.963: Total time for which application threads were stopped: 0.0000840 seconds, Stopping threads took: 0.0000179 seconds
2020-03-29T13:00:30.089-0300: 186.966: Application time: 1.0026335 seconds
2020-03-29T13:00:30.089-0300: 186.966: Total time for which application threads were stopped: 0.0000678 seconds, Stopping threads took: 0.0000155 seconds
2020-03-29T13:00:31.089-0300: 187.966: Application time: 0.9997497 seconds
2020-03-29T13:00:31.089-0300: 187.966: Total time for which application threads were stopped: 0.0000690 seconds, Stopping threads took: 0.0000150 seconds
2020-03-29T13:00:31.090-0300: 187.967: Application time: 0.0011790 seconds
2020-03-29T13:00:31.090-0300: 187.967: Total time for which application threads were stopped: 0.0000484 seconds, Stopping threads took: 0.0000133 seconds
2020-03-29T13:00:31.399-0300: 188.275: Application time: 0.3082071 seconds
2020-03-29T13:00:31.399-0300: 188.275: [GC pause (G1 Evacuation Pause) (young), 0.0315804 secs]
   [Parallel Time: 30.5 ms, GC Workers: 8]
      [GC Worker Start (ms): Min: 188275.2, Avg: 188275.3, Max: 188275.3, Diff: 0.1]
      [Ext Root Scanning (ms): Min: 0.2, Avg: 0.5, Max: 2.3, Diff: 2.1, Sum: 3.8]
      [Update RS (ms): Min: 2.6, Avg: 4.9, Max: 6.7, Diff: 4.0, Sum: 39.3]
         [Processed Buffers: Min: 4, Avg: 5.9, Max: 8, Diff: 4, Sum: 47]
      [Scan RS (ms): Min: 0.0, Avg: 0.3, Max: 1.8, Diff: 1.8, Sum: 2.5]
      [Code Root Scanning (ms): Min: 0.0, Avg: 0.0, Max: 0.0, Diff: 0.0, Sum: 0.0]
      [Object Copy (ms): Min: 23.3, Avg: 24.5, Max: 25.0, Diff: 1.7, Sum: 196.4]
      [Termination (ms): Min: 0.0, Avg: 0.0, Max: 0.1, Diff: 0.1, Sum: 0.4]
         [Termination Attempts: Min: 1, Avg: 62.6, Max: 95, Diff: 94, Sum: 501]
      [GC Worker Other (ms): Min: 0.0, Avg: 0.1, Max: 0.1, Diff: 0.1, Sum: 0.4]
      [GC Worker Total (ms): Min: 30.3, Avg: 30.4, Max: 30.5, Diff: 0.2, Sum: 242.8]
      [GC Worker End (ms): Min: 188305.6, Avg: 188305.6, Max: 188305.7, Diff: 0.1]
   [Code Root Fixup: 0.0 ms]
   [Code Root Purge: 0.0 ms]
   [Clear CT: 0.2 ms]
   [Other: 0.9 ms]
      [Choose CSet: 0.0 ms]
      [Ref Proc: 0.6 ms]
      [Ref Enq: 0.0 ms]
      [Redirty Cards: 0.1 ms]
      [Humongous Register: 0.0 ms]
      [Humongous Reclaim: 0.0 ms]
      [Free CSet: 0.1 ms]
   [Eden: 90.0M(90.0M)->0.0B(73.0M) Survivors: 13.0M->13.0M Heap: 894.7M(1024.0M)->825.7M(1024.0M)]
 [Times: user=0.21 sys=0.00, real=0.04 secs] 
2020-03-29T13:00:31.430-0300: 188.307: Total time for which application threads were stopped: 0.0317930 seconds, Stopping threads took: 0.0000193 seconds
2020-03-29T13:00:32.090-0300: 188.966: Application time: 0.6591442 seconds
2020-03-29T13:00:32.090-0300: 188.966: Total time for which application threads were stopped: 0.0000699 seconds, Stopping threads took: 0.0000167 seconds
2020-03-29T13:00:33.091-0300: 189.967: Application time: 1.0009056 seconds
2020-03-29T13:00:33.091-0300: 189.967: Total time for which application threads were stopped: 0.0000711 seconds, Stopping threads took: 0.0000156 seconds
2020-03-29T13:00:34.091-0300: 190.967: Application time: 1.0001327 seconds
2020-03-29T13:00:34.091-0300: 190.967: Total time for which application threads were stopped: 0.0000699 seconds, Stopping threads took: 0.0000151 seconds
2020-03-29T13:00:35.094-0300: 191.971: Application time: 1.0033885 seconds
2020-03-29T13:00:35.094-0300: 191.971: Total time for which application threads were stopped: 0.0000726 seconds, Stopping threads took: 0.0000166 seconds
2020-03-29T13:00:35.479-0300: 192.355: Application time: 0.3846026 seconds
2020-03-29T13:00:35.479-0300: 192.355: [GC pause (G1 Evacuation Pause) (young) (initial-mark), 0.0244738 secs]
   [Parallel Time: 23.0 ms, GC Workers: 8]
      [GC Worker Start (ms): Min: 192355.5, Avg: 192355.6, Max: 192355.6, Diff: 0.1]
      [Ext Root Scanning (ms): Min: 0.2, Avg: 0.2, Max: 0.3, Diff: 0.1, Sum: 1.8]
      [Update RS (ms): Min: 3.2, Avg: 4.6, Max: 5.6, Diff: 2.4, Sum: 36.8]
         [Processed Buffers: Min: 5, Avg: 6.1, Max: 9, Diff: 4, Sum: 49]
      [Scan RS (ms): Min: 0.0, Avg: 0.3, Max: 0.9, Diff: 0.9, Sum: 2.7]
      [Code Root Scanning (ms): Min: 0.0, Avg: 0.0, Max: 0.0, Diff: 0.0, Sum: 0.0]
      [Object Copy (ms): Min: 15.6, Avg: 16.7, Max: 18.4, Diff: 2.8, Sum: 133.7]
      [Termination (ms): Min: 0.0, Avg: 0.9, Max: 1.4, Diff: 1.4, Sum: 7.5]
         [Termination Attempts: Min: 1, Avg: 9.6, Max: 15, Diff: 14, Sum: 77]
      [GC Worker Other (ms): Min: 0.0, Avg: 0.0, Max: 0.0, Diff: 0.0, Sum: 0.1]
      [GC Worker Total (ms): Min: 22.7, Avg: 22.8, Max: 22.9, Diff: 0.3, Sum: 182.5]
      [GC Worker End (ms): Min: 192378.3, Avg: 192378.4, Max: 192378.5, Diff: 0.1]
   [Code Root Fixup: 0.0 ms]
   [Code Root Purge: 0.0 ms]
   [Clear CT: 0.1 ms]
   [Other: 1.4 ms]
      [Choose CSet: 0.0 ms]
      [Ref Proc: 1.0 ms]
      [Ref Enq: 0.0 ms]
      [Redirty Cards: 0.1 ms]
      [Humongous Register: 0.0 ms]
      [Humongous Reclaim: 0.0 ms]
      [Free CSet: 0.1 ms]
   [Eden: 73.0M(73.0M)->0.0B(60.0M) Survivors: 13.0M->11.0M Heap: 898.7M(1024.0M)->842.2M(1024.0M)]
 [Times: user=0.17 sys=0.00, real=0.03 secs] 
2020-03-29T13:00:35.504-0300: 192.380: Total time for which application threads were stopped: 0.0246867 seconds, Stopping threads took: 0.0000206 seconds
2020-03-29T13:00:35.504-0300: 192.380: [GC concurrent-root-region-scan-start]
2020-03-29T13:00:35.512-0300: 192.388: [GC concurrent-root-region-scan-end, 0.0079142 secs]
2020-03-29T13:00:35.512-0300: 192.388: [GC concurrent-mark-start]
2020-03-29T13:00:35.856-0300: 192.732: [GC concurrent-mark-reset-for-overflow]
2020-03-29T13:00:36.097-0300: 192.974: Application time: 0.5938343 seconds
2020-03-29T13:00:36.098-0300: 192.974: Total time for which application threads were stopped: 0.0000541 seconds, Stopping threads took: 0.0000122 seconds
2020-03-29T13:00:36.418-0300: 193.295: [GC concurrent-mark-end, 0.9065924 secs]
2020-03-29T13:00:36.418-0300: 193.295: Application time: 0.3207798 seconds
2020-03-29T13:00:36.418-0300: 193.295: [GC remark 2020-03-29T13:00:36.418-0300: 193.295: [Finalize Marking, 0.0002423 secs] 2020-03-29T13:00:36.419-0300: 193.295: [GC ref-proc, 0.0000795 secs] 2020-03-29T13:00:36.419-0300: 193.295: [Unloading, 0.0010326 secs], 0.0038962 secs]
 [Times: user=0.03 sys=0.00, real=0.01 secs] 
2020-03-29T13:00:36.422-0300: 193.299: Total time for which application threads were stopped: 0.0040676 seconds, Stopping threads took: 0.0000466 seconds
2020-03-29T13:00:36.422-0300: 193.299: Application time: 0.0000302 seconds
2020-03-29T13:00:36.422-0300: 193.299: [GC cleanup 859M->859M(1024M), 0.0010923 secs]
 [Times: user=0.00 sys=0.00, real=0.00 secs] 
2020-03-29T13:00:36.424-0300: 193.300: Total time for which application threads were stopped: 0.0012296 seconds, Stopping threads took: 0.0000359 seconds
2020-03-29T13:00:37.103-0300: 193.979: Application time: 0.6790261 seconds
2020-03-29T13:00:37.103-0300: 193.979: Total time for which application threads were stopped: 0.0000678 seconds, Stopping threads took: 0.0000166 seconds
2020-03-29T13:00:38.105-0300: 194.982: Application time: 1.0027761 seconds
2020-03-29T13:00:38.106-0300: 194.982: Total time for which application threads were stopped: 0.0000640 seconds, Stopping threads took: 0.0000154 seconds
2020-03-29T13:00:38.539-0300: 195.415: Application time: 0.4335099 seconds
2020-03-29T13:00:38.539-0300: 195.416: [GC pause (G1 Evacuation Pause) (young), 0.0191640 secs]
   [Parallel Time: 17.6 ms, GC Workers: 8]
      [GC Worker Start (ms): Min: 195415.6, Avg: 195415.7, Max: 195415.8, Diff: 0.1]
      [Ext Root Scanning (ms): Min: 0.2, Avg: 0.2, Max: 0.3, Diff: 0.1, Sum: 1.8]
      [Update RS (ms): Min: 3.3, Avg: 4.6, Max: 6.4, Diff: 3.1, Sum: 36.9]
         [Processed Buffers: Min: 5, Avg: 6.5, Max: 8, Diff: 3, Sum: 52]
      [Scan RS (ms): Min: 0.0, Avg: 0.3, Max: 0.6, Diff: 0.6, Sum: 2.1]
      [Code Root Scanning (ms): Min: 0.0, Avg: 0.0, Max: 0.0, Diff: 0.0, Sum: 0.0]
      [Object Copy (ms): Min: 10.8, Avg: 12.3, Max: 13.4, Diff: 2.6, Sum: 98.8]
      [Termination (ms): Min: 0.0, Avg: 0.0, Max: 0.0, Diff: 0.0, Sum: 0.1]
         [Termination Attempts: Min: 1, Avg: 1.0, Max: 1, Diff: 0, Sum: 8]
      [GC Worker Other (ms): Min: 0.0, Avg: 0.0, Max: 0.0, Diff: 0.0, Sum: 0.1]
      [GC Worker Total (ms): Min: 17.4, Avg: 17.5, Max: 17.6, Diff: 0.1, Sum: 139.9]
      [GC Worker End (ms): Min: 195433.2, Avg: 195433.2, Max: 195433.2, Diff: 0.0]
   [Code Root Fixup: 0.0 ms]
   [Code Root Purge: 0.0 ms]
   [Clear CT: 0.2 ms]
   [Other: 1.4 ms]
      [Choose CSet: 0.0 ms]
      [Ref Proc: 1.0 ms]
      [Ref Enq: 0.0 ms]
      [Redirty Cards: 0.1 ms]
      [Humongous Register: 0.0 ms]
      [Humongous Reclaim: 0.0 ms]
      [Free CSet: 0.1 ms]
   [Eden: 60.0M(60.0M)->0.0B(42.0M) Survivors: 11.0M->9216.0K Heap: 902.2M(1024.0M)->856.7M(1024.0M)]
 [Times: user=0.14 sys=0.00, real=0.02 secs] 
2020-03-29T13:00:38.558-0300: 195.435: Total time for which application threads were stopped: 0.0194039 seconds, Stopping threads took: 0.0000215 seconds
2020-03-29T13:00:39.107-0300: 195.983: Application time: 0.5484428 seconds
2020-03-29T13:00:39.107-0300: 195.983: Total time for which application threads were stopped: 0.0001058 seconds, Stopping threads took: 0.0000194 seconds
2020-03-29T13:00:40.110-0300: 196.986: Application time: 1.0029584 seconds
2020-03-29T13:00:40.110-0300: 196.986: Total time for which application threads were stopped: 0.0000907 seconds, Stopping threads took: 0.0000222 seconds
2020-03-29T13:00:40.581-0300: 197.457: Application time: 0.4706684 seconds
2020-03-29T13:00:40.581-0300: 197.457: [GC pause (G1 Evacuation Pause) (mixed), 0.0190224 secs]
   [Parallel Time: 18.4 ms, GC Workers: 8]
      [GC Worker Start (ms): Min: 197457.3, Avg: 197457.4, Max: 197457.5, Diff: 0.1]
      [Ext Root Scanning (ms): Min: 0.1, Avg: 0.2, Max: 0.3, Diff: 0.2, Sum: 1.6]
      [Update RS (ms): Min: 3.6, Avg: 4.4, Max: 6.4, Diff: 2.7, Sum: 35.5]
         [Processed Buffers: Min: 6, Avg: 7.0, Max: 9, Diff: 3, Sum: 56]
      [Scan RS (ms): Min: 0.0, Avg: 0.1, Max: 0.2, Diff: 0.2, Sum: 0.4]
      [Code Root Scanning (ms): Min: 0.0, Avg: 0.0, Max: 0.0, Diff: 0.0, Sum: 0.0]
      [Object Copy (ms): Min: 11.5, Avg: 13.4, Max: 14.2, Diff: 2.6, Sum: 107.6]
      [Termination (ms): Min: 0.0, Avg: 0.0, Max: 0.0, Diff: 0.0, Sum: 0.1]
         [Termination Attempts: Min: 1, Avg: 19.9, Max: 31, Diff: 30, Sum: 159]
      [GC Worker Other (ms): Min: 0.0, Avg: 0.0, Max: 0.0, Diff: 0.0, Sum: 0.1]
      [GC Worker Total (ms): Min: 18.1, Avg: 18.2, Max: 18.3, Diff: 0.1, Sum: 145.4]
      [GC Worker End (ms): Min: 197475.6, Avg: 197475.6, Max: 197475.6, Diff: 0.0]
   [Code Root Fixup: 0.0 ms]
   [Code Root Purge: 0.0 ms]
   [Clear CT: 0.1 ms]
   [Other: 0.5 ms]
      [Choose CSet: 0.0 ms]
      [Ref Proc: 0.2 ms]
      [Ref Enq: 0.0 ms]
      [Redirty Cards: 0.2 ms]
      [Humongous Register: 0.0 ms]
      [Humongous Reclaim: 0.0 ms]
      [Free CSet: 0.0 ms]
   [Eden: 42.0M(42.0M)->0.0B(44.0M) Survivors: 9216.0K->7168.0K Heap: 898.7M(1024.0M)->867.2M(1024.0M)]
 [Times: user=0.14 sys=0.01, real=0.02 secs] 
2020-03-29T13:00:40.600-0300: 197.476: Total time for which application threads were stopped: 0.0192583 seconds, Stopping threads took: 0.0000340 seconds
2020-03-29T13:00:41.108-0300: 197.985: Application time: 0.5082103 seconds
2020-03-29T13:00:41.108-0300: 197.985: Total time for which application threads were stopped: 0.0000635 seconds, Stopping threads took: 0.0000143 seconds
2020-03-29T13:00:41.109-0300: 197.986: Application time: 0.0010419 seconds
2020-03-29T13:00:41.109-0300: 197.986: Total time for which application threads were stopped: 0.0000461 seconds, Stopping threads took: 0.0000119 seconds
2020-03-29T13:00:42.111-0300: 198.988: Application time: 1.0018547 seconds
2020-03-29T13:00:42.111-0300: 198.988: Total time for which application threads were stopped: 0.0000671 seconds, Stopping threads took: 0.0000143 seconds
2020-03-29T13:00:43.112-0300: 199.988: Application time: 1.0003589 seconds
2020-03-29T13:00:43.112-0300: 199.988: Total time for which application threads were stopped: 0.0000906 seconds, Stopping threads took: 0.0000245 seconds
2020-03-29T13:00:43.128-0300: 200.005: Application time: 0.0165989 seconds
2020-03-29T13:00:43.128-0300: 200.005: [GC pause (G1 Evacuation Pause) (young), 0.0178427 secs]
   [Parallel Time: 17.2 ms, GC Workers: 8]
      [GC Worker Start (ms): Min: 200004.9, Avg: 200005.0, Max: 200005.1, Diff: 0.2]
      [Ext Root Scanning (ms): Min: 0.2, Avg: 0.2, Max: 0.3, Diff: 0.2, Sum: 2.0]
      [Update RS (ms): Min: 4.2, Avg: 5.1, Max: 7.2, Diff: 3.0, Sum: 41.1]
         [Processed Buffers: Min: 6, Avg: 7.6, Max: 8, Diff: 2, Sum: 61]
      [Scan RS (ms): Min: 0.0, Avg: 0.1, Max: 0.2, Diff: 0.2, Sum: 0.6]
      [Code Root Scanning (ms): Min: 0.0, Avg: 0.0, Max: 0.0, Diff: 0.0, Sum: 0.0]
      [Object Copy (ms): Min: 9.4, Avg: 11.4, Max: 12.3, Diff: 2.8, Sum: 91.5]
      [Termination (ms): Min: 0.0, Avg: 0.0, Max: 0.0, Diff: 0.0, Sum: 0.1]
         [Termination Attempts: Min: 1, Avg: 7.4, Max: 12, Diff: 11, Sum: 59]
      [GC Worker Other (ms): Min: 0.0, Avg: 0.0, Max: 0.0, Diff: 0.0, Sum: 0.1]
      [GC Worker Total (ms): Min: 16.9, Avg: 16.9, Max: 17.0, Diff: 0.2, Sum: 135.5]
      [GC Worker End (ms): Min: 200022.0, Avg: 200022.0, Max: 200022.0, Diff: 0.0]
   [Code Root Fixup: 0.0 ms]
   [Code Root Purge: 0.0 ms]
   [Clear CT: 0.1 ms]
   [Other: 0.5 ms]
      [Choose CSet: 0.0 ms]
      [Ref Proc: 0.3 ms]
      [Ref Enq: 0.0 ms]
      [Redirty Cards: 0.1 ms]
      [Humongous Register: 0.0 ms]
      [Humongous Reclaim: 0.0 ms]
      [Free CSet: 0.0 ms]
   [Eden: 44.0M(44.0M)->0.0B(44.0M) Survivors: 7168.0K->7168.0K Heap: 911.2M(1024.0M)->876.2M(1024.0M)]
 [Times: user=0.13 sys=0.00, real=0.02 secs] 
2020-03-29T13:00:43.146-0300: 200.023: Total time for which application threads were stopped: 0.0180617 seconds, Stopping threads took: 0.0000206 seconds
2020-03-29T13:00:44.115-0300: 200.992: Application time: 0.9690151 seconds
2020-03-29T13:00:44.116-0300: 200.992: Total time for which application threads were stopped: 0.0000650 seconds, Stopping threads took: 0.0000135 seconds
2020-03-29T13:00:45.117-0300: 201.994: Application time: 1.0018801 seconds
2020-03-29T13:00:45.118-0300: 201.994: Total time for which application threads were stopped: 0.0000814 seconds, Stopping threads took: 0.0000340 seconds
2020-03-29T13:00:45.119-0300: 201.995: Application time: 0.0013340 seconds
2020-03-29T13:00:45.119-0300: 201.995: Total time for which application threads were stopped: 0.0000586 seconds, Stopping threads took: 0.0000104 seconds
2020-03-29T13:00:45.172-0300: 202.049: Application time: 0.0534375 seconds
2020-03-29T13:00:45.172-0300: 202.049: [GC pause (G1 Evacuation Pause) (young) (initial-mark), 0.0203487 secs]
   [Parallel Time: 18.9 ms, GC Workers: 8]
      [GC Worker Start (ms): Min: 202048.9, Avg: 202049.0, Max: 202049.0, Diff: 0.1]
      [Ext Root Scanning (ms): Min: 0.2, Avg: 0.2, Max: 0.3, Diff: 0.1, Sum: 1.9]
      [Update RS (ms): Min: 5.0, Avg: 6.0, Max: 8.3, Diff: 3.3, Sum: 47.6]
         [Processed Buffers: Min: 8, Avg: 9.4, Max: 11, Diff: 3, Sum: 75]
      [Scan RS (ms): Min: 0.0, Avg: 0.0, Max: 0.0, Diff: 0.0, Sum: 0.0]
      [Code Root Scanning (ms): Min: 0.0, Avg: 0.0, Max: 0.0, Diff: 0.0, Sum: 0.0]
      [Object Copy (ms): Min: 10.1, Avg: 12.4, Max: 13.3, Diff: 3.3, Sum: 99.3]
      [Termination (ms): Min: 0.0, Avg: 0.0, Max: 0.0, Diff: 0.0, Sum: 0.1]
         [Termination Attempts: Min: 1, Avg: 11.8, Max: 18, Diff: 17, Sum: 94]
      [GC Worker Other (ms): Min: 0.0, Avg: 0.0, Max: 0.1, Diff: 0.0, Sum: 0.2]
      [GC Worker Total (ms): Min: 18.6, Avg: 18.6, Max: 18.7, Diff: 0.1, Sum: 149.1]
      [GC Worker End (ms): Min: 202067.6, Avg: 202067.6, Max: 202067.6, Diff: 0.0]
   [Code Root Fixup: 0.0 ms]
   [Code Root Purge: 0.0 ms]
   [Clear CT: 0.1 ms]
   [Other: 1.3 ms]
      [Choose CSet: 0.0 ms]
      [Ref Proc: 1.0 ms]
      [Ref Enq: 0.0 ms]
      [Redirty Cards: 0.1 ms]
      [Humongous Register: 0.0 ms]
      [Humongous Reclaim: 0.0 ms]
      [Free CSet: 0.0 ms]
   [Eden: 44.0M(44.0M)->0.0B(44.0M) Survivors: 7168.0K->7168.0K Heap: 920.2M(1024.0M)->888.7M(1024.0M)]
 [Times: user=0.14 sys=0.00, real=0.02 secs] 
2020-03-29T13:00:45.193-0300: 202.069: Total time for which application threads were stopped: 0.0205695 seconds, Stopping threads took: 0.0000196 seconds
2020-03-29T13:00:45.193-0300: 202.069: [GC concurrent-root-region-scan-start]
2020-03-29T13:00:45.196-0300: 202.073: [GC concurrent-root-region-scan-end, 0.0034029 secs]
2020-03-29T13:00:45.196-0300: 202.073: [GC concurrent-mark-start]
2020-03-29T13:00:45.565-0300: 202.441: [GC concurrent-mark-reset-for-overflow]
2020-03-29T13:00:46.122-0300: 202.998: Application time: 0.9291887 seconds
2020-03-29T13:00:46.122-0300: 202.999: Total time for which application threads were stopped: 0.0000557 seconds, Stopping threads took: 0.0000132 seconds
2020-03-29T13:00:46.158-0300: 203.035: [GC concurrent-mark-end, 0.9620231 secs]
2020-03-29T13:00:46.159-0300: 203.035: Application time: 0.0365874 seconds
2020-03-29T13:00:46.159-0300: 203.035: [GC remark 2020-03-29T13:00:46.159-0300: 203.035: [Finalize Marking, 0.0007628 secs] 2020-03-29T13:00:46.160-0300: 203.036: [GC ref-proc, 0.0002172 secs] 2020-03-29T13:00:46.160-0300: 203.036: [Unloading, 0.0014456 secs], 0.0051466 secs]
 [Times: user=0.03 sys=0.00, real=0.01 secs] 
2020-03-29T13:00:46.164-0300: 203.040: Total time for which application threads were stopped: 0.0052715 seconds, Stopping threads took: 0.0000189 seconds
2020-03-29T13:00:46.164-0300: 203.040: Application time: 0.0000731 seconds
2020-03-29T13:00:46.164-0300: 203.041: [GC cleanup 900M->900M(1024M), 0.0010762 secs]
 [Times: user=0.00 sys=0.00, real=0.00 secs] 
2020-03-29T13:00:46.165-0300: 203.042: Total time for which application threads were stopped: 0.0011886 seconds, Stopping threads took: 0.0000330 seconds
2020-03-29T13:00:47.126-0300: 204.003: Application time: 0.9609303 seconds
2020-03-29T13:00:47.126-0300: 204.003: Total time for which application threads were stopped: 0.0001148 seconds, Stopping threads took: 0.0000342 seconds
2020-03-29T13:00:47.720-0300: 204.596: Application time: 0.5931752 seconds
2020-03-29T13:00:47.720-0300: 204.596: [GC pause (G1 Evacuation Pause) (young), 0.0217198 secs]
   [Parallel Time: 20.4 ms, GC Workers: 8]
      [GC Worker Start (ms): Min: 204596.1, Avg: 204596.2, Max: 204596.3, Diff: 0.2]
      [Ext Root Scanning (ms): Min: 0.2, Avg: 0.2, Max: 0.4, Diff: 0.2, Sum: 2.0]
      [Update RS (ms): Min: 6.9, Avg: 8.0, Max: 10.3, Diff: 3.4, Sum: 63.7]
         [Processed Buffers: Min: 11, Avg: 12.0, Max: 13, Diff: 2, Sum: 96]
      [Scan RS (ms): Min: 0.0, Avg: 0.0, Max: 0.0, Diff: 0.0, Sum: 0.0]
      [Code Root Scanning (ms): Min: 0.0, Avg: 0.0, Max: 0.0, Diff: 0.0, Sum: 0.0]
      [Object Copy (ms): Min: 9.6, Avg: 11.9, Max: 13.0, Diff: 3.3, Sum: 95.4]
      [Termination (ms): Min: 0.0, Avg: 0.0, Max: 0.0, Diff: 0.0, Sum: 0.1]
         [Termination Attempts: Min: 1, Avg: 13.4, Max: 18, Diff: 17, Sum: 107]
      [GC Worker Other (ms): Min: 0.0, Avg: 0.0, Max: 0.0, Diff: 0.0, Sum: 0.1]
      [GC Worker Total (ms): Min: 20.1, Avg: 20.2, Max: 20.3, Diff: 0.2, Sum: 161.4]
      [GC Worker End (ms): Min: 204616.4, Avg: 204616.4, Max: 204616.4, Diff: 0.0]
   [Code Root Fixup: 0.0 ms]
   [Code Root Purge: 0.0 ms]
   [Clear CT: 0.1 ms]
   [Other: 1.2 ms]
      [Choose CSet: 0.0 ms]
      [Ref Proc: 0.9 ms]
      [Ref Enq: 0.0 ms]
      [Redirty Cards: 0.2 ms]
      [Humongous Register: 0.0 ms]
      [Humongous Reclaim: 0.0 ms]
      [Free CSet: 0.0 ms]
   [Eden: 44.0M(44.0M)->0.0B(44.0M) Survivors: 7168.0K->7168.0K Heap: 932.7M(1024.0M)->898.7M(1024.0M)]
 [Times: user=0.16 sys=0.00, real=0.02 secs] 
2020-03-29T13:00:47.741-0300: 204.618: Total time for which application threads were stopped: 0.0219694 seconds, Stopping threads took: 0.0000219 seconds
2020-03-29T13:00:48.128-0300: 205.004: Application time: 0.3863310 seconds
2020-03-29T13:00:48.128-0300: 205.004: Total time for which application threads were stopped: 0.0000704 seconds, Stopping threads took: 0.0000156 seconds
2020-03-29T13:00:49.128-0300: 206.005: Application time: 1.0003173 seconds
2020-03-29T13:00:49.128-0300: 206.005: Total time for which application threads were stopped: 0.0000748 seconds, Stopping threads took: 0.0000166 seconds
2020-03-29T13:00:49.763-0300: 206.639: Application time: 0.6346970 seconds
2020-03-29T13:00:49.763-0300: 206.639: [GC pause (G1 Evacuation Pause) (mixed), 0.0217403 secs]
   [Parallel Time: 20.6 ms, GC Workers: 8]
      [GC Worker Start (ms): Min: 206639.5, Avg: 206639.6, Max: 206639.6, Diff: 0.1]
      [Ext Root Scanning (ms): Min: 0.2, Avg: 0.6, Max: 3.4, Diff: 3.2, Sum: 5.1]
      [Update RS (ms): Min: 2.9, Avg: 6.3, Max: 8.7, Diff: 5.7, Sum: 50.4]
         [Processed Buffers: Min: 5, Avg: 10.2, Max: 13, Diff: 8, Sum: 82]
      [Scan RS (ms): Min: 0.0, Avg: 0.5, Max: 0.9, Diff: 0.9, Sum: 3.9]
      [Code Root Scanning (ms): Min: 0.0, Avg: 0.0, Max: 0.1, Diff: 0.1, Sum: 0.1]
      [Object Copy (ms): Min: 11.1, Avg: 12.6, Max: 13.1, Diff: 1.9, Sum: 101.2]
      [Termination (ms): Min: 0.0, Avg: 0.0, Max: 0.0, Diff: 0.0, Sum: 0.1]
         [Termination Attempts: Min: 1, Avg: 2.9, Max: 5, Diff: 4, Sum: 23]
      [GC Worker Other (ms): Min: 0.0, Avg: 0.2, Max: 0.3, Diff: 0.3, Sum: 1.6]
      [GC Worker Total (ms): Min: 20.1, Avg: 20.3, Max: 20.5, Diff: 0.4, Sum: 162.2]
      [GC Worker End (ms): Min: 206659.7, Avg: 206659.9, Max: 206660.0, Diff: 0.3]
   [Code Root Fixup: 0.0 ms]
   [Code Root Purge: 0.0 ms]
   [Clear CT: 0.2 ms]
   [Other: 0.9 ms]
      [Choose CSet: 0.0 ms]
      [Ref Proc: 0.5 ms]
      [Ref Enq: 0.0 ms]
      [Redirty Cards: 0.2 ms]
      [Humongous Register: 0.0 ms]
      [Humongous Reclaim: 0.0 ms]
      [Free CSet: 0.1 ms]
   [Eden: 44.0M(44.0M)->0.0B(44.0M) Survivors: 7168.0K->7168.0K Heap: 942.7M(1024.0M)->903.2M(1024.0M)]
 [Times: user=0.15 sys=0.00, real=0.02 secs] 
2020-03-29T13:00:49.785-0300: 206.661: Total time for which application threads were stopped: 0.0220403 seconds, Stopping threads took: 0.0000224 seconds
2020-03-29T13:00:50.133-0300: 207.009: Application time: 0.3474980 seconds
2020-03-29T13:00:50.133-0300: 207.009: Total time for which application threads were stopped: 0.0000618 seconds, Stopping threads took: 0.0000139 seconds
2020-03-29T13:00:51.133-0300: 208.009: Application time: 1.0003729 seconds
2020-03-29T13:00:51.133-0300: 208.009: Total time for which application threads were stopped: 0.0000645 seconds, Stopping threads took: 0.0000150 seconds
2020-03-29T13:00:51.134-0300: 208.011: Application time: 0.0011047 seconds
2020-03-29T13:00:51.134-0300: 208.011: Total time for which application threads were stopped: 0.0000459 seconds, Stopping threads took: 0.0000124 seconds
2020-03-29T13:00:52.139-0300: 209.015: Application time: 1.0044868 seconds
2020-03-29T13:00:52.139-0300: 209.015: Total time for which application threads were stopped: 0.0000745 seconds, Stopping threads took: 0.0000173 seconds
2020-03-29T13:00:52.310-0300: 209.186: Application time: 0.1711765 seconds
2020-03-29T13:00:52.310-0300: 209.186: [GC pause (G1 Evacuation Pause) (young), 0.0216795 secs]
   [Parallel Time: 21.1 ms, GC Workers: 8]
      [GC Worker Start (ms): Min: 209186.4, Avg: 209188.7, Max: 209196.5, Diff: 10.1]
      [Ext Root Scanning (ms): Min: 0.0, Avg: 0.1, Max: 0.4, Diff: 0.4, Sum: 1.1]
      [Update RS (ms): Min: 0.0, Avg: 6.7, Max: 10.4, Diff: 10.4, Sum: 53.2]
         [Processed Buffers: Min: 0, Avg: 13.6, Max: 19, Diff: 19, Sum: 109]
      [Scan RS (ms): Min: 0.0, Avg: 0.0, Max: 0.0, Diff: 0.0, Sum: 0.0]
      [Code Root Scanning (ms): Min: 0.0, Avg: 0.0, Max: 0.0, Diff: 0.0, Sum: 0.0]
      [Object Copy (ms): Min: 9.6, Avg: 11.4, Max: 12.8, Diff: 3.2, Sum: 91.1]
      [Termination (ms): Min: 0.0, Avg: 0.4, Max: 0.6, Diff: 0.6, Sum: 3.0]
         [Termination Attempts: Min: 1, Avg: 2.9, Max: 7, Diff: 6, Sum: 23]
      [GC Worker Other (ms): Min: 0.0, Avg: 0.0, Max: 0.0, Diff: 0.0, Sum: 0.1]
      [GC Worker Total (ms): Min: 10.7, Avg: 18.6, Max: 21.0, Diff: 10.3, Sum: 148.6]
      [GC Worker End (ms): Min: 209207.1, Avg: 209207.3, Max: 209207.5, Diff: 0.4]
   [Code Root Fixup: 0.0 ms]
   [Code Root Purge: 0.0 ms]
   [Clear CT: 0.1 ms]
   [Other: 0.5 ms]
      [Choose CSet: 0.0 ms]
      [Ref Proc: 0.2 ms]
      [Ref Enq: 0.0 ms]
      [Redirty Cards: 0.1 ms]
      [Humongous Register: 0.0 ms]
      [Humongous Reclaim: 0.0 ms]
      [Free CSet: 0.0 ms]
   [Eden: 44.0M(44.0M)->0.0B(44.0M) Survivors: 7168.0K->7168.0K Heap: 947.2M(1024.0M)->912.7M(1024.0M)]
 [Times: user=0.15 sys=0.00, real=0.02 secs] 
2020-03-29T13:00:52.332-0300: 209.208: Total time for which application threads were stopped: 0.0219662 seconds, Stopping threads took: 0.0000180 seconds
2020-03-29T13:00:53.142-0300: 210.018: Application time: 0.8100577 seconds
2020-03-29T13:00:53.142-0300: 210.018: Total time for which application threads were stopped: 0.0000820 seconds, Stopping threads took: 0.0000269 seconds
2020-03-29T13:00:54.146-0300: 211.023: Application time: 1.0042553 seconds
2020-03-29T13:00:54.146-0300: 211.023: Total time for which application threads were stopped: 0.0000632 seconds, Stopping threads took: 0.0000148 seconds
2020-03-29T13:00:54.357-0300: 211.233: Application time: 0.2105232 seconds
2020-03-29T13:00:54.357-0300: 211.233: [GC pause (G1 Evacuation Pause) (young) (initial-mark), 0.0207229 secs]
   [Parallel Time: 19.4 ms, GC Workers: 8]
      [GC Worker Start (ms): Min: 211233.5, Avg: 211233.6, Max: 211233.7, Diff: 0.2]
      [Ext Root Scanning (ms): Min: 0.2, Avg: 0.2, Max: 0.4, Diff: 0.2, Sum: 1.8]
      [Update RS (ms): Min: 5.2, Avg: 6.1, Max: 8.2, Diff: 3.0, Sum: 48.9]
         [Processed Buffers: Min: 9, Avg: 9.9, Max: 13, Diff: 4, Sum: 79]
      [Scan RS (ms): Min: 0.0, Avg: 0.0, Max: 0.0, Diff: 0.0, Sum: 0.0]
      [Code Root Scanning (ms): Min: 0.0, Avg: 0.0, Max: 0.0, Diff: 0.0, Sum: 0.0]
      [Object Copy (ms): Min: 10.7, Avg: 12.8, Max: 13.6, Diff: 3.0, Sum: 102.1]
      [Termination (ms): Min: 0.0, Avg: 0.0, Max: 0.0, Diff: 0.0, Sum: 0.1]
         [Termination Attempts: Min: 1, Avg: 14.0, Max: 19, Diff: 18, Sum: 112]
      [GC Worker Other (ms): Min: 0.0, Avg: 0.0, Max: 0.0, Diff: 0.0, Sum: 0.1]
      [GC Worker Total (ms): Min: 19.1, Avg: 19.1, Max: 19.3, Diff: 0.2, Sum: 153.2]
      [GC Worker End (ms): Min: 211252.7, Avg: 211252.7, Max: 211252.7, Diff: 0.0]
   [Code Root Fixup: 0.0 ms]
   [Code Root Purge: 0.0 ms]
   [Clear CT: 0.1 ms]
   [Other: 1.2 ms]
      [Choose CSet: 0.0 ms]
      [Ref Proc: 0.9 ms]
      [Ref Enq: 0.0 ms]
      [Redirty Cards: 0.2 ms]
      [Humongous Register: 0.0 ms]
      [Humongous Reclaim: 0.0 ms]
      [Free CSet: 0.0 ms]
   [Eden: 44.0M(44.0M)->0.0B(44.0M) Survivors: 7168.0K->7168.0K Heap: 956.7M(1024.0M)->924.7M(1024.0M)]
 [Times: user=0.15 sys=0.00, real=0.02 secs] 
2020-03-29T13:00:54.378-0300: 211.254: Total time for which application threads were stopped: 0.0209377 seconds, Stopping threads took: 0.0000216 seconds
2020-03-29T13:00:54.378-0300: 211.254: [GC concurrent-root-region-scan-start]
2020-03-29T13:00:54.382-0300: 211.258: [GC concurrent-root-region-scan-end, 0.0039299 secs]
2020-03-29T13:00:54.382-0300: 211.258: [GC concurrent-mark-start]
2020-03-29T13:00:54.770-0300: 211.647: [GC concurrent-mark-reset-for-overflow]
2020-03-29T13:00:55.150-0300: 212.027: Application time: 0.7723539 seconds
2020-03-29T13:00:55.150-0300: 212.027: Total time for which application threads were stopped: 0.0000737 seconds, Stopping threads took: 0.0000152 seconds
2020-03-29T13:00:55.397-0300: 212.274: [GC concurrent-mark-end, 1.0153660 secs]
2020-03-29T13:00:55.397-0300: 212.274: Application time: 0.2470060 seconds
2020-03-29T13:00:55.397-0300: 212.274: [GC remark 2020-03-29T13:00:55.397-0300: 212.274: [Finalize Marking, 0.0007370 secs] 2020-03-29T13:00:55.398-0300: 212.275: [GC ref-proc, 0.0001071 secs] 2020-03-29T13:00:55.398-0300: 212.275: [Unloading, 0.0012167 secs], 0.0051799 secs]
 [Times: user=0.03 sys=0.00, real=0.01 secs] 
2020-03-29T13:00:55.403-0300: 212.279: Total time for which application threads were stopped: 0.0054865 seconds, Stopping threads took: 0.0000285 seconds
2020-03-29T13:00:55.403-0300: 212.279: Application time: 0.0001673 seconds
2020-03-29T13:00:55.403-0300: 212.279: [GC cleanup 946M->946M(1024M), 0.0015023 secs]
 [Times: user=0.00 sys=0.00, real=0.00 secs] 
2020-03-29T13:00:55.405-0300: 212.281: Total time for which application threads were stopped: 0.0016486 seconds, Stopping threads took: 0.0000293 seconds
2020-03-29T13:00:56.149-0300: 213.025: Application time: 0.7439795 seconds
2020-03-29T13:00:56.149-0300: 213.025: Total time for which application threads were stopped: 0.0000627 seconds, Stopping threads took: 0.0000134 seconds
2020-03-29T13:00:56.902-0300: 213.778: Application time: 0.7532004 seconds
2020-03-29T13:00:56.902-0300: 213.778: [GC pause (G1 Evacuation Pause) (young), 0.0234176 secs]
   [Parallel Time: 21.8 ms, GC Workers: 8]
      [GC Worker Start (ms): Min: 213778.4, Avg: 213778.5, Max: 213778.6, Diff: 0.2]
      [Ext Root Scanning (ms): Min: 0.2, Avg: 0.2, Max: 0.4, Diff: 0.2, Sum: 2.0]
      [Update RS (ms): Min: 7.3, Avg: 8.6, Max: 11.0, Diff: 3.7, Sum: 69.1]
         [Processed Buffers: Min: 8, Avg: 11.9, Max: 14, Diff: 6, Sum: 95]
      [Scan RS (ms): Min: 0.0, Avg: 0.0, Max: 0.0, Diff: 0.0, Sum: 0.0]
      [Code Root Scanning (ms): Min: 0.0, Avg: 0.0, Max: 0.0, Diff: 0.0, Sum: 0.0]
      [Object Copy (ms): Min: 9.3, Avg: 11.9, Max: 13.7, Diff: 4.3, Sum: 94.8]
      [Termination (ms): Min: 0.0, Avg: 0.7, Max: 1.0, Diff: 1.0, Sum: 5.3]
         [Termination Attempts: Min: 1, Avg: 1.8, Max: 5, Diff: 4, Sum: 14]
      [GC Worker Other (ms): Min: 0.0, Avg: 0.0, Max: 0.0, Diff: 0.0, Sum: 0.1]
      [GC Worker Total (ms): Min: 21.3, Avg: 21.4, Max: 21.7, Diff: 0.5, Sum: 171.3]
      [GC Worker End (ms): Min: 213799.8, Avg: 213799.9, Max: 213800.1, Diff: 0.3]
   [Code Root Fixup: 0.0 ms]
   [Code Root Purge: 0.0 ms]
   [Clear CT: 0.2 ms]
   [Other: 1.4 ms]
      [Choose CSet: 0.0 ms]
      [Ref Proc: 1.1 ms]
      [Ref Enq: 0.0 ms]
      [Redirty Cards: 0.1 ms]
      [Humongous Register: 0.0 ms]
      [Humongous Reclaim: 0.0 ms]
      [Free CSet: 0.0 ms]
   [Eden: 44.0M(44.0M)->0.0B(44.0M) Survivors: 7168.0K->7168.0K Heap: 968.7M(1024.0M)->934.2M(1024.0M)]
 [Times: user=0.16 sys=0.00, real=0.02 secs] 
2020-03-29T13:00:56.926-0300: 213.802: Total time for which application threads were stopped: 0.0236805 seconds, Stopping threads took: 0.0000227 seconds
2020-03-29T13:00:57.150-0300: 214.027: Application time: 0.2246819 seconds
2020-03-29T13:00:57.150-0300: 214.027: Total time for which application threads were stopped: 0.0000643 seconds, Stopping threads took: 0.0000134 seconds
2020-03-29T13:00:58.156-0300: 215.032: Application time: 1.0053402 seconds
2020-03-29T13:00:58.156-0300: 215.032: Total time for which application threads were stopped: 0.0000876 seconds, Stopping threads took: 0.0000196 seconds
2020-03-29T13:00:58.950-0300: 215.826: Application time: 0.7941242 seconds
2020-03-29T13:00:58.950-0300: 215.826: [GC pause (G1 Evacuation Pause) (mixed), 0.0205129 secs]
   [Parallel Time: 19.9 ms, GC Workers: 8]
      [GC Worker Start (ms): Min: 215826.3, Avg: 215826.4, Max: 215826.5, Diff: 0.2]
      [Ext Root Scanning (ms): Min: 0.1, Avg: 0.2, Max: 0.3, Diff: 0.2, Sum: 1.6]
      [Update RS (ms): Min: 5.1, Avg: 5.9, Max: 7.4, Diff: 2.3, Sum: 47.0]
         [Processed Buffers: Min: 1, Avg: 9.5, Max: 14, Diff: 13, Sum: 76]
      [Scan RS (ms): Min: 0.0, Avg: 0.8, Max: 1.7, Diff: 1.7, Sum: 6.6]
      [Code Root Scanning (ms): Min: 0.0, Avg: 0.0, Max: 0.0, Diff: 0.0, Sum: 0.0]
      [Object Copy (ms): Min: 12.1, Avg: 12.8, Max: 13.1, Diff: 1.0, Sum: 102.1]
      [Termination (ms): Min: 0.0, Avg: 0.0, Max: 0.0, Diff: 0.0, Sum: 0.1]
         [Termination Attempts: Min: 1, Avg: 20.8, Max: 31, Diff: 30, Sum: 166]
      [GC Worker Other (ms): Min: 0.0, Avg: 0.0, Max: 0.0, Diff: 0.0, Sum: 0.1]
      [GC Worker Total (ms): Min: 19.6, Avg: 19.7, Max: 19.8, Diff: 0.2, Sum: 157.6]
      [GC Worker End (ms): Min: 215846.1, Avg: 215846.1, Max: 215846.1, Diff: 0.0]
   [Code Root Fixup: 0.0 ms]
   [Code Root Purge: 0.0 ms]
   [Clear CT: 0.1 ms]
   [Other: 0.5 ms]
      [Choose CSet: 0.0 ms]
      [Ref Proc: 0.2 ms]
      [Ref Enq: 0.0 ms]
      [Redirty Cards: 0.2 ms]
      [Humongous Register: 0.0 ms]
      [Humongous Reclaim: 0.0 ms]
      [Free CSet: 0.0 ms]
   [Eden: 44.0M(44.0M)->0.0B(44.0M) Survivors: 7168.0K->7168.0K Heap: 978.2M(1024.0M)->938.7M(1024.0M)]
 [Times: user=0.15 sys=0.01, real=0.02 secs] 
2020-03-29T13:00:58.971-0300: 215.847: Total time for which application threads were stopped: 0.0207308 seconds, Stopping threads took: 0.0000205 seconds
2020-03-29T13:00:59.160-0300: 216.036: Application time: 0.1890777 seconds
2020-03-29T13:00:59.160-0300: 216.036: Total time for which application threads were stopped: 0.0000761 seconds, Stopping threads took: 0.0000172 seconds
2020-03-29T13:01:00.162-0300: 217.038: Application time: 1.0018137 seconds
2020-03-29T13:01:00.162-0300: 217.038: Total time for which application threads were stopped: 0.0000660 seconds, Stopping threads took: 0.0000139 seconds
2020-03-29T13:01:01.166-0300: 218.043: Application time: 1.0046821 seconds
2020-03-29T13:01:01.166-0300: 218.043: Total time for which application threads were stopped: 0.0000673 seconds, Stopping threads took: 0.0000159 seconds
2020-03-29T13:01:01.168-0300: 218.044: Application time: 0.0011909 seconds
2020-03-29T13:01:01.168-0300: 218.044: Total time for which application threads were stopped: 0.0000753 seconds, Stopping threads took: 0.0000290 seconds
2020-03-29T13:01:01.499-0300: 218.375: Application time: 0.3309304 seconds
2020-03-29T13:01:01.499-0300: 218.375: [GC pause (G1 Evacuation Pause) (young), 0.0231458 secs]
   [Parallel Time: 22.6 ms, GC Workers: 8]
      [GC Worker Start (ms): Min: 218375.1, Avg: 218375.2, Max: 218375.3, Diff: 0.2]
      [Ext Root Scanning (ms): Min: 0.2, Avg: 0.2, Max: 0.4, Diff: 0.2, Sum: 2.0]
      [Update RS (ms): Min: 8.0, Avg: 9.1, Max: 10.6, Diff: 2.6, Sum: 72.7]
         [Processed Buffers: Min: 11, Avg: 14.2, Max: 17, Diff: 6, Sum: 114]
      [Scan RS (ms): Min: 0.0, Avg: 0.0, Max: 0.0, Diff: 0.0, Sum: 0.0]
      [Code Root Scanning (ms): Min: 0.0, Avg: 0.0, Max: 0.0, Diff: 0.0, Sum: 0.0]
      [Object Copy (ms): Min: 11.5, Avg: 13.0, Max: 14.1, Diff: 2.6, Sum: 103.8]
      [Termination (ms): Min: 0.0, Avg: 0.0, Max: 0.0, Diff: 0.0, Sum: 0.0]
         [Termination Attempts: Min: 1, Avg: 1.5, Max: 3, Diff: 2, Sum: 12]
      [GC Worker Other (ms): Min: 0.0, Avg: 0.0, Max: 0.0, Diff: 0.0, Sum: 0.1]
      [GC Worker Total (ms): Min: 22.3, Avg: 22.3, Max: 22.4, Diff: 0.2, Sum: 178.7]
      [GC Worker End (ms): Min: 218397.5, Avg: 218397.5, Max: 218397.5, Diff: 0.0]
   [Code Root Fixup: 0.0 ms]
   [Code Root Purge: 0.0 ms]
   [Clear CT: 0.1 ms]
   [Other: 0.4 ms]
      [Choose CSet: 0.0 ms]
      [Ref Proc: 0.2 ms]
      [Ref Enq: 0.0 ms]
      [Redirty Cards: 0.1 ms]
      [Humongous Register: 0.0 ms]
      [Humongous Reclaim: 0.0 ms]
      [Free CSet: 0.0 ms]
   [Eden: 44.0M(44.0M)->0.0B(44.0M) Survivors: 7168.0K->7168.0K Heap: 982.7M(1024.0M)->948.7M(1024.0M)]
 [Times: user=0.16 sys=0.00, real=0.03 secs] 
2020-03-29T13:01:01.522-0300: 218.398: Total time for which application threads were stopped: 0.0233701 seconds, Stopping threads took: 0.0000292 seconds
2020-03-29T13:01:02.167-0300: 219.043: Application time: 0.6447745 seconds
2020-03-29T13:01:02.167-0300: 219.043: Total time for which application threads were stopped: 0.0000613 seconds, Stopping threads took: 0.0000134 seconds
2020-03-29T13:01:03.169-0300: 220.046: Application time: 1.0026710 seconds
2020-03-29T13:01:03.170-0300: 220.046: Total time for which application threads were stopped: 0.0000654 seconds, Stopping threads took: 0.0000153 seconds
2020-03-29T13:01:03.550-0300: 220.426: Application time: 0.3802540 seconds
2020-03-29T13:01:03.550-0300: 220.426: [GC pause (G1 Evacuation Pause) (young) (initial-mark), 0.0195899 secs]
   [Parallel Time: 18.1 ms, GC Workers: 8]
      [GC Worker Start (ms): Min: 220426.3, Avg: 220426.4, Max: 220426.4, Diff: 0.1]
      [Ext Root Scanning (ms): Min: 0.3, Avg: 0.3, Max: 0.4, Diff: 0.2, Sum: 2.7]
      [Update RS (ms): Min: 4.9, Avg: 5.7, Max: 7.4, Diff: 2.5, Sum: 45.2]
         [Processed Buffers: Min: 9, Avg: 10.0, Max: 11, Diff: 2, Sum: 80]
      [Scan RS (ms): Min: 0.0, Avg: 0.0, Max: 0.0, Diff: 0.0, Sum: 0.0]
      [Code Root Scanning (ms): Min: 0.0, Avg: 0.0, Max: 0.0, Diff: 0.0, Sum: 0.0]
      [Object Copy (ms): Min: 9.5, Avg: 11.3, Max: 12.0, Diff: 2.4, Sum: 90.5]
      [Termination (ms): Min: 0.0, Avg: 0.6, Max: 0.8, Diff: 0.8, Sum: 5.2]
         [Termination Attempts: Min: 1, Avg: 1.0, Max: 1, Diff: 0, Sum: 8]
      [GC Worker Other (ms): Min: 0.0, Avg: 0.0, Max: 0.0, Diff: 0.0, Sum: 0.1]
      [GC Worker Total (ms): Min: 17.9, Avg: 18.0, Max: 18.0, Diff: 0.1, Sum: 143.7]
      [GC Worker End (ms): Min: 220444.3, Avg: 220444.3, Max: 220444.4, Diff: 0.1]
   [Code Root Fixup: 0.0 ms]
   [Code Root Purge: 0.0 ms]
   [Clear CT: 0.2 ms]
   [Other: 1.3 ms]
      [Choose CSet: 0.0 ms]
      [Ref Proc: 0.9 ms]
      [Ref Enq: 0.0 ms]
      [Redirty Cards: 0.2 ms]
      [Humongous Register: 0.0 ms]
      [Humongous Reclaim: 0.0 ms]
      [Free CSet: 0.1 ms]
   [Eden: 44.0M(44.0M)->0.0B(44.0M) Survivors: 7168.0K->7168.0K Heap: 992.7M(1024.0M)->961.7M(1024.0M)]
 [Times: user=0.14 sys=0.00, real=0.02 secs] 
2020-03-29T13:01:03.570-0300: 220.446: Total time for which application threads were stopped: 0.0198337 seconds, Stopping threads took: 0.0000193 seconds
2020-03-29T13:01:03.570-0300: 220.446: [GC concurrent-root-region-scan-start]
2020-03-29T13:01:03.574-0300: 220.450: [GC concurrent-root-region-scan-end, 0.0038291 secs]
2020-03-29T13:01:03.574-0300: 220.450: [GC concurrent-mark-start]
2020-03-29T13:01:03.978-0300: 220.855: [GC concurrent-mark-reset-for-overflow]
2020-03-29T13:01:04.171-0300: 221.047: Application time: 0.6009060 seconds
2020-03-29T13:01:04.171-0300: 221.047: Total time for which application threads were stopped: 0.0000692 seconds, Stopping threads took: 0.0000245 seconds
2020-03-29T13:01:04.644-0300: 221.520: [GC concurrent-mark-end, 1.0701429 secs]
2020-03-29T13:01:04.644-0300: 221.520: Application time: 0.4731227 seconds
2020-03-29T13:01:04.644-0300: 221.520: [GC remark 2020-03-29T13:01:04.644-0300: 221.520: [Finalize Marking, 0.0001701 secs] 2020-03-29T13:01:04.644-0300: 221.520: [GC ref-proc, 0.0001402 secs] 2020-03-29T13:01:04.644-0300: 221.521: [Unloading, 0.0011499 secs], 0.0044948 secs]
 [Times: user=0.02 sys=0.00, real=0.00 secs] 
2020-03-29T13:01:04.648-0300: 221.525: Total time for which application threads were stopped: 0.0046645 seconds, Stopping threads took: 0.0000157 seconds
2020-03-29T13:01:04.649-0300: 221.525: Application time: 0.0000777 seconds
2020-03-29T13:01:04.649-0300: 221.525: [GC cleanup 983M->983M(1024M), 0.0012590 secs]
 [Times: user=0.01 sys=0.00, real=0.01 secs] 
2020-03-29T13:01:04.650-0300: 221.526: Total time for which application threads were stopped: 0.0013948 seconds, Stopping threads took: 0.0000206 seconds
2020-03-29T13:01:05.182-0300: 222.058: Application time: 0.5320453 seconds
2020-03-29T13:01:05.182-0300: 222.058: Total time for which application threads were stopped: 0.0000637 seconds, Stopping threads took: 0.0000145 seconds
2020-03-29T13:01:06.099-0300: 222.975: Application time: 0.9166355 seconds
2020-03-29T13:01:06.099-0300: 222.975: [GC pause (G1 Evacuation Pause) (young), 0.0221574 secs]
   [Parallel Time: 21.6 ms, GC Workers: 8]
      [GC Worker Start (ms): Min: 222975.1, Avg: 222975.2, Max: 222975.3, Diff: 0.2]
      [Ext Root Scanning (ms): Min: 0.2, Avg: 0.3, Max: 0.3, Diff: 0.2, Sum: 2.1]
      [Update RS (ms): Min: 6.9, Avg: 7.8, Max: 9.9, Diff: 3.0, Sum: 62.5]
         [Processed Buffers: Min: 11, Avg: 12.5, Max: 14, Diff: 3, Sum: 100]
      [Scan RS (ms): Min: 0.0, Avg: 0.0, Max: 0.0, Diff: 0.0, Sum: 0.0]
      [Code Root Scanning (ms): Min: 0.0, Avg: 0.0, Max: 0.0, Diff: 0.0, Sum: 0.0]
      [Object Copy (ms): Min: 10.6, Avg: 12.7, Max: 14.1, Diff: 3.5, Sum: 101.8]
      [Termination (ms): Min: 0.0, Avg: 0.6, Max: 0.7, Diff: 0.7, Sum: 4.8]
         [Termination Attempts: Min: 1, Avg: 11.0, Max: 15, Diff: 14, Sum: 88]
      [GC Worker Other (ms): Min: 0.0, Avg: 0.0, Max: 0.0, Diff: 0.0, Sum: 0.1]
      [GC Worker Total (ms): Min: 21.3, Avg: 21.4, Max: 21.6, Diff: 0.3, Sum: 171.3]
      [GC Worker End (ms): Min: 222996.5, Avg: 222996.6, Max: 222996.7, Diff: 0.2]
   [Code Root Fixup: 0.0 ms]
   [Code Root Purge: 0.0 ms]
   [Clear CT: 0.1 ms]
   [Other: 0.4 ms]
      [Choose CSet: 0.0 ms]
      [Ref Proc: 0.2 ms]
      [Ref Enq: 0.0 ms]
      [Redirty Cards: 0.1 ms]
      [Humongous Register: 0.0 ms]
      [Humongous Reclaim: 0.0 ms]
      [Free CSet: 0.0 ms]
   [Eden: 44.0M(44.0M)->0.0B(44.0M) Survivors: 7168.0K->7168.0K Heap: 1005.7M(1024.0M)->970.7M(1024.0M)]
 [Times: user=0.16 sys=0.00, real=0.03 secs] 
2020-03-29T13:01:06.126-0300: 223.003: Total time for which application threads were stopped: 0.0275720 seconds, Stopping threads took: 0.0000222 seconds
2020-03-29T13:01:06.187-0300: 223.063: Application time: 0.0603832 seconds
2020-03-29T13:01:06.187-0300: 223.063: Total time for which application threads were stopped: 0.0000728 seconds, Stopping threads took: 0.0000164 seconds
2020-03-29T13:01:07.181-0300: 224.057: Application time: 0.9939608 seconds
2020-03-29T13:01:07.181-0300: 224.057: Total time for which application threads were stopped: 0.0000652 seconds, Stopping threads took: 0.0000146 seconds
2020-03-29T13:01:08.157-0300: 225.034: Application time: 0.9765899 seconds
2020-03-29T13:01:08.157-0300: 225.034: [GC pause (G1 Evacuation Pause) (mixed) (to-space exhausted), 0.1867572 secs]
   [Parallel Time: 174.9 ms, GC Workers: 8]
      [GC Worker Start (ms): Min: 225033.8, Avg: 225033.8, Max: 225033.9, Diff: 0.1]
      [Ext Root Scanning (ms): Min: 0.2, Avg: 0.2, Max: 0.5, Diff: 0.3, Sum: 1.9]
      [Update RS (ms): Min: 5.0, Avg: 5.7, Max: 7.3, Diff: 2.3, Sum: 45.7]
         [Processed Buffers: Min: 8, Avg: 9.5, Max: 12, Diff: 4, Sum: 76]
      [Scan RS (ms): Min: 0.0, Avg: 0.9, Max: 1.4, Diff: 1.4, Sum: 6.8]
      [Code Root Scanning (ms): Min: 0.0, Avg: 0.0, Max: 0.0, Diff: 0.0, Sum: 0.0]
      [Object Copy (ms): Min: 166.9, Avg: 168.0, Max: 168.2, Diff: 1.3, Sum: 1343.8]
      [Termination (ms): Min: 0.0, Avg: 0.0, Max: 0.0, Diff: 0.0, Sum: 0.2]
         [Termination Attempts: Min: 1, Avg: 1.5, Max: 3, Diff: 2, Sum: 12]
      [GC Worker Other (ms): Min: 0.0, Avg: 0.0, Max: 0.0, Diff: 0.0, Sum: 0.1]
      [GC Worker Total (ms): Min: 174.8, Avg: 174.8, Max: 174.9, Diff: 0.1, Sum: 1398.6]
      [GC Worker End (ms): Min: 225208.6, Avg: 225208.6, Max: 225208.7, Diff: 0.0]
   [Code Root Fixup: 0.0 ms]
   [Code Root Purge: 0.0 ms]
   [Clear CT: 0.1 ms]
   [Other: 11.7 ms]
      [Evacuation Failure: 11.2 ms]
      [Choose CSet: 0.0 ms]
      [Ref Proc: 0.1 ms]
      [Ref Enq: 0.0 ms]
      [Redirty Cards: 0.2 ms]
      [Humongous Register: 0.0 ms]
      [Humongous Reclaim: 0.0 ms]
      [Free CSet: 0.0 ms]
   [Eden: 44.0M(44.0M)->0.0B(49.0M) Survivors: 7168.0K->2048.0K Heap: 1014.7M(1024.0M)->994.2M(1024.0M)]
 [Times: user=0.35 sys=0.13, real=0.19 secs] 
2020-03-29T13:01:08.344-0300: 225.221: Total time for which application threads were stopped: 0.1869429 seconds, Stopping threads took: 0.0000185 seconds
2020-03-29T13:01:08.345-0300: 225.222: Application time: 0.0011820 seconds
2020-03-29T13:01:08.346-0300: 225.222: Total time for which application threads were stopped: 0.0000634 seconds, Stopping threads took: 0.0000237 seconds
2020-03-29T13:01:09.183-0300: 226.060: Application time: 0.8379140 seconds
2020-03-29T13:01:09.184-0300: 226.060: Total time for which application threads were stopped: 0.0000703 seconds, Stopping threads took: 0.0000146 seconds
2020-03-29T13:01:09.862-0300: 226.739: Application time: 0.6789711 seconds
2020-03-29T13:01:09.863-0300: 226.739: [GC pause (G1 Evacuation Pause) (young) (to-space exhausted), 0.1570298 secs]
   [Parallel Time: 148.6 ms, GC Workers: 8]
      [GC Worker Start (ms): Min: 226738.9, Avg: 226739.0, Max: 226739.1, Diff: 0.1]
      [Ext Root Scanning (ms): Min: 0.1, Avg: 0.2, Max: 0.3, Diff: 0.1, Sum: 1.6]
      [Update RS (ms): Min: 0.0, Avg: 4.5, Max: 5.9, Diff: 5.9, Sum: 35.7]
         [Processed Buffers: Min: 0, Avg: 13.4, Max: 17, Diff: 17, Sum: 107]
      [Scan RS (ms): Min: 0.0, Avg: 0.0, Max: 0.1, Diff: 0.1, Sum: 0.3]
      [Code Root Scanning (ms): Min: 0.0, Avg: 0.0, Max: 0.0, Diff: 0.0, Sum: 0.0]
      [Object Copy (ms): Min: 142.3, Avg: 143.7, Max: 148.1, Diff: 5.9, Sum: 1149.3]
      [Termination (ms): Min: 0.0, Avg: 0.1, Max: 0.1, Diff: 0.1, Sum: 0.4]
         [Termination Attempts: Min: 1, Avg: 7.1, Max: 10, Diff: 9, Sum: 57]
      [GC Worker Other (ms): Min: 0.0, Avg: 0.0, Max: 0.0, Diff: 0.0, Sum: 0.1]
      [GC Worker Total (ms): Min: 148.4, Avg: 148.4, Max: 148.5, Diff: 0.1, Sum: 1187.4]
      [GC Worker End (ms): Min: 226887.4, Avg: 226887.4, Max: 226887.5, Diff: 0.0]
   [Code Root Fixup: 0.0 ms]
   [Code Root Purge: 0.0 ms]
   [Clear CT: 0.1 ms]
   [Other: 8.3 ms]
      [Evacuation Failure: 7.8 ms]
      [Choose CSet: 0.0 ms]
      [Ref Proc: 0.1 ms]
      [Ref Enq: 0.0 ms]
      [Redirty Cards: 0.3 ms]
      [Humongous Register: 0.0 ms]
      [Humongous Reclaim: 0.0 ms]
      [Free CSet: 0.1 ms]
   [Eden: 29.0M(49.0M)->0.0B(51.0M) Survivors: 2048.0K->0.0B Heap: 1023.2M(1024.0M)->1014.2M(1024.0M)]
 [Times: user=0.25 sys=0.09, real=0.16 secs] 
2020-03-29T13:01:10.020-0300: 226.896: Total time for which application threads were stopped: 0.1572506 seconds, Stopping threads took: 0.0000177 seconds
2020-03-29T13:01:10.186-0300: 227.062: Application time: 0.1659254 seconds
2020-03-29T13:01:10.186-0300: 227.062: Total time for which application threads were stopped: 0.0000753 seconds, Stopping threads took: 0.0000178 seconds
2020-03-29T13:01:10.526-0300: 227.402: Application time: 0.3404525 seconds
2020-03-29T13:01:10.526-0300: 227.403: [GC pause (G1 Evacuation Pause) (young) (initial-mark) (to-space exhausted), 0.0597665 secs]
   [Parallel Time: 54.2 ms, GC Workers: 8]
      [GC Worker Start (ms): Min: 227402.7, Avg: 227402.8, Max: 227402.9, Diff: 0.2]
      [Ext Root Scanning (ms): Min: 0.2, Avg: 0.2, Max: 0.3, Diff: 0.2, Sum: 1.8]
      [Update RS (ms): Min: 0.0, Avg: 6.2, Max: 7.5, Diff: 7.5, Sum: 49.9]
         [Processed Buffers: Min: 0, Avg: 20.8, Max: 25, Diff: 25, Sum: 166]
      [Scan RS (ms): Min: 0.0, Avg: 0.0, Max: 0.0, Diff: 0.0, Sum: 0.0]
      [Code Root Scanning (ms): Min: 0.0, Avg: 0.0, Max: 0.0, Diff: 0.0, Sum: 0.0]
      [Object Copy (ms): Min: 46.3, Avg: 47.4, Max: 53.6, Diff: 7.4, Sum: 379.6]
      [Termination (ms): Min: 0.0, Avg: 0.1, Max: 0.1, Diff: 0.1, Sum: 0.5]
         [Termination Attempts: Min: 1, Avg: 5.1, Max: 7, Diff: 6, Sum: 41]
      [GC Worker Other (ms): Min: 0.0, Avg: 0.0, Max: 0.0, Diff: 0.0, Sum: 0.1]
      [GC Worker Total (ms): Min: 53.9, Avg: 54.0, Max: 54.1, Diff: 0.2, Sum: 432.0]
      [GC Worker End (ms): Min: 227456.8, Avg: 227456.8, Max: 227456.8, Diff: 0.0]
   [Code Root Fixup: 0.0 ms]
   [Code Root Purge: 0.0 ms]
   [Clear CT: 0.1 ms]
   [Other: 5.5 ms]
      [Evacuation Failure: 5.1 ms]
      [Choose CSet: 0.0 ms]
      [Ref Proc: 0.1 ms]
      [Ref Enq: 0.0 ms]
      [Redirty Cards: 0.1 ms]
      [Humongous Register: 0.0 ms]
      [Humongous Reclaim: 0.0 ms]
      [Free CSet: 0.0 ms]
   [Eden: 9216.0K(51.0M)->0.0B(51.0M) Survivors: 0.0B->0.0B Heap: 1023.2M(1024.0M)->1023.2M(1024.0M)]
 [Times: user=0.14 sys=0.01, real=0.06 secs] 
2020-03-29T13:01:10.586-0300: 227.462: Total time for which application threads were stopped: 0.0599786 seconds, Stopping threads took: 0.0000224 seconds
2020-03-29T13:01:10.586-0300: 227.462: [GC concurrent-root-region-scan-start]
2020-03-29T13:01:10.586-0300: 227.462: Application time: 0.0000265 seconds
2020-03-29T13:01:10.586-0300: 227.463: [GC concurrent-root-region-scan-end, 0.0000199 secs]
2020-03-29T13:01:10.586-0300: 227.463: [GC concurrent-mark-start]
2020-03-29T13:01:10.586-0300: 227.463: [GC pause (G1 Evacuation Pause) (young), 0.0030749 secs]
   [Parallel Time: 2.5 ms, GC Workers: 8]
      [GC Worker Start (ms): Min: 227462.6, Avg: 227462.6, Max: 227462.7, Diff: 0.1]
      [Ext Root Scanning (ms): Min: 0.1, Avg: 0.1, Max: 0.2, Diff: 0.1, Sum: 1.2]
      [Update RS (ms): Min: 2.0, Avg: 2.1, Max: 2.2, Diff: 0.1, Sum: 16.7]
         [Processed Buffers: Min: 9, Avg: 10.2, Max: 12, Diff: 3, Sum: 82]
      [Scan RS (ms): Min: 0.0, Avg: 0.0, Max: 0.0, Diff: 0.0, Sum: 0.0]
      [Code Root Scanning (ms): Min: 0.0, Avg: 0.0, Max: 0.0, Diff: 0.0, Sum: 0.0]
      [Object Copy (ms): Min: 0.0, Avg: 0.0, Max: 0.0, Diff: 0.0, Sum: 0.0]
      [Termination (ms): Min: 0.0, Avg: 0.1, Max: 0.2, Diff: 0.2, Sum: 0.8]
         [Termination Attempts: Min: 1, Avg: 1.0, Max: 1, Diff: 0, Sum: 8]
      [GC Worker Other (ms): Min: 0.0, Avg: 0.0, Max: 0.0, Diff: 0.0, Sum: 0.1]
      [GC Worker Total (ms): Min: 2.3, Avg: 2.3, Max: 2.4, Diff: 0.1, Sum: 18.8]
      [GC Worker End (ms): Min: 227464.9, Avg: 227465.0, Max: 227465.1, Diff: 0.1]
   [Code Root Fixup: 0.0 ms]
   [Code Root Purge: 0.0 ms]
   [Clear CT: 0.1 ms]
   [Other: 0.4 ms]
      [Choose CSet: 0.0 ms]
      [Ref Proc: 0.3 ms]
      [Ref Enq: 0.0 ms]
      [Redirty Cards: 0.1 ms]
      [Humongous Register: 0.0 ms]
      [Humongous Reclaim: 0.0 ms]
      [Free CSet: 0.0 ms]
   [Eden: 0.0B(51.0M)->0.0B(51.0M) Survivors: 0.0B->0.0B Heap: 1023.2M(1024.0M)->1023.2M(1024.0M)]
 [Times: user=0.02 sys=0.00, real=0.00 secs] 
2020-03-29T13:01:10.589-0300: 227.466: Total time for which application threads were stopped: 0.0032070 seconds, Stopping threads took: 0.0000079 seconds
2020-03-29T13:01:10.590-0300: 227.466: Application time: 0.0001406 seconds
2020-03-29T13:01:10.590-0300: 227.466: [Full GC (Allocation Failure)  1023M->922M(1024M), 1.7627911 secs]
   [Eden: 0.0B(51.0M)->0.0B(51.0M) Survivors: 0.0B->0.0B Heap: 1023.2M(1024.0M)->922.5M(1024.0M)], [Metaspace: 9255K->9177K(1058816K)]
 [Times: user=3.23 sys=0.01, real=1.76 secs] 
2020-03-29T13:01:12.352-0300: 229.229: Total time for which application threads were stopped: 1.7628986 seconds, Stopping threads took: 0.0000062 seconds
2020-03-29T13:01:12.353-0300: 229.229: [GC concurrent-mark-abort]
2020-03-29T13:01:12.353-0300: 229.230: Application time: 0.0010026 seconds
2020-03-29T13:01:12.354-0300: 229.230: Total time for which application threads were stopped: 0.0001539 seconds, Stopping threads took: 0.0000872 seconds
2020-03-29T13:01:12.356-0300: 229.232: Application time: 0.0025157 seconds
2020-03-29T13:01:12.356-0300: 229.233: Total time for which application threads were stopped: 0.0001174 seconds, Stopping threads took: 0.0000172 seconds
2020-03-29T13:01:12.359-0300: 229.235: Application time: 0.0022301 seconds
2020-03-29T13:01:12.359-0300: 229.235: Total time for which application threads were stopped: 0.0000777 seconds, Stopping threads took: 0.0000127 seconds
2020-03-29T13:01:12.363-0300: 229.239: Application time: 0.0044683 seconds
2020-03-29T13:01:12.363-0300: 229.239: Total time for which application threads were stopped: 0.0000978 seconds, Stopping threads took: 0.0000159 seconds
2020-03-29T13:01:13.202-0300: 230.078: Application time: 0.8385632 seconds
2020-03-29T13:01:13.202-0300: 230.078: Total time for which application threads were stopped: 0.0001120 seconds, Stopping threads took: 0.0000205 seconds
2020-03-29T13:01:14.205-0300: 231.081: Application time: 1.0030235 seconds
2020-03-29T13:01:14.205-0300: 231.081: Total time for which application threads were stopped: 0.0001115 seconds, Stopping threads took: 0.0000374 seconds
2020-03-29T13:01:14.880-0300: 231.756: Application time: 0.6745843 seconds
2020-03-29T13:01:14.880-0300: 231.756: [GC pause (G1 Evacuation Pause) (young), 0.0124521 secs]
   [Parallel Time: 11.2 ms, GC Workers: 8]
      [GC Worker Start (ms): Min: 231756.0, Avg: 231756.1, Max: 231756.1, Diff: 0.1]
      [Ext Root Scanning (ms): Min: 0.1, Avg: 0.7, Max: 3.3, Diff: 3.1, Sum: 5.4]
      [Update RS (ms): Min: 0.0, Avg: 1.0, Max: 2.5, Diff: 2.5, Sum: 7.7]
         [Processed Buffers: Min: 0, Avg: 1.1, Max: 4, Diff: 4, Sum: 9]
      [Scan RS (ms): Min: 0.0, Avg: 0.0, Max: 0.0, Diff: 0.0, Sum: 0.0]
      [Code Root Scanning (ms): Min: 0.0, Avg: 0.0, Max: 0.0, Diff: 0.0, Sum: 0.0]
      [Object Copy (ms): Min: 7.7, Avg: 9.3, Max: 10.6, Diff: 2.9, Sum: 74.3]
      [Termination (ms): Min: 0.0, Avg: 0.0, Max: 0.0, Diff: 0.0, Sum: 0.0]
         [Termination Attempts: Min: 1, Avg: 1.0, Max: 1, Diff: 0, Sum: 8]
      [GC Worker Other (ms): Min: 0.0, Avg: 0.0, Max: 0.0, Diff: 0.0, Sum: 0.1]
      [GC Worker Total (ms): Min: 10.9, Avg: 11.0, Max: 11.0, Diff: 0.1, Sum: 87.6]
      [GC Worker End (ms): Min: 231767.0, Avg: 231767.0, Max: 231767.0, Diff: 0.0]
   [Code Root Fixup: 0.0 ms]
   [Code Root Purge: 0.0 ms]
   [Clear CT: 0.1 ms]
   [Other: 1.1 ms]
      [Choose CSet: 0.0 ms]
      [Ref Proc: 0.8 ms]
      [Ref Enq: 0.0 ms]
      [Redirty Cards: 0.2 ms]
      [Humongous Register: 0.0 ms]
      [Humongous Reclaim: 0.0 ms]
      [Free CSet: 0.0 ms]
   [Eden: 51.0M(51.0M)->0.0B(44.0M) Survivors: 0.0B->7168.0K Heap: 973.5M(1024.0M)->935.7M(1024.0M)]
 [Times: user=0.08 sys=0.00, real=0.01 secs] 
2020-03-29T13:01:14.892-0300: 231.769: Total time for which application threads were stopped: 0.0126703 seconds, Stopping threads took: 0.0000192 seconds
2020-03-29T13:01:15.207-0300: 232.084: Application time: 0.3149995 seconds
2020-03-29T13:01:15.207-0300: 232.084: Total time for which application threads were stopped: 0.0000747 seconds, Stopping threads took: 0.0000159 seconds
2020-03-29T13:01:16.208-0300: 233.084: Application time: 1.0004934 seconds
2020-03-29T13:01:16.208-0300: 233.084: Total time for which application threads were stopped: 0.0000766 seconds, Stopping threads took: 0.0000156 seconds
2020-03-29T13:01:17.209-0300: 234.085: Application time: 1.0009884 seconds
2020-03-29T13:01:17.209-0300: 234.085: Total time for which application threads were stopped: 0.0000774 seconds, Stopping threads took: 0.0000168 seconds
2020-03-29T13:01:17.421-0300: 234.298: Application time: 0.2125171 seconds
2020-03-29T13:01:17.422-0300: 234.298: [GC pause (G1 Evacuation Pause) (young) (initial-mark), 0.0200036 secs]
   [Parallel Time: 18.6 ms, GC Workers: 8]
      [GC Worker Start (ms): Min: 234298.0, Avg: 234298.1, Max: 234298.1, Diff: 0.2]
      [Ext Root Scanning (ms): Min: 0.3, Avg: 0.3, Max: 0.4, Diff: 0.2, Sum: 2.6]
      [Update RS (ms): Min: 4.2, Avg: 5.1, Max: 7.0, Diff: 2.7, Sum: 40.6]
         [Processed Buffers: Min: 6, Avg: 7.6, Max: 9, Diff: 3, Sum: 61]
      [Scan RS (ms): Min: 0.0, Avg: 0.0, Max: 0.0, Diff: 0.0, Sum: 0.0]
      [Code Root Scanning (ms): Min: 0.0, Avg: 0.0, Max: 0.0, Diff: 0.0, Sum: 0.0]
      [Object Copy (ms): Min: 10.3, Avg: 12.3, Max: 13.1, Diff: 2.7, Sum: 98.4]
      [Termination (ms): Min: 0.0, Avg: 0.7, Max: 0.8, Diff: 0.8, Sum: 5.3]
         [Termination Attempts: Min: 1, Avg: 9.6, Max: 17, Diff: 16, Sum: 77]
      [GC Worker Other (ms): Min: 0.0, Avg: 0.0, Max: 0.1, Diff: 0.0, Sum: 0.3]
      [GC Worker Total (ms): Min: 18.3, Avg: 18.4, Max: 18.5, Diff: 0.2, Sum: 147.2]
      [GC Worker End (ms): Min: 234316.4, Avg: 234316.5, Max: 234316.5, Diff: 0.0]
   [Code Root Fixup: 0.0 ms]
   [Code Root Purge: 0.0 ms]
   [Clear CT: 0.1 ms]
   [Other: 1.3 ms]
      [Choose CSet: 0.0 ms]
      [Ref Proc: 0.9 ms]
      [Ref Enq: 0.0 ms]
      [Redirty Cards: 0.2 ms]
      [Humongous Register: 0.0 ms]
      [Humongous Reclaim: 0.0 ms]
      [Free CSet: 0.0 ms]
   [Eden: 44.0M(44.0M)->0.0B(44.0M) Survivors: 7168.0K->7168.0K Heap: 979.7M(1024.0M)->946.5M(1024.0M)]
 [Times: user=0.14 sys=0.00, real=0.02 secs] 
2020-03-29T13:01:17.442-0300: 234.318: Total time for which application threads were stopped: 0.0202531 seconds, Stopping threads took: 0.0000226 seconds
2020-03-29T13:01:17.442-0300: 234.318: [GC concurrent-root-region-scan-start]
2020-03-29T13:01:17.445-0300: 234.321: [GC concurrent-root-region-scan-end, 0.0033943 secs]
2020-03-29T13:01:17.445-0300: 234.321: [GC concurrent-mark-start]
2020-03-29T13:01:17.868-0300: 234.744: [GC concurrent-mark-reset-for-overflow]
2020-03-29T13:01:18.209-0300: 235.086: Application time: 0.7676043 seconds
2020-03-29T13:01:18.209-0300: 235.086: Total time for which application threads were stopped: 0.0000694 seconds, Stopping threads took: 0.0000250 seconds
2020-03-29T13:01:18.557-0300: 235.433: [GC concurrent-mark-end, 1.1118513 secs]
2020-03-29T13:01:18.557-0300: 235.433: Application time: 0.3476760 seconds
2020-03-29T13:01:18.557-0300: 235.433: [GC remark 2020-03-29T13:01:18.557-0300: 235.434: [Finalize Marking, 0.0001640 secs] 2020-03-29T13:01:18.558-0300: 235.434: [GC ref-proc, 0.0000895 secs] 2020-03-29T13:01:18.558-0300: 235.434: [Unloading, 0.0009660 secs], 0.0041736 secs]
 [Times: user=0.03 sys=0.00, real=0.01 secs] 
2020-03-29T13:01:18.561-0300: 235.438: Total time for which application threads were stopped: 0.0043388 seconds, Stopping threads took: 0.0000336 seconds
2020-03-29T13:01:18.562-0300: 235.438: Application time: 0.0000310 seconds
2020-03-29T13:01:18.562-0300: 235.438: [GC cleanup 973M->973M(1024M), 0.0010017 secs]
 [Times: user=0.00 sys=0.00, real=0.00 secs] 
2020-03-29T13:01:18.563-0300: 235.439: Total time for which application threads were stopped: 0.0011191 seconds, Stopping threads took: 0.0000366 seconds
2020-03-29T13:01:19.210-0300: 236.086: Application time: 0.6472064 seconds
2020-03-29T13:01:19.210-0300: 236.086: Total time for which application threads were stopped: 0.0000725 seconds, Stopping threads took: 0.0000148 seconds
2020-03-29T13:01:19.460-0300: 236.336: Application time: 0.2499197 seconds
2020-03-29T13:01:19.460-0300: 236.336: [GC pause (G1 Evacuation Pause) (young), 0.0202922 secs]
   [Parallel Time: 19.5 ms, GC Workers: 8]
      [GC Worker Start (ms): Min: 236336.2, Avg: 236336.3, Max: 236336.3, Diff: 0.1]
      [Ext Root Scanning (ms): Min: 0.2, Avg: 0.2, Max: 0.3, Diff: 0.1, Sum: 1.7]
      [Update RS (ms): Min: 5.1, Avg: 6.0, Max: 8.0, Diff: 2.9, Sum: 48.2]
         [Processed Buffers: Min: 9, Avg: 10.1, Max: 12, Diff: 3, Sum: 81]
      [Scan RS (ms): Min: 0.0, Avg: 0.0, Max: 0.0, Diff: 0.0, Sum: 0.0]
      [Code Root Scanning (ms): Min: 0.0, Avg: 0.0, Max: 0.0, Diff: 0.0, Sum: 0.0]
      [Object Copy (ms): Min: 10.4, Avg: 12.6, Max: 13.9, Diff: 3.5, Sum: 100.5]
      [Termination (ms): Min: 0.0, Avg: 0.5, Max: 0.7, Diff: 0.7, Sum: 4.2]
         [Termination Attempts: Min: 1, Avg: 8.5, Max: 17, Diff: 16, Sum: 68]
      [GC Worker Other (ms): Min: 0.0, Avg: 0.0, Max: 0.0, Diff: 0.0, Sum: 0.1]
      [GC Worker Total (ms): Min: 19.3, Avg: 19.3, Max: 19.4, Diff: 0.2, Sum: 154.7]
      [GC Worker End (ms): Min: 236355.6, Avg: 236355.6, Max: 236355.7, Diff: 0.1]
   [Code Root Fixup: 0.0 ms]
   [Code Root Purge: 0.0 ms]
   [Clear CT: 0.1 ms]
   [Other: 0.7 ms]
      [Choose CSet: 0.0 ms]
      [Ref Proc: 0.3 ms]
      [Ref Enq: 0.0 ms]
      [Redirty Cards: 0.2 ms]
      [Humongous Register: 0.0 ms]
      [Humongous Reclaim: 0.0 ms]
      [Free CSet: 0.0 ms]
   [Eden: 44.0M(44.0M)->0.0B(44.0M) Survivors: 7168.0K->7168.0K Heap: 990.5M(1024.0M)->959.5M(1024.0M)]
 [Times: user=0.16 sys=0.01, real=0.02 secs] 
2020-03-29T13:01:19.489-0300: 236.365: Total time for which application threads were stopped: 0.0289318 seconds, Stopping threads took: 0.0000215 seconds
2020-03-29T13:01:20.212-0300: 237.089: Application time: 0.7236766 seconds
2020-03-29T13:01:20.213-0300: 237.089: Total time for which application threads were stopped: 0.0000968 seconds, Stopping threads took: 0.0000209 seconds
2020-03-29T13:01:21.002-0300: 237.878: Application time: 0.7896991 seconds
2020-03-29T13:01:21.002-0300: 237.879: [GC pause (G1 Humongous Allocation) (young) (initial-mark), 0.0178287 secs]
   [Parallel Time: 16.5 ms, GC Workers: 8]
      [GC Worker Start (ms): Min: 237878.8, Avg: 237878.9, Max: 237879.0, Diff: 0.2]
      [Ext Root Scanning (ms): Min: 0.2, Avg: 0.3, Max: 0.4, Diff: 0.2, Sum: 2.4]
      [Update RS (ms): Min: 6.7, Avg: 7.2, Max: 8.3, Diff: 1.7, Sum: 57.4]
         [Processed Buffers: Min: 11, Avg: 11.9, Max: 13, Diff: 2, Sum: 95]
      [Scan RS (ms): Min: 0.0, Avg: 0.0, Max: 0.0, Diff: 0.0, Sum: 0.0]
      [Code Root Scanning (ms): Min: 0.0, Avg: 0.0, Max: 0.0, Diff: 0.0, Sum: 0.0]
      [Object Copy (ms): Min: 7.6, Avg: 8.8, Max: 9.3, Diff: 1.7, Sum: 70.3]
      [Termination (ms): Min: 0.0, Avg: 0.0, Max: 0.0, Diff: 0.0, Sum: 0.2]
         [Termination Attempts: Min: 1, Avg: 38.4, Max: 53, Diff: 52, Sum: 307]
      [GC Worker Other (ms): Min: 0.0, Avg: 0.0, Max: 0.0, Diff: 0.0, Sum: 0.2]
      [GC Worker Total (ms): Min: 16.3, Avg: 16.3, Max: 16.4, Diff: 0.2, Sum: 130.6]
      [GC Worker End (ms): Min: 237895.2, Avg: 237895.2, Max: 237895.2, Diff: 0.0]
   [Code Root Fixup: 0.0 ms]
   [Code Root Purge: 0.0 ms]
   [Clear CT: 0.1 ms]
   [Other: 1.2 ms]
      [Choose CSet: 0.0 ms]
      [Ref Proc: 0.9 ms]
      [Ref Enq: 0.0 ms]
      [Redirty Cards: 0.1 ms]
      [Humongous Register: 0.0 ms]
      [Humongous Reclaim: 0.0 ms]
      [Free CSet: 0.0 ms]
   [Eden: 22.0M(44.0M)->0.0B(44.0M) Survivors: 7168.0K->7168.0K Heap: 981.0M(1024.0M)->967.0M(1024.0M)]
 [Times: user=0.14 sys=0.00, real=0.02 secs] 
2020-03-29T13:01:21.020-0300: 237.897: Total time for which application threads were stopped: 0.0181068 seconds, Stopping threads took: 0.0000335 seconds
2020-03-29T13:01:21.020-0300: 237.897: [GC concurrent-root-region-scan-start]
2020-03-29T13:01:21.020-0300: 237.897: Application time: 0.0000615 seconds
2020-03-29T13:01:21.021-0300: 237.897: [GC pause (G1 Humongous Allocation) (young)2020-03-29T13:01:21.024-0300: 237.900: [GC concurrent-root-region-scan-end, 0.0035078 secs]
2020-03-29T13:01:21.024-0300: 237.900: [GC concurrent-mark-start]
, 0.0113594 secs]
   [Root Region Scan Waiting: 3.4 ms]
   [Parallel Time: 7.5 ms, GC Workers: 8]
      [GC Worker Start (ms): Min: 237900.2, Avg: 237900.3, Max: 237900.3, Diff: 0.1]
      [Ext Root Scanning (ms): Min: 0.1, Avg: 0.2, Max: 0.3, Diff: 0.1, Sum: 1.4]
      [Update RS (ms): Min: 3.1, Avg: 3.2, Max: 3.4, Diff: 0.3, Sum: 25.6]
         [Processed Buffers: Min: 6, Avg: 6.6, Max: 7, Diff: 1, Sum: 53]
      [Scan RS (ms): Min: 0.0, Avg: 0.0, Max: 0.0, Diff: 0.0, Sum: 0.0]
      [Code Root Scanning (ms): Min: 0.0, Avg: 0.0, Max: 0.0, Diff: 0.0, Sum: 0.0]
      [Object Copy (ms): Min: 3.7, Avg: 3.9, Max: 4.0, Diff: 0.3, Sum: 30.9]
      [Termination (ms): Min: 0.0, Avg: 0.0, Max: 0.0, Diff: 0.0, Sum: 0.3]
         [Termination Attempts: Min: 1, Avg: 46.4, Max: 63, Diff: 62, Sum: 371]
      [GC Worker Other (ms): Min: 0.0, Avg: 0.0, Max: 0.0, Diff: 0.0, Sum: 0.1]
      [GC Worker Total (ms): Min: 7.2, Avg: 7.3, Max: 7.4, Diff: 0.1, Sum: 58.3]
      [GC Worker End (ms): Min: 237907.5, Avg: 237907.5, Max: 237907.5, Diff: 0.0]
   [Code Root Fixup: 0.0 ms]
   [Code Root Purge: 0.0 ms]
   [Clear CT: 0.1 ms]
   [Other: 0.4 ms]
      [Choose CSet: 0.0 ms]
      [Ref Proc: 0.2 ms]
      [Ref Enq: 0.0 ms]
      [Redirty Cards: 0.1 ms]
      [Humongous Register: 0.0 ms]
      [Humongous Reclaim: 0.0 ms]
      [Free CSet: 0.0 ms]
   [Eden: 0.0B(44.0M)->0.0B(51.0M) Survivors: 7168.0K->0.0B Heap: 967.0M(1024.0M)->968.0M(1024.0M)]
 [Times: user=0.06 sys=0.00, real=0.01 secs] 
2020-03-29T13:01:21.032-0300: 237.908: Total time for which application threads were stopped: 0.0116040 seconds, Stopping threads took: 0.0000090 seconds
2020-03-29T13:01:21.448-0300: 238.324: Application time: 0.4159463 seconds
2020-03-29T13:01:21.448-0300: 238.324: [GC pause (G1 Evacuation Pause) (young) (to-space exhausted), 0.0440697 secs]
   [Parallel Time: 42.1 ms, GC Workers: 8]
      [GC Worker Start (ms): Min: 238324.3, Avg: 238324.4, Max: 238324.4, Diff: 0.1]
      [Ext Root Scanning (ms): Min: 0.1, Avg: 0.2, Max: 0.2, Diff: 0.1, Sum: 1.4]
      [Update RS (ms): Min: 37.5, Avg: 37.6, Max: 38.1, Diff: 0.7, Sum: 300.9]
         [Processed Buffers: Min: 50, Avg: 57.1, Max: 61, Diff: 11, Sum: 457]
      [Scan RS (ms): Min: 0.0, Avg: 0.0, Max: 0.0, Diff: 0.0, Sum: 0.0]
      [Code Root Scanning (ms): Min: 0.0, Avg: 0.0, Max: 0.0, Diff: 0.0, Sum: 0.0]
      [Object Copy (ms): Min: 0.0, Avg: 0.5, Max: 4.1, Diff: 4.1, Sum: 4.2]
      [Termination (ms): Min: 0.0, Avg: 3.5, Max: 4.2, Diff: 4.2, Sum: 28.1]
         [Termination Attempts: Min: 1, Avg: 1.0, Max: 1, Diff: 0, Sum: 8]
      [GC Worker Other (ms): Min: 0.0, Avg: 0.0, Max: 0.0, Diff: 0.0, Sum: 0.1]
      [GC Worker Total (ms): Min: 41.8, Avg: 41.8, Max: 42.0, Diff: 0.2, Sum: 334.7]
      [GC Worker End (ms): Min: 238366.2, Avg: 238366.2, Max: 238366.3, Diff: 0.2]
   [Code Root Fixup: 0.0 ms]
   [Code Root Purge: 0.0 ms]
   [Clear CT: 0.2 ms]
   [Other: 1.9 ms]
      [Evacuation Failure: 1.2 ms]
      [Choose CSet: 0.0 ms]
      [Ref Proc: 0.2 ms]
      [Ref Enq: 0.0 ms]
      [Redirty Cards: 0.3 ms]
      [Humongous Register: 0.0 ms]
      [Humongous Reclaim: 0.0 ms]
      [Free CSet: 0.0 ms]
   [Eden: 1024.0K(51.0M)->0.0B(51.0M) Survivors: 0.0B->0.0B Heap: 1021.8M(1024.0M)->1022.3M(1024.0M)]
 [Times: user=0.30 sys=0.00, real=0.05 secs] 
2020-03-29T13:01:21.492-0300: 238.368: Total time for which application threads were stopped: 0.0442459 seconds, Stopping threads took: 0.0000194 seconds
2020-03-29T13:01:21.492-0300: 238.369: [GC concurrent-mark-reset-for-overflow]
2020-03-29T13:01:21.492-0300: 238.369: Application time: 0.0000978 seconds
2020-03-29T13:01:21.492-0300: 238.369: [GC pause (G1 Evacuation Pause) (young), 0.0017909 secs]
   [Parallel Time: 1.1 ms, GC Workers: 8]
      [GC Worker Start (ms): Min: 238368.7, Avg: 238368.7, Max: 238368.7, Diff: 0.1]
      [Ext Root Scanning (ms): Min: 0.1, Avg: 0.1, Max: 0.2, Diff: 0.1, Sum: 1.2]
      [Update RS (ms): Min: 0.2, Avg: 0.3, Max: 0.9, Diff: 0.7, Sum: 2.4]
         [Processed Buffers: Min: 1, Avg: 1.2, Max: 2, Diff: 1, Sum: 10]
      [Scan RS (ms): Min: 0.0, Avg: 0.0, Max: 0.0, Diff: 0.0, Sum: 0.0]
      [Code Root Scanning (ms): Min: 0.0, Avg: 0.0, Max: 0.0, Diff: 0.0, Sum: 0.0]
      [Object Copy (ms): Min: 0.0, Avg: 0.0, Max: 0.0, Diff: 0.0, Sum: 0.0]
      [Termination (ms): Min: 0.0, Avg: 0.6, Max: 0.7, Diff: 0.7, Sum: 4.5]
         [Termination Attempts: Min: 1, Avg: 1.0, Max: 1, Diff: 0, Sum: 8]
      [GC Worker Other (ms): Min: 0.0, Avg: 0.0, Max: 0.0, Diff: 0.0, Sum: 0.0]
      [GC Worker Total (ms): Min: 1.0, Avg: 1.0, Max: 1.0, Diff: 0.1, Sum: 8.2]
      [GC Worker End (ms): Min: 238369.7, Avg: 238369.7, Max: 238369.8, Diff: 0.0]
   [Code Root Fixup: 0.0 ms]
   [Code Root Purge: 0.0 ms]
   [Clear CT: 0.3 ms]
   [Other: 0.4 ms]
      [Choose CSet: 0.0 ms]
      [Ref Proc: 0.2 ms]
      [Ref Enq: 0.0 ms]
      [Redirty Cards: 0.2 ms]
      [Humongous Register: 0.0 ms]
      [Humongous Reclaim: 0.0 ms]
      [Free CSet: 0.0 ms]
   [Eden: 0.0B(51.0M)->0.0B(51.0M) Survivors: 0.0B->0.0B Heap: 1022.3M(1024.0M)->1022.3M(1024.0M)]
 [Times: user=0.01 sys=0.00, real=0.00 secs] 
2020-03-29T13:01:21.494-0300: 238.371: Total time for which application threads were stopped: 0.0019897 seconds, Stopping threads took: 0.0000095 seconds
2020-03-29T13:01:21.494-0300: 238.371: Application time: 0.0001311 seconds
2020-03-29T13:01:21.495-0300: 238.371: [Full GC (Allocation Failure)  1022M->971M(1024M), 1.7655229 secs]
   [Eden: 0.0B(51.0M)->0.0B(51.0M) Survivors: 0.0B->0.0B Heap: 1022.3M(1024.0M)->971.2M(1024.0M)], [Metaspace: 9258K->9189K(1058816K)]
 [Times: user=3.32 sys=0.01, real=1.77 secs] 
2020-03-29T13:01:23.260-0300: 240.136: Total time for which application threads were stopped: 1.7656584 seconds, Stopping threads took: 0.0000059 seconds
2020-03-29T13:01:23.260-0300: 240.136: [GC concurrent-mark-abort]
2020-03-29T13:01:23.261-0300: 240.137: Application time: 0.0010451 seconds
2020-03-29T13:01:23.261-0300: 240.138: Total time for which application threads were stopped: 0.0002508 seconds, Stopping threads took: 0.0001508 seconds
2020-03-29T13:01:23.262-0300: 240.138: Application time: 0.0000971 seconds
2020-03-29T13:01:23.262-0300: 240.138: Total time for which application threads were stopped: 0.0002071 seconds, Stopping threads took: 0.0001289 seconds
2020-03-29T13:01:23.263-0300: 240.139: Application time: 0.0014349 seconds
2020-03-29T13:01:23.263-0300: 240.140: Total time for which application threads were stopped: 0.0001041 seconds, Stopping threads took: 0.0000263 seconds
2020-03-29T13:01:23.265-0300: 240.141: Application time: 0.0018432 seconds
2020-03-29T13:01:23.265-0300: 240.142: Total time for which application threads were stopped: 0.0001824 seconds, Stopping threads took: 0.0000819 seconds
2020-03-29T13:01:24.222-0300: 241.098: Application time: 0.9565420 seconds
2020-03-29T13:01:24.222-0300: 241.098: Total time for which application threads were stopped: 0.0001608 seconds, Stopping threads took: 0.0000298 seconds
2020-03-29T13:01:24.224-0300: 241.100: Application time: 0.0015838 seconds
2020-03-29T13:01:24.224-0300: 241.100: Total time for which application threads were stopped: 0.0000660 seconds, Stopping threads took: 0.0000167 seconds
2020-03-29T13:01:25.226-0300: 242.102: Application time: 1.0025536 seconds
2020-03-29T13:01:25.226-0300: 242.103: Total time for which application threads were stopped: 0.0001106 seconds, Stopping threads took: 0.0000201 seconds
2020-03-29T13:01:25.788-0300: 242.665: Application time: 0.5620225 seconds
2020-03-29T13:01:25.788-0300: 242.665: [GC pause (G1 Evacuation Pause) (young) (to-space exhausted), 0.2117704 secs]
   [Parallel Time: 198.6 ms, GC Workers: 8]
      [GC Worker Start (ms): Min: 242664.8, Avg: 242664.9, Max: 242665.0, Diff: 0.2]
      [Ext Root Scanning (ms): Min: 0.2, Avg: 0.3, Max: 0.4, Diff: 0.2, Sum: 2.0]
      [Update RS (ms): Min: 0.0, Avg: 0.9, Max: 2.5, Diff: 2.4, Sum: 7.2]
         [Processed Buffers: Min: 1, Avg: 1.0, Max: 1, Diff: 0, Sum: 8]
      [Scan RS (ms): Min: 0.0, Avg: 0.0, Max: 0.0, Diff: 0.0, Sum: 0.1]
      [Code Root Scanning (ms): Min: 0.0, Avg: 0.0, Max: 0.0, Diff: 0.0, Sum: 0.0]
      [Object Copy (ms): Min: 195.6, Avg: 197.2, Max: 198.1, Diff: 2.5, Sum: 1577.5]
      [Termination (ms): Min: 0.0, Avg: 0.0, Max: 0.1, Diff: 0.1, Sum: 0.4]
         [Termination Attempts: Min: 1, Avg: 1.1, Max: 2, Diff: 1, Sum: 9]
      [GC Worker Other (ms): Min: 0.0, Avg: 0.0, Max: 0.0, Diff: 0.0, Sum: 0.1]
      [GC Worker Total (ms): Min: 198.3, Avg: 198.4, Max: 198.6, Diff: 0.2, Sum: 1587.4]
      [GC Worker End (ms): Min: 242863.3, Avg: 242863.3, Max: 242863.3, Diff: 0.0]
   [Code Root Fixup: 0.0 ms]
   [Code Root Purge: 0.0 ms]
   [Clear CT: 0.1 ms]
   [Other: 13.0 ms]
      [Evacuation Failure: 12.4 ms]
      [Choose CSet: 0.0 ms]
      [Ref Proc: 0.2 ms]
      [Ref Enq: 0.0 ms]
      [Redirty Cards: 0.2 ms]
      [Humongous Register: 0.0 ms]
      [Humongous Reclaim: 0.0 ms]
      [Free CSet: 0.1 ms]
   [Eden: 51.0M(51.0M)->0.0B(50.0M) Survivors: 0.0B->1024.0K Heap: 1022.2M(1024.0M)->1006.2M(1024.0M)]
 [Times: user=0.30 sys=0.13, real=0.22 secs] 
2020-03-29T13:01:26.000-0300: 242.877: Total time for which application threads were stopped: 0.2119747 seconds, Stopping threads took: 0.0000221 seconds
2020-03-29T13:01:26.229-0300: 243.105: Application time: 0.2283745 seconds
2020-03-29T13:01:26.229-0300: 243.105: Total time for which application threads were stopped: 0.0001158 seconds, Stopping threads took: 0.0000390 seconds
2020-03-29T13:01:27.008-0300: 243.884: Application time: 0.7793095 seconds
2020-03-29T13:01:27.008-0300: 243.884: [GC pause (G1 Evacuation Pause) (young) (initial-mark) (to-space exhausted), 0.0964338 secs]
   [Parallel Time: 90.7 ms, GC Workers: 8]
      [GC Worker Start (ms): Min: 243884.6, Avg: 243884.7, Max: 243884.8, Diff: 0.2]
      [Ext Root Scanning (ms): Min: 6.0, Avg: 6.3, Max: 6.8, Diff: 0.8, Sum: 50.3]
      [Update RS (ms): Min: 4.1, Avg: 4.4, Max: 5.3, Diff: 1.3, Sum: 35.3]
         [Processed Buffers: Min: 7, Avg: 14.4, Max: 17, Diff: 10, Sum: 115]
      [Scan RS (ms): Min: 0.0, Avg: 0.0, Max: 0.1, Diff: 0.1, Sum: 0.2]
      [Code Root Scanning (ms): Min: 0.0, Avg: 0.0, Max: 0.0, Diff: 0.0, Sum: 0.0]
      [Object Copy (ms): Min: 78.9, Avg: 79.8, Max: 80.3, Diff: 1.4, Sum: 638.0]
      [Termination (ms): Min: 0.0, Avg: 0.1, Max: 0.1, Diff: 0.1, Sum: 0.5]
         [Termination Attempts: Min: 1, Avg: 15.8, Max: 23, Diff: 22, Sum: 126]
      [GC Worker Other (ms): Min: 0.0, Avg: 0.0, Max: 0.0, Diff: 0.0, Sum: 0.1]
      [GC Worker Total (ms): Min: 90.4, Avg: 90.6, Max: 90.6, Diff: 0.2, Sum: 724.4]
      [GC Worker End (ms): Min: 243975.3, Avg: 243975.3, Max: 243975.3, Diff: 0.0]
   [Code Root Fixup: 0.0 ms]
   [Code Root Purge: 0.0 ms]
   [Clear CT: 0.1 ms]
   [Other: 5.6 ms]
      [Evacuation Failure: 5.0 ms]
      [Choose CSet: 0.0 ms]
      [Ref Proc: 0.1 ms]
      [Ref Enq: 0.0 ms]
      [Redirty Cards: 0.2 ms]
      [Humongous Register: 0.0 ms]
      [Humongous Reclaim: 0.0 ms]
      [Free CSet: 0.0 ms]
   [Eden: 17.0M(50.0M)->0.0B(51.0M) Survivors: 1024.0K->0.0B Heap: 1023.2M(1024.0M)->1016.2M(1024.0M)]
 [Times: user=0.16 sys=0.06, real=0.10 secs] 
2020-03-29T13:01:27.105-0300: 243.981: [GC concurrent-root-region-scan-start]
2020-03-29T13:01:27.105-0300: 243.981: Total time for which application threads were stopped: 0.0966693 seconds, Stopping threads took: 0.0000438 seconds
2020-03-29T13:01:27.105-0300: 243.981: [GC concurrent-root-region-scan-end, 0.0000220 secs]
2020-03-29T13:01:27.105-0300: 243.981: [GC concurrent-mark-start]
2020-03-29T13:01:27.106-0300: 243.982: Application time: 0.0012677 seconds
2020-03-29T13:01:27.106-0300: 243.982: [GC pause (G1 Evacuation Pause) (young) (to-space exhausted), 0.0339200 secs]
   [Parallel Time: 30.5 ms, GC Workers: 8]
      [GC Worker Start (ms): Min: 243982.4, Avg: 243982.5, Max: 243982.5, Diff: 0.1]
      [Ext Root Scanning (ms): Min: 0.1, Avg: 0.1, Max: 0.2, Diff: 0.1, Sum: 1.1]
      [Update RS (ms): Min: 1.9, Avg: 2.0, Max: 2.1, Diff: 0.2, Sum: 15.7]
         [Processed Buffers: Min: 9, Avg: 9.6, Max: 11, Diff: 2, Sum: 77]
      [Scan RS (ms): Min: 0.0, Avg: 0.0, Max: 0.0, Diff: 0.0, Sum: 0.0]
      [Code Root Scanning (ms): Min: 0.0, Avg: 0.0, Max: 0.0, Diff: 0.0, Sum: 0.0]
      [Object Copy (ms): Min: 0.0, Avg: 7.0, Max: 28.2, Diff: 28.2, Sum: 56.3]
      [Termination (ms): Min: 0.0, Avg: 21.1, Max: 28.2, Diff: 28.2, Sum: 168.7]
         [Termination Attempts: Min: 1, Avg: 1.0, Max: 1, Diff: 0, Sum: 8]
      [GC Worker Other (ms): Min: 0.0, Avg: 0.0, Max: 0.0, Diff: 0.0, Sum: 0.1]
      [GC Worker Total (ms): Min: 30.2, Avg: 30.3, Max: 30.4, Diff: 0.3, Sum: 242.0]
      [GC Worker End (ms): Min: 244012.7, Avg: 244012.7, Max: 244012.8, Diff: 0.2]
   [Code Root Fixup: 0.0 ms]
   [Code Root Purge: 0.0 ms]
   [Clear CT: 0.1 ms]
   [Other: 3.3 ms]
      [Evacuation Failure: 2.7 ms]
      [Choose CSet: 0.0 ms]
      [Ref Proc: 0.2 ms]
      [Ref Enq: 0.0 ms]
      [Redirty Cards: 0.3 ms]
      [Humongous Register: 0.0 ms]
      [Humongous Reclaim: 0.0 ms]
      [Free CSet: 0.0 ms]
   [Eden: 7168.0K(51.0M)->0.0B(51.0M) Survivors: 0.0B->0.0B Heap: 1023.2M(1024.0M)->1023.2M(1024.0M)]
 [Times: user=0.23 sys=0.00, real=0.04 secs] 
2020-03-29T13:01:27.140-0300: 244.016: Total time for which application threads were stopped: 0.0341448 seconds, Stopping threads took: 0.0000136 seconds
2020-03-29T13:01:27.140-0300: 244.017: Application time: 0.0001671 seconds
2020-03-29T13:01:27.140-0300: 244.017: [GC pause (G1 Evacuation Pause) (young), 0.0027043 secs]
   [Parallel Time: 2.1 ms, GC Workers: 8]
      [GC Worker Start (ms): Min: 244016.7, Avg: 244016.8, Max: 244017.0, Diff: 0.2]
      [Ext Root Scanning (ms): Min: 0.0, Avg: 0.1, Max: 0.2, Diff: 0.2, Sum: 1.0]
      [Update RS (ms): Min: 1.5, Avg: 1.6, Max: 1.7, Diff: 0.1, Sum: 12.8]
         [Processed Buffers: Min: 6, Avg: 7.8, Max: 10, Diff: 4, Sum: 62]
      [Scan RS (ms): Min: 0.0, Avg: 0.0, Max: 0.0, Diff: 0.0, Sum: 0.0]
      [Code Root Scanning (ms): Min: 0.0, Avg: 0.0, Max: 0.0, Diff: 0.0, Sum: 0.0]
      [Object Copy (ms): Min: 0.0, Avg: 0.0, Max: 0.0, Diff: 0.0, Sum: 0.1]
      [Termination (ms): Min: 0.0, Avg: 0.1, Max: 0.2, Diff: 0.2, Sum: 1.1]
         [Termination Attempts: Min: 1, Avg: 1.0, Max: 1, Diff: 0, Sum: 8]
      [GC Worker Other (ms): Min: 0.0, Avg: 0.0, Max: 0.0, Diff: 0.0, Sum: 0.1]
      [GC Worker Total (ms): Min: 1.7, Avg: 1.9, Max: 2.0, Diff: 0.3, Sum: 15.1]
      [GC Worker End (ms): Min: 244018.7, Avg: 244018.7, Max: 244018.8, Diff: 0.1]
   [Code Root Fixup: 0.0 ms]
   [Code Root Purge: 0.0 ms]
   [Clear CT: 0.2 ms]
   [Other: 0.4 ms]
      [Choose CSet: 0.0 ms]
      [Ref Proc: 0.2 ms]
      [Ref Enq: 0.0 ms]
      [Redirty Cards: 0.1 ms]
      [Humongous Register: 0.0 ms]
      [Humongous Reclaim: 0.0 ms]
      [Free CSet: 0.0 ms]
   [Eden: 0.0B(51.0M)->0.0B(51.0M) Survivors: 0.0B->0.0B Heap: 1023.2M(1024.0M)->1023.2M(1024.0M)]
 [Times: user=0.01 sys=0.00, real=0.00 secs] 
2020-03-29T13:01:27.143-0300: 244.020: Total time for which application threads were stopped: 0.0028724 seconds, Stopping threads took: 0.0000113 seconds
2020-03-29T13:01:27.143-0300: 244.020: Application time: 0.0001353 seconds
2020-03-29T13:01:27.144-0300: 244.020: [Full GC (Allocation Failure)  1023M->987M(1024M), 1.5522692 secs]
   [Eden: 0.0B(51.0M)->0.0B(51.0M) Survivors: 0.0B->0.0B Heap: 1023.2M(1024.0M)->987.7M(1024.0M)], [Metaspace: 9272K->9205K(1058816K)]
 [Times: user=3.14 sys=0.01, real=1.55 secs] 
2020-03-29T13:01:28.696-0300: 245.572: Total time for which application threads were stopped: 1.5524451 seconds, Stopping threads took: 0.0000070 seconds
2020-03-29T13:01:28.696-0300: 245.572: [GC concurrent-mark-abort]
2020-03-29T13:01:28.697-0300: 245.573: Application time: 0.0007835 seconds
2020-03-29T13:01:28.697-0300: 245.573: Total time for which application threads were stopped: 0.0001208 seconds, Stopping threads took: 0.0000215 seconds
2020-03-29T13:01:28.698-0300: 245.574: Application time: 0.0013665 seconds
2020-03-29T13:01:28.698-0300: 245.574: Total time for which application threads were stopped: 0.0000877 seconds, Stopping threads took: 0.0000114 seconds
2020-03-29T13:01:28.700-0300: 245.576: Application time: 0.0019892 seconds
2020-03-29T13:01:28.700-0300: 245.577: Total time for which application threads were stopped: 0.0001253 seconds, Stopping threads took: 0.0000262 seconds
2020-03-29T13:01:29.236-0300: 246.112: Application time: 0.5355706 seconds
2020-03-29T13:01:29.236-0300: 246.112: Total time for which application threads were stopped: 0.0001448 seconds, Stopping threads took: 0.0000232 seconds
2020-03-29T13:01:30.239-0300: 247.115: Application time: 1.0031560 seconds
2020-03-29T13:01:30.239-0300: 247.116: Total time for which application threads were stopped: 0.0001343 seconds, Stopping threads took: 0.0000341 seconds
2020-03-29T13:01:30.717-0300: 247.593: Application time: 0.4777845 seconds
2020-03-29T13:01:30.717-0300: 247.593: [GC pause (G1 Evacuation Pause) (young) (to-space exhausted), 0.1567616 secs]
   [Parallel Time: 147.6 ms, GC Workers: 8]
      [GC Worker Start (ms): Min: 247593.5, Avg: 247593.6, Max: 247593.6, Diff: 0.1]
      [Ext Root Scanning (ms): Min: 0.1, Avg: 0.2, Max: 0.5, Diff: 0.4, Sum: 1.8]
      [Update RS (ms): Min: 0.0, Avg: 0.4, Max: 1.7, Diff: 1.7, Sum: 3.1]
         [Processed Buffers: Min: 0, Avg: 0.9, Max: 6, Diff: 6, Sum: 7]
      [Scan RS (ms): Min: 0.0, Avg: 0.0, Max: 0.0, Diff: 0.0, Sum: 0.0]
      [Code Root Scanning (ms): Min: 0.0, Avg: 1.9, Max: 14.9, Diff: 14.9, Sum: 14.9]
      [Object Copy (ms): Min: 130.7, Avg: 144.9, Max: 147.2, Diff: 16.6, Sum: 1159.5]
      [Termination (ms): Min: 0.0, Avg: 0.0, Max: 0.1, Diff: 0.1, Sum: 0.4]
         [Termination Attempts: Min: 1, Avg: 1.0, Max: 1, Diff: 0, Sum: 8]
      [GC Worker Other (ms): Min: 0.0, Avg: 0.0, Max: 0.0, Diff: 0.0, Sum: 0.1]
      [GC Worker Total (ms): Min: 147.4, Avg: 147.5, Max: 147.5, Diff: 0.1, Sum: 1179.8]
      [GC Worker End (ms): Min: 247741.0, Avg: 247741.1, Max: 247741.1, Diff: 0.1]
   [Code Root Fixup: 0.0 ms]
   [Code Root Purge: 0.0 ms]
   [Clear CT: 0.1 ms]
   [Other: 9.0 ms]
      [Evacuation Failure: 8.5 ms]
      [Choose CSet: 0.0 ms]
      [Ref Proc: 0.1 ms]
      [Ref Enq: 0.0 ms]
      [Redirty Cards: 0.2 ms]
      [Humongous Register: 0.0 ms]
      [Humongous Reclaim: 0.0 ms]
      [Free CSet: 0.1 ms]
   [Eden: 36.0M(51.0M)->0.0B(51.0M) Survivors: 0.0B->0.0B Heap: 1023.7M(1024.0M)->1011.7M(1024.0M)]
 [Times: user=0.23 sys=0.10, real=0.16 secs] 
2020-03-29T13:01:30.874-0300: 247.750: Total time for which application threads were stopped: 0.1569559 seconds, Stopping threads took: 0.0000183 seconds
2020-03-29T13:01:31.239-0300: 248.115: Application time: 0.3647367 seconds
2020-03-29T13:01:31.239-0300: 248.115: Total time for which application threads were stopped: 0.0000940 seconds, Stopping threads took: 0.0000186 seconds
2020-03-29T13:01:31.380-0300: 248.256: Application time: 0.1408861 seconds
2020-03-29T13:01:31.380-0300: 248.256: [GC pause (G1 Evacuation Pause) (young) (initial-mark) (to-space exhausted), 0.0649851 secs]
   [Parallel Time: 58.7 ms, GC Workers: 8]
      [GC Worker Start (ms): Min: 248256.3, Avg: 248256.4, Max: 248256.4, Diff: 0.2]
      [Ext Root Scanning (ms): Min: 0.2, Avg: 0.3, Max: 0.4, Diff: 0.2, Sum: 2.3]
      [Update RS (ms): Min: 0.0, Avg: 6.6, Max: 7.9, Diff: 7.9, Sum: 52.8]
         [Processed Buffers: Min: 0, Avg: 22.1, Max: 27, Diff: 27, Sum: 177]
      [Scan RS (ms): Min: 0.0, Avg: 0.0, Max: 0.0, Diff: 0.0, Sum: 0.0]
      [Code Root Scanning (ms): Min: 0.0, Avg: 0.0, Max: 0.0, Diff: 0.0, Sum: 0.0]
      [Object Copy (ms): Min: 50.3, Avg: 51.6, Max: 58.2, Diff: 7.9, Sum: 412.6]
      [Termination (ms): Min: 0.0, Avg: 0.0, Max: 0.0, Diff: 0.0, Sum: 0.3]
         [Termination Attempts: Min: 1, Avg: 42.9, Max: 57, Diff: 56, Sum: 343]
      [GC Worker Other (ms): Min: 0.0, Avg: 0.0, Max: 0.0, Diff: 0.0, Sum: 0.1]
      [GC Worker Total (ms): Min: 58.4, Avg: 58.5, Max: 58.6, Diff: 0.2, Sum: 468.1]
      [GC Worker End (ms): Min: 248314.9, Avg: 248314.9, Max: 248314.9, Diff: 0.0]
   [Code Root Fixup: 0.0 ms]
   [Code Root Purge: 0.0 ms]
   [Clear CT: 0.1 ms]
   [Other: 6.1 ms]
      [Evacuation Failure: 5.6 ms]
      [Choose CSet: 0.0 ms]
      [Ref Proc: 0.2 ms]
      [Ref Enq: 0.0 ms]
      [Redirty Cards: 0.1 ms]
      [Humongous Register: 0.0 ms]
      [Humongous Reclaim: 0.0 ms]
      [Free CSet: 0.0 ms]
   [Eden: 12.0M(51.0M)->0.0B(51.0M) Survivors: 0.0B->0.0B Heap: 1023.7M(1024.0M)->1023.7M(1024.0M)]
 [Times: user=0.15 sys=0.00, real=0.06 secs] 
2020-03-29T13:01:31.445-0300: 248.321: Total time for which application threads were stopped: 0.0652181 seconds, Stopping threads took: 0.0000231 seconds
2020-03-29T13:01:31.445-0300: 248.321: [GC concurrent-root-region-scan-start]
2020-03-29T13:01:31.445-0300: 248.321: Application time: 0.0000282 seconds
2020-03-29T13:01:31.445-0300: 248.321: [GC concurrent-root-region-scan-end, 0.0000208 secs]
2020-03-29T13:01:31.445-0300: 248.321: [GC concurrent-mark-start]
2020-03-29T13:01:31.445-0300: 248.321: [GC pause (G1 Evacuation Pause) (young), 0.0036706 secs]
   [Parallel Time: 3.3 ms, GC Workers: 8]
      [GC Worker Start (ms): Min: 248321.4, Avg: 248321.4, Max: 248321.5, Diff: 0.1]
      [Ext Root Scanning (ms): Min: 0.1, Avg: 0.2, Max: 0.2, Diff: 0.1, Sum: 1.2]
      [Update RS (ms): Min: 2.8, Avg: 2.9, Max: 2.9, Diff: 0.1, Sum: 22.8]
         [Processed Buffers: Min: 11, Avg: 13.2, Max: 15, Diff: 4, Sum: 106]
      [Scan RS (ms): Min: 0.0, Avg: 0.0, Max: 0.0, Diff: 0.0, Sum: 0.0]
      [Code Root Scanning (ms): Min: 0.0, Avg: 0.0, Max: 0.0, Diff: 0.0, Sum: 0.0]
      [Object Copy (ms): Min: 0.0, Avg: 0.0, Max: 0.0, Diff: 0.0, Sum: 0.1]
      [Termination (ms): Min: 0.0, Avg: 0.1, Max: 0.2, Diff: 0.2, Sum: 1.0]
         [Termination Attempts: Min: 1, Avg: 1.0, Max: 1, Diff: 0, Sum: 8]
      [GC Worker Other (ms): Min: 0.0, Avg: 0.0, Max: 0.0, Diff: 0.0, Sum: 0.1]
      [GC Worker Total (ms): Min: 3.1, Avg: 3.1, Max: 3.2, Diff: 0.1, Sum: 25.1]
      [GC Worker End (ms): Min: 248324.5, Avg: 248324.6, Max: 248324.6, Diff: 0.1]
   [Code Root Fixup: 0.0 ms]
   [Code Root Purge: 0.0 ms]
   [Clear CT: 0.1 ms]
   [Other: 0.3 ms]
      [Choose CSet: 0.0 ms]
      [Ref Proc: 0.2 ms]
      [Ref Enq: 0.0 ms]
      [Redirty Cards: 0.1 ms]
      [Humongous Register: 0.0 ms]
      [Humongous Reclaim: 0.0 ms]
      [Free CSet: 0.0 ms]
   [Eden: 0.0B(51.0M)->0.0B(51.0M) Survivors: 0.0B->0.0B Heap: 1023.7M(1024.0M)->1023.7M(1024.0M)]
 [Times: user=0.02 sys=0.00, real=0.00 secs] 
2020-03-29T13:01:31.449-0300: 248.325: Total time for which application threads were stopped: 0.0038040 seconds, Stopping threads took: 0.0000082 seconds
2020-03-29T13:01:31.449-0300: 248.325: Application time: 0.0001573 seconds
2020-03-29T13:01:31.449-0300: 248.325: [Full GC (Allocation Failure)  1023M->996M(1024M), 1.5602468 secs]
   [Eden: 0.0B(51.0M)->0.0B(51.0M) Survivors: 0.0B->0.0B Heap: 1023.7M(1024.0M)->997.0M(1024.0M)], [Metaspace: 9278K->9211K(1058816K)]
 [Times: user=3.17 sys=0.01, real=1.56 secs] 
2020-03-29T13:01:33.009-0300: 249.886: Total time for which application threads were stopped: 1.5603678 seconds, Stopping threads took: 0.0000077 seconds
2020-03-29T13:01:33.010-0300: 249.886: [GC concurrent-mark-abort]
2020-03-29T13:01:33.010-0300: 249.887: Application time: 0.0009741 seconds
2020-03-29T13:01:33.011-0300: 249.887: Total time for which application threads were stopped: 0.0001628 seconds, Stopping threads took: 0.0000479 seconds
2020-03-29T13:01:33.012-0300: 249.888: Application time: 0.0011915 seconds
2020-03-29T13:01:33.012-0300: 249.888: Total time for which application threads were stopped: 0.0000630 seconds, Stopping threads took: 0.0000108 seconds
2020-03-29T13:01:33.014-0300: 249.890: Application time: 0.0020559 seconds
2020-03-29T13:01:33.014-0300: 249.890: Total time for which application threads were stopped: 0.0001483 seconds, Stopping threads took: 0.0000360 seconds
2020-03-29T13:01:33.246-0300: 250.122: Application time: 0.2321482 seconds
2020-03-29T13:01:33.246-0300: 250.122: Total time for which application threads were stopped: 0.0001095 seconds, Stopping threads took: 0.0000201 seconds
2020-03-29T13:01:34.247-0300: 251.124: Application time: 1.0010345 seconds
2020-03-29T13:01:34.247-0300: 251.124: Total time for which application threads were stopped: 0.0000851 seconds, Stopping threads took: 0.0000156 seconds
2020-03-29T13:01:34.525-0300: 251.402: Application time: 0.2780505 seconds
2020-03-29T13:01:34.526-0300: 251.402: [GC pause (G1 Evacuation Pause) (young) (to-space exhausted), 0.1165432 secs]
   [Parallel Time: 109.0 ms, GC Workers: 8]
      [GC Worker Start (ms): Min: 251401.8, Avg: 251401.9, Max: 251402.0, Diff: 0.1]
      [Ext Root Scanning (ms): Min: 0.1, Avg: 0.2, Max: 0.4, Diff: 0.3, Sum: 1.7]
      [Update RS (ms): Min: 0.0, Avg: 0.3, Max: 2.4, Diff: 2.4, Sum: 2.4]
         [Processed Buffers: Min: 0, Avg: 0.8, Max: 6, Diff: 6, Sum: 6]
      [Scan RS (ms): Min: 0.0, Avg: 0.0, Max: 0.0, Diff: 0.0, Sum: 0.0]
      [Code Root Scanning (ms): Min: 0.0, Avg: 0.0, Max: 0.0, Diff: 0.0, Sum: 0.0]
      [Object Copy (ms): Min: 106.1, Avg: 108.2, Max: 108.5, Diff: 2.4, Sum: 865.5]
      [Termination (ms): Min: 0.0, Avg: 0.1, Max: 0.2, Diff: 0.2, Sum: 1.0]
         [Termination Attempts: Min: 1, Avg: 82.4, Max: 103, Diff: 102, Sum: 659]
      [GC Worker Other (ms): Min: 0.0, Avg: 0.0, Max: 0.0, Diff: 0.0, Sum: 0.1]
      [GC Worker Total (ms): Min: 108.8, Avg: 108.8, Max: 108.9, Diff: 0.1, Sum: 870.6]
      [GC Worker End (ms): Min: 251510.7, Avg: 251510.7, Max: 251510.8, Diff: 0.0]
   [Code Root Fixup: 0.0 ms]
   [Code Root Purge: 0.0 ms]
   [Clear CT: 0.1 ms]
   [Other: 7.5 ms]
      [Evacuation Failure: 6.9 ms]
      [Choose CSet: 0.0 ms]
      [Ref Proc: 0.2 ms]
      [Ref Enq: 0.0 ms]
      [Redirty Cards: 0.2 ms]
      [Humongous Register: 0.0 ms]
      [Humongous Reclaim: 0.0 ms]
      [Free CSet: 0.1 ms]
   [Eden: 26.0M(51.0M)->0.0B(51.0M) Survivors: 0.0B->0.0B Heap: 1023.0M(1024.0M)->1015.0M(1024.0M)]
 [Times: user=0.17 sys=0.07, real=0.12 secs] 
2020-03-29T13:01:34.642-0300: 251.518: Total time for which application threads were stopped: 0.1167299 seconds, Stopping threads took: 0.0000175 seconds
2020-03-29T13:01:34.643-0300: 251.520: Application time: 0.0012391 seconds
2020-03-29T13:01:34.644-0300: 251.520: [GC pause (G1 Evacuation Pause) (young) (initial-mark) (to-space exhausted), 0.0364373 secs]
   [Parallel Time: 32.1 ms, GC Workers: 8]
      [GC Worker Start (ms): Min: 251519.8, Avg: 251519.8, Max: 251519.9, Diff: 0.1]
      [Ext Root Scanning (ms): Min: 0.2, Avg: 0.3, Max: 0.3, Diff: 0.1, Sum: 2.4]
      [Update RS (ms): Min: 3.5, Avg: 3.6, Max: 3.7, Diff: 0.2, Sum: 28.6]
         [Processed Buffers: Min: 14, Avg: 16.9, Max: 19, Diff: 5, Sum: 135]
      [Scan RS (ms): Min: 0.0, Avg: 0.0, Max: 0.0, Diff: 0.0, Sum: 0.0]
      [Code Root Scanning (ms): Min: 0.0, Avg: 0.0, Max: 0.0, Diff: 0.0, Sum: 0.0]
      [Object Copy (ms): Min: 27.9, Avg: 28.0, Max: 28.1, Diff: 0.2, Sum: 224.1]
      [Termination (ms): Min: 0.0, Avg: 0.0, Max: 0.0, Diff: 0.0, Sum: 0.1]
         [Termination Attempts: Min: 1, Avg: 11.2, Max: 17, Diff: 16, Sum: 90]
      [GC Worker Other (ms): Min: 0.0, Avg: 0.0, Max: 0.0, Diff: 0.0, Sum: 0.1]
      [GC Worker Total (ms): Min: 31.9, Avg: 31.9, Max: 32.0, Diff: 0.1, Sum: 255.3]
      [GC Worker End (ms): Min: 251551.8, Avg: 251551.8, Max: 251551.8, Diff: 0.0]
   [Code Root Fixup: 0.0 ms]
   [Code Root Purge: 0.0 ms]
   [Clear CT: 0.1 ms]
   [Other: 4.2 ms]
      [Evacuation Failure: 3.5 ms]
      [Choose CSet: 0.0 ms]
      [Ref Proc: 0.3 ms]
      [Ref Enq: 0.0 ms]
      [Redirty Cards: 0.3 ms]
      [Humongous Register: 0.0 ms]
      [Humongous Reclaim: 0.0 ms]
      [Free CSet: 0.1 ms]
   [Eden: 8192.0K(51.0M)->0.0B(51.0M) Survivors: 0.0B->0.0B Heap: 1023.0M(1024.0M)->1023.0M(1024.0M)]
 [Times: user=0.08 sys=0.00, real=0.04 secs] 
2020-03-29T13:01:34.680-0300: 251.556: Total time for which application threads were stopped: 0.0366010 seconds, Stopping threads took: 0.0000098 seconds
2020-03-29T13:01:34.680-0300: 251.556: [GC concurrent-root-region-scan-start]
2020-03-29T13:01:34.680-0300: 251.556: [GC concurrent-root-region-scan-end, 0.0000143 secs]
2020-03-29T13:01:34.680-0300: 251.556: [GC concurrent-mark-start]
2020-03-29T13:01:34.680-0300: 251.556: Application time: 0.0000687 seconds
2020-03-29T13:01:34.680-0300: 251.556: [GC pause (G1 Evacuation Pause) (young), 0.0028562 secs]
   [Parallel Time: 2.3 ms, GC Workers: 8]
      [GC Worker Start (ms): Min: 251556.4, Avg: 251556.5, Max: 251556.5, Diff: 0.1]
      [Ext Root Scanning (ms): Min: 0.1, Avg: 0.2, Max: 0.2, Diff: 0.1, Sum: 1.2]
      [Update RS (ms): Min: 1.7, Avg: 1.8, Max: 1.8, Diff: 0.1, Sum: 14.1]
         [Processed Buffers: Min: 7, Avg: 9.2, Max: 11, Diff: 4, Sum: 74]
      [Scan RS (ms): Min: 0.0, Avg: 0.0, Max: 0.0, Diff: 0.0, Sum: 0.0]
      [Code Root Scanning (ms): Min: 0.0, Avg: 0.0, Max: 0.0, Diff: 0.0, Sum: 0.0]
      [Object Copy (ms): Min: 0.0, Avg: 0.0, Max: 0.0, Diff: 0.0, Sum: 0.0]
      [Termination (ms): Min: 0.0, Avg: 0.1, Max: 0.2, Diff: 0.2, Sum: 0.5]
         [Termination Attempts: Min: 1, Avg: 1.0, Max: 1, Diff: 0, Sum: 8]
      [GC Worker Other (ms): Min: 0.0, Avg: 0.0, Max: 0.0, Diff: 0.0, Sum: 0.1]
      [GC Worker Total (ms): Min: 1.9, Avg: 2.0, Max: 2.1, Diff: 0.2, Sum: 16.0]
      [GC Worker End (ms): Min: 251558.5, Avg: 251558.5, Max: 251558.6, Diff: 0.1]
   [Code Root Fixup: 0.0 ms]
   [Code Root Purge: 0.0 ms]
   [Clear CT: 0.2 ms]
   [Other: 0.4 ms]
      [Choose CSet: 0.0 ms]
      [Ref Proc: 0.2 ms]
      [Ref Enq: 0.0 ms]
      [Redirty Cards: 0.2 ms]
      [Humongous Register: 0.0 ms]
      [Humongous Reclaim: 0.0 ms]
      [Free CSet: 0.0 ms]
   [Eden: 0.0B(51.0M)->0.0B(51.0M) Survivors: 0.0B->0.0B Heap: 1023.0M(1024.0M)->1023.0M(1024.0M)]
 [Times: user=0.01 sys=0.00, real=0.00 secs] 
2020-03-29T13:01:34.683-0300: 251.559: Total time for which application threads were stopped: 0.0030024 seconds, Stopping threads took: 0.0000104 seconds
2020-03-29T13:01:34.683-0300: 251.560: Application time: 0.0002243 seconds
2020-03-29T13:01:34.683-0300: 251.560: [Full GC (Allocation Failure)  1022M->1004M(1024M), 1.5605220 secs]
   [Eden: 0.0B(51.0M)->0.0B(51.0M) Survivors: 0.0B->0.0B Heap: 1023.0M(1024.0M)->1004.7M(1024.0M)], [Metaspace: 9280K->9217K(1058816K)]
 [Times: user=3.21 sys=0.00, real=1.56 secs] 
2020-03-29T13:01:36.244-0300: 253.120: Total time for which application threads were stopped: 1.5606310 seconds, Stopping threads took: 0.0000055 seconds
2020-03-29T13:01:36.244-0300: 253.120: [GC concurrent-mark-abort]
2020-03-29T13:01:36.245-0300: 253.121: Application time: 0.0006686 seconds
2020-03-29T13:01:36.245-0300: 253.121: Total time for which application threads were stopped: 0.0000851 seconds, Stopping threads took: 0.0000101 seconds
2020-03-29T13:01:36.245-0300: 253.121: Application time: 0.0000386 seconds
2020-03-29T13:01:36.245-0300: 253.121: Total time for which application threads were stopped: 0.0000793 seconds, Stopping threads took: 0.0000062 seconds
2020-03-29T13:01:36.246-0300: 253.122: Application time: 0.0012104 seconds
2020-03-29T13:01:36.246-0300: 253.122: Total time for which application threads were stopped: 0.0002225 seconds, Stopping threads took: 0.0000243 seconds
2020-03-29T13:01:36.249-0300: 253.125: Application time: 0.0022146 seconds
2020-03-29T13:01:36.249-0300: 253.125: Total time for which application threads were stopped: 0.0001262 seconds, Stopping threads took: 0.0000142 seconds
2020-03-29T13:01:36.253-0300: 253.129: Application time: 0.0040542 seconds
2020-03-29T13:01:36.253-0300: 253.129: Total time for which application threads were stopped: 0.0000670 seconds, Stopping threads took: 0.0000273 seconds
2020-03-29T13:01:36.288-0300: 253.165: Application time: 0.0356443 seconds
2020-03-29T13:01:36.289-0300: 253.165: Total time for which application threads were stopped: 0.0000806 seconds, Stopping threads took: 0.0000177 seconds
2020-03-29T13:01:37.253-0300: 254.129: Application time: 0.9641149 seconds
2020-03-29T13:01:37.253-0300: 254.129: Total time for which application threads were stopped: 0.0001838 seconds, Stopping threads took: 0.0000975 seconds
2020-03-29T13:01:37.253-0300: 254.130: Application time: 0.0005886 seconds
2020-03-29T13:01:37.253-0300: 254.130: [GC pause (G1 Evacuation Pause) (young) (to-space exhausted), 0.0882388 secs]
   [Parallel Time: 82.0 ms, GC Workers: 8]
      [GC Worker Start (ms): Min: 254129.8, Avg: 254129.8, Max: 254130.1, Diff: 0.3]
      [Ext Root Scanning (ms): Min: 0.0, Avg: 0.2, Max: 0.5, Diff: 0.5, Sum: 1.9]
      [Update RS (ms): Min: 0.0, Avg: 0.2, Max: 1.1, Diff: 1.1, Sum: 1.6]
         [Processed Buffers: Min: 0, Avg: 0.6, Max: 2, Diff: 2, Sum: 5]
      [Scan RS (ms): Min: 0.0, Avg: 0.0, Max: 0.0, Diff: 0.0, Sum: 0.0]
      [Code Root Scanning (ms): Min: 0.0, Avg: 0.0, Max: 0.0, Diff: 0.0, Sum: 0.0]
      [Object Copy (ms): Min: 80.5, Avg: 81.4, Max: 81.6, Diff: 1.2, Sum: 651.1]
      [Termination (ms): Min: 0.0, Avg: 0.1, Max: 0.1, Diff: 0.1, Sum: 0.4]
         [Termination Attempts: Min: 1, Avg: 2.4, Max: 4, Diff: 3, Sum: 19]
      [GC Worker Other (ms): Min: 0.0, Avg: 0.0, Max: 0.0, Diff: 0.0, Sum: 0.1]
      [GC Worker Total (ms): Min: 81.7, Avg: 81.9, Max: 82.0, Diff: 0.3, Sum: 655.1]
      [GC Worker End (ms): Min: 254211.7, Avg: 254211.7, Max: 254211.8, Diff: 0.0]
   [Code Root Fixup: 0.0 ms]
   [Code Root Purge: 0.0 ms]
   [Clear CT: 0.1 ms]
   [Other: 6.1 ms]
      [Evacuation Failure: 5.6 ms]
      [Choose CSet: 0.0 ms]
      [Ref Proc: 0.1 ms]
      [Ref Enq: 0.0 ms]
      [Redirty Cards: 0.2 ms]
      [Humongous Register: 0.0 ms]
      [Humongous Reclaim: 0.0 ms]
      [Free CSet: 0.0 ms]
   [Eden: 19.0M(51.0M)->0.0B(51.0M) Survivors: 0.0B->0.0B Heap: 1023.7M(1024.0M)->1019.7M(1024.0M)]
 [Times: user=0.12 sys=0.03, real=0.09 secs] 
2020-03-29T13:01:37.342-0300: 254.218: Total time for which application threads were stopped: 0.0885016 seconds, Stopping threads took: 0.0000189 seconds
2020-03-29T13:01:37.845-0300: 254.721: Application time: 0.5033236 seconds
2020-03-29T13:01:37.845-0300: 254.721: [GC pause (G1 Evacuation Pause) (young) (initial-mark) (to-space exhausted), 0.0318136 secs]
   [Parallel Time: 29.3 ms, GC Workers: 8]
      [GC Worker Start (ms): Min: 254721.6, Avg: 254721.7, Max: 254721.7, Diff: 0.1]
      [Ext Root Scanning (ms): Min: 0.2, Avg: 0.3, Max: 0.3, Diff: 0.1, Sum: 2.0]
      [Update RS (ms): Min: 0.0, Avg: 5.0, Max: 6.0, Diff: 6.0, Sum: 39.6]
         [Processed Buffers: Min: 0, Avg: 15.0, Max: 21, Diff: 21, Sum: 120]
      [Scan RS (ms): Min: 0.0, Avg: 0.0, Max: 0.0, Diff: 0.0, Sum: 0.0]
      [Code Root Scanning (ms): Min: 0.0, Avg: 0.0, Max: 0.0, Diff: 0.0, Sum: 0.0]
      [Object Copy (ms): Min: 22.9, Avg: 23.8, Max: 28.8, Diff: 5.9, Sum: 190.7]
      [Termination (ms): Min: 0.0, Avg: 0.1, Max: 0.1, Diff: 0.1, Sum: 0.6]
         [Termination Attempts: Min: 1, Avg: 4.0, Max: 7, Diff: 6, Sum: 32]
      [GC Worker Other (ms): Min: 0.0, Avg: 0.0, Max: 0.0, Diff: 0.0, Sum: 0.1]
      [GC Worker Total (ms): Min: 29.1, Avg: 29.1, Max: 29.2, Diff: 0.2, Sum: 233.0]
      [GC Worker End (ms): Min: 254750.8, Avg: 254750.8, Max: 254750.8, Diff: 0.1]
   [Code Root Fixup: 0.0 ms]
   [Code Root Purge: 0.0 ms]
   [Clear CT: 0.1 ms]
   [Other: 2.5 ms]
      [Evacuation Failure: 2.0 ms]
      [Choose CSet: 0.0 ms]
      [Ref Proc: 0.2 ms]
      [Ref Enq: 0.0 ms]
      [Redirty Cards: 0.1 ms]
      [Humongous Register: 0.0 ms]
      [Humongous Reclaim: 0.0 ms]
      [Free CSet: 0.0 ms]
   [Eden: 4096.0K(51.0M)->0.0B(51.0M) Survivors: 0.0B->0.0B Heap: 1023.7M(1024.0M)->1023.7M(1024.0M)]
 [Times: user=0.08 sys=0.01, real=0.03 secs] 
2020-03-29T13:01:37.877-0300: 254.753: [GC concurrent-root-region-scan-start]
2020-03-29T13:01:37.877-0300: 254.753: Total time for which application threads were stopped: 0.0320189 seconds, Stopping threads took: 0.0000189 seconds
2020-03-29T13:01:37.877-0300: 254.753: [GC concurrent-root-region-scan-end, 0.0000238 secs]
2020-03-29T13:01:37.877-0300: 254.753: [GC concurrent-mark-start]
2020-03-29T13:01:37.877-0300: 254.753: Application time: 0.0000398 seconds
2020-03-29T13:01:37.877-0300: 254.754: [GC pause (G1 Evacuation Pause) (young), 0.0018857 secs]
   [Parallel Time: 1.5 ms, GC Workers: 8]
      [GC Worker Start (ms): Min: 254753.6, Avg: 254753.6, Max: 254753.6, Diff: 0.1]
      [Ext Root Scanning (ms): Min: 0.1, Avg: 0.2, Max: 0.2, Diff: 0.1, Sum: 1.4]
      [Update RS (ms): Min: 1.0, Avg: 1.1, Max: 1.2, Diff: 0.2, Sum: 9.0]
         [Processed Buffers: Min: 5, Avg: 5.4, Max: 6, Diff: 1, Sum: 43]
      [Scan RS (ms): Min: 0.0, Avg: 0.0, Max: 0.0, Diff: 0.0, Sum: 0.0]
      [Code Root Scanning (ms): Min: 0.0, Avg: 0.0, Max: 0.0, Diff: 0.0, Sum: 0.0]
      [Object Copy (ms): Min: 0.0, Avg: 0.0, Max: 0.0, Diff: 0.0, Sum: 0.1]
      [Termination (ms): Min: 0.0, Avg: 0.1, Max: 0.2, Diff: 0.2, Sum: 0.9]
         [Termination Attempts: Min: 1, Avg: 1.0, Max: 1, Diff: 0, Sum: 8]
      [GC Worker Other (ms): Min: 0.0, Avg: 0.0, Max: 0.0, Diff: 0.0, Sum: 0.1]
      [GC Worker Total (ms): Min: 1.4, Avg: 1.4, Max: 1.5, Diff: 0.1, Sum: 11.4]
      [GC Worker End (ms): Min: 254755.0, Avg: 254755.0, Max: 254755.1, Diff: 0.1]
   [Code Root Fixup: 0.0 ms]
   [Code Root Purge: 0.0 ms]
   [Clear CT: 0.1 ms]
   [Other: 0.3 ms]
      [Choose CSet: 0.0 ms]
      [Ref Proc: 0.1 ms]
      [Ref Enq: 0.0 ms]
      [Redirty Cards: 0.1 ms]
      [Humongous Register: 0.0 ms]
      [Humongous Reclaim: 0.0 ms]
      [Free CSet: 0.0 ms]
   [Eden: 0.0B(51.0M)->0.0B(51.0M) Survivors: 0.0B->0.0B Heap: 1023.7M(1024.0M)->1023.7M(1024.0M)]
 [Times: user=0.01 sys=0.00, real=0.00 secs] 
2020-03-29T13:01:37.879-0300: 254.756: Total time for which application threads were stopped: 0.0020349 seconds, Stopping threads took: 0.0000117 seconds
2020-03-29T13:01:37.880-0300: 254.756: Application time: 0.0001700 seconds
2020-03-29T13:01:37.880-0300: 254.756: [Full GC (Allocation Failure)  1023M->1007M(1024M), 1.5779036 secs]
   [Eden: 0.0B(51.0M)->0.0B(51.0M) Survivors: 0.0B->0.0B Heap: 1023.7M(1024.0M)->1007.7M(1024.0M)], [Metaspace: 9288K->9221K(1058816K)]
 [Times: user=3.22 sys=0.01, real=1.58 secs] 
2020-03-29T13:01:39.463-0300: 256.339: Total time for which application threads were stopped: 1.5835444 seconds, Stopping threads took: 0.0000099 seconds
2020-03-29T13:01:39.463-0300: 256.339: [GC concurrent-mark-abort]
2020-03-29T13:01:39.464-0300: 256.340: Application time: 0.0010384 seconds
2020-03-29T13:01:39.464-0300: 256.341: Total time for which application threads were stopped: 0.0002405 seconds, Stopping threads took: 0.0001578 seconds
2020-03-29T13:01:39.464-0300: 256.341: Application time: 0.0000952 seconds
2020-03-29T13:01:39.465-0300: 256.341: Total time for which application threads were stopped: 0.0002184 seconds, Stopping threads took: 0.0001496 seconds
2020-03-29T13:01:39.466-0300: 256.342: Application time: 0.0016655 seconds
2020-03-29T13:01:39.466-0300: 256.343: Total time for which application threads were stopped: 0.0000711 seconds, Stopping threads took: 0.0000147 seconds
2020-03-29T13:01:39.469-0300: 256.345: Application time: 0.0021010 seconds
2020-03-29T13:01:39.469-0300: 256.345: Total time for which application threads were stopped: 0.0001229 seconds, Stopping threads took: 0.0000167 seconds
2020-03-29T13:01:39.971-0300: 256.847: Application time: 0.5021944 seconds
2020-03-29T13:01:39.971-0300: 256.847: [GC pause (G1 Evacuation Pause) (young) (to-space exhausted), 0.0872549 secs]
   [Parallel Time: 80.4 ms, GC Workers: 8]
      [GC Worker Start (ms): Min: 256847.2, Avg: 256847.2, Max: 256847.3, Diff: 0.1]
      [Ext Root Scanning (ms): Min: 0.1, Avg: 0.2, Max: 0.6, Diff: 0.4, Sum: 2.0]
      [Update RS (ms): Min: 0.0, Avg: 0.1, Max: 0.8, Diff: 0.8, Sum: 0.8]
         [Processed Buffers: Min: 0, Avg: 0.5, Max: 4, Diff: 4, Sum: 4]
      [Scan RS (ms): Min: 0.0, Avg: 0.0, Max: 0.0, Diff: 0.0, Sum: 0.0]
      [Code Root Scanning (ms): Min: 0.0, Avg: 0.0, Max: 0.0, Diff: 0.0, Sum: 0.0]
      [Object Copy (ms): Min: 58.9, Avg: 62.3, Max: 79.9, Diff: 21.0, Sum: 498.3]
      [Termination (ms): Min: 0.0, Avg: 17.5, Max: 20.1, Diff: 20.1, Sum: 140.3]
         [Termination Attempts: Min: 1, Avg: 20.2, Max: 30, Diff: 29, Sum: 162]
      [GC Worker Other (ms): Min: 0.0, Avg: 0.0, Max: 0.0, Diff: 0.0, Sum: 0.1]
      [GC Worker Total (ms): Min: 80.1, Avg: 80.2, Max: 80.3, Diff: 0.3, Sum: 641.5]
      [GC Worker End (ms): Min: 256927.3, Avg: 256927.4, Max: 256927.5, Diff: 0.2]
   [Code Root Fixup: 0.0 ms]
   [Code Root Purge: 0.0 ms]
   [Clear CT: 0.2 ms]
   [Other: 6.7 ms]
      [Evacuation Failure: 6.1 ms]
      [Choose CSet: 0.0 ms]
      [Ref Proc: 0.2 ms]
      [Ref Enq: 0.0 ms]
      [Redirty Cards: 0.2 ms]
      [Humongous Register: 0.0 ms]
      [Humongous Reclaim: 0.0 ms]
      [Free CSet: 0.1 ms]
   [Eden: 16.0M(51.0M)->0.0B(51.0M) Survivors: 0.0B->0.0B Heap: 1023.7M(1024.0M)->1023.7M(1024.0M)]
 [Times: user=0.27 sys=0.02, real=0.08 secs] 
2020-03-29T13:01:40.058-0300: 256.934: Total time for which application threads were stopped: 0.0874602 seconds, Stopping threads took: 0.0000193 seconds
2020-03-29T13:01:40.058-0300: 256.934: Application time: 0.0000251 seconds
2020-03-29T13:01:40.058-0300: 256.935: [GC pause (G1 Evacuation Pause) (young) (initial-mark), 0.0049695 secs]
   [Parallel Time: 4.2 ms, GC Workers: 8]
      [GC Worker Start (ms): Min: 256934.6, Avg: 256934.7, Max: 256934.8, Diff: 0.2]
      [Ext Root Scanning (ms): Min: 0.2, Avg: 0.3, Max: 0.3, Diff: 0.2, Sum: 2.1]
      [Update RS (ms): Min: 3.4, Avg: 3.5, Max: 3.6, Diff: 0.2, Sum: 28.0]
         [Processed Buffers: Min: 12, Avg: 16.6, Max: 19, Diff: 7, Sum: 133]
      [Scan RS (ms): Min: 0.0, Avg: 0.0, Max: 0.0, Diff: 0.0, Sum: 0.0]
      [Code Root Scanning (ms): Min: 0.0, Avg: 0.0, Max: 0.0, Diff: 0.0, Sum: 0.0]
      [Object Copy (ms): Min: 0.0, Avg: 0.0, Max: 0.0, Diff: 0.0, Sum: 0.1]
      [Termination (ms): Min: 0.0, Avg: 0.1, Max: 0.2, Diff: 0.2, Sum: 0.7]
         [Termination Attempts: Min: 1, Avg: 1.0, Max: 1, Diff: 0, Sum: 8]
      [GC Worker Other (ms): Min: 0.0, Avg: 0.0, Max: 0.0, Diff: 0.0, Sum: 0.1]
      [GC Worker Total (ms): Min: 3.8, Avg: 3.9, Max: 4.0, Diff: 0.2, Sum: 31.0]
      [GC Worker End (ms): Min: 256938.6, Avg: 256938.6, Max: 256938.7, Diff: 0.1]
   [Code Root Fixup: 0.0 ms]
   [Code Root Purge: 0.0 ms]
   [Clear CT: 0.2 ms]
   [Other: 0.6 ms]
      [Choose CSet: 0.0 ms]
      [Ref Proc: 0.2 ms]
      [Ref Enq: 0.0 ms]
      [Redirty Cards: 0.2 ms]
      [Humongous Register: 0.0 ms]
      [Humongous Reclaim: 0.0 ms]
      [Free CSet: 0.0 ms]
   [Eden: 0.0B(51.0M)->0.0B(51.0M) Survivors: 0.0B->0.0B Heap: 1023.7M(1024.0M)->1023.7M(1024.0M)]
 [Times: user=0.03 sys=0.00, real=0.01 secs] 
2020-03-29T13:01:40.063-0300: 256.940: Total time for which application threads were stopped: 0.0051526 seconds, Stopping threads took: 0.0000338 seconds
2020-03-29T13:01:40.064-0300: 256.940: [GC concurrent-root-region-scan-start]
2020-03-29T13:01:40.064-0300: 256.940: [GC concurrent-root-region-scan-end, 0.0000332 secs]
2020-03-29T13:01:40.064-0300: 256.940: [GC concurrent-mark-start]
2020-03-29T13:01:40.064-0300: 256.940: Application time: 0.0000608 seconds
2020-03-29T13:01:40.064-0300: 256.940: [Full GC (Allocation Failure)  1023M->1012M(1024M), 1.5496447 secs]
   [Eden: 0.0B(51.0M)->0.0B(51.0M) Survivors: 0.0B->0.0B Heap: 1023.7M(1024.0M)->1012.1M(1024.0M)], [Metaspace: 9284K->9221K(1058816K)]
 [Times: user=3.22 sys=0.00, real=1.55 secs] 
2020-03-29T13:01:41.613-0300: 258.489: Total time for which application threads were stopped: 1.5498060 seconds, Stopping threads took: 0.0000096 seconds
2020-03-29T13:01:41.613-0300: 258.490: [GC concurrent-mark-abort]
2020-03-29T13:01:41.614-0300: 258.490: Application time: 0.0009559 seconds
2020-03-29T13:01:41.614-0300: 258.491: Total time for which application threads were stopped: 0.0000820 seconds, Stopping threads took: 0.0000284 seconds
2020-03-29T13:01:41.614-0300: 258.491: Application time: 0.0001190 seconds
2020-03-29T13:01:41.615-0300: 258.491: Total time for which application threads were stopped: 0.0001195 seconds, Stopping threads took: 0.0000568 seconds
2020-03-29T13:01:41.616-0300: 258.492: Application time: 0.0015108 seconds
2020-03-29T13:01:41.616-0300: 258.492: Total time for which application threads were stopped: 0.0000812 seconds, Stopping threads took: 0.0000123 seconds
2020-03-29T13:01:41.618-0300: 258.494: Application time: 0.0019539 seconds
2020-03-29T13:01:41.618-0300: 258.494: Total time for which application threads were stopped: 0.0000622 seconds, Stopping threads took: 0.0000126 seconds
2020-03-29T13:01:42.121-0300: 258.997: Application time: 0.5023876 seconds
2020-03-29T13:01:42.121-0300: 258.997: [GC pause (G1 Evacuation Pause) (young) (to-space exhausted), 0.0615479 secs]
   [Parallel Time: 56.2 ms, GC Workers: 8]
      [GC Worker Start (ms): Min: 258997.0, Avg: 258997.0, Max: 258997.1, Diff: 0.1]
      [Ext Root Scanning (ms): Min: 0.1, Avg: 0.2, Max: 0.5, Diff: 0.3, Sum: 1.8]
      [Update RS (ms): Min: 0.0, Avg: 0.1, Max: 0.7, Diff: 0.7, Sum: 0.7]
         [Processed Buffers: Min: 0, Avg: 0.5, Max: 4, Diff: 4, Sum: 4]
      [Scan RS (ms): Min: 0.0, Avg: 0.0, Max: 0.0, Diff: 0.0, Sum: 0.0]
      [Code Root Scanning (ms): Min: 0.0, Avg: 0.0, Max: 0.0, Diff: 0.0, Sum: 0.0]
      [Object Copy (ms): Min: 54.9, Avg: 55.7, Max: 55.9, Diff: 0.9, Sum: 445.7]
      [Termination (ms): Min: 0.0, Avg: 0.1, Max: 0.1, Diff: 0.1, Sum: 0.5]
         [Termination Attempts: Min: 1, Avg: 4.4, Max: 7, Diff: 6, Sum: 35]
      [GC Worker Other (ms): Min: 0.0, Avg: 0.0, Max: 0.0, Diff: 0.0, Sum: 0.1]
      [GC Worker Total (ms): Min: 56.0, Avg: 56.1, Max: 56.2, Diff: 0.1, Sum: 448.8]
      [GC Worker End (ms): Min: 259053.1, Avg: 259053.1, Max: 259053.2, Diff: 0.0]
   [Code Root Fixup: 0.0 ms]
   [Code Root Purge: 0.0 ms]
   [Clear CT: 0.1 ms]
   [Other: 5.2 ms]
      [Evacuation Failure: 4.7 ms]
      [Choose CSet: 0.0 ms]
      [Ref Proc: 0.2 ms]
      [Ref Enq: 0.0 ms]
      [Redirty Cards: 0.2 ms]
      [Humongous Register: 0.0 ms]
      [Humongous Reclaim: 0.0 ms]
      [Free CSet: 0.0 ms]
   [Eden: 11.0M(51.0M)->0.0B(51.0M) Survivors: 0.0B->0.0B Heap: 1023.1M(1024.0M)->1023.1M(1024.0M)]
 [Times: user=0.08 sys=0.02, real=0.06 secs] 
2020-03-29T13:01:42.182-0300: 259.059: Total time for which application threads were stopped: 0.0617669 seconds, Stopping threads took: 0.0000188 seconds
2020-03-29T13:01:42.182-0300: 259.059: Application time: 0.0000296 seconds
2020-03-29T13:01:42.182-0300: 259.059: [GC pause (G1 Evacuation Pause) (young) (initial-mark), 0.0035097 secs]
   [Parallel Time: 3.0 ms, GC Workers: 8]
      [GC Worker Start (ms): Min: 259058.7, Avg: 259058.7, Max: 259058.8, Diff: 0.1]
      [Ext Root Scanning (ms): Min: 0.2, Avg: 0.3, Max: 0.3, Diff: 0.1, Sum: 2.0]
      [Update RS (ms): Min: 2.3, Avg: 2.5, Max: 2.6, Diff: 0.2, Sum: 19.7]
         [Processed Buffers: Min: 8, Avg: 11.8, Max: 15, Diff: 7, Sum: 94]
      [Scan RS (ms): Min: 0.0, Avg: 0.0, Max: 0.0, Diff: 0.0, Sum: 0.0]
      [Code Root Scanning (ms): Min: 0.0, Avg: 0.0, Max: 0.0, Diff: 0.0, Sum: 0.0]
      [Object Copy (ms): Min: 0.0, Avg: 0.0, Max: 0.0, Diff: 0.0, Sum: 0.1]
      [Termination (ms): Min: 0.0, Avg: 0.1, Max: 0.2, Diff: 0.2, Sum: 0.9]
         [Termination Attempts: Min: 1, Avg: 1.0, Max: 1, Diff: 0, Sum: 8]
      [GC Worker Other (ms): Min: 0.0, Avg: 0.0, Max: 0.0, Diff: 0.0, Sum: 0.1]
      [GC Worker Total (ms): Min: 2.8, Avg: 2.8, Max: 2.9, Diff: 0.1, Sum: 22.7]
      [GC Worker End (ms): Min: 259061.6, Avg: 259061.6, Max: 259061.6, Diff: 0.1]
   [Code Root Fixup: 0.0 ms]
   [Code Root Purge: 0.0 ms]
   [Clear CT: 0.1 ms]
   [Other: 0.4 ms]
      [Choose CSet: 0.0 ms]
      [Ref Proc: 0.2 ms]
      [Ref Enq: 0.0 ms]
      [Redirty Cards: 0.1 ms]
      [Humongous Register: 0.0 ms]
      [Humongous Reclaim: 0.0 ms]
      [Free CSet: 0.0 ms]
   [Eden: 0.0B(51.0M)->0.0B(51.0M) Survivors: 0.0B->0.0B Heap: 1023.1M(1024.0M)->1023.1M(1024.0M)]
 [Times: user=0.03 sys=0.00, real=0.00 secs] 
2020-03-29T13:01:42.186-0300: 259.062: Total time for which application threads were stopped: 0.0036452 seconds, Stopping threads took: 0.0000079 seconds
2020-03-29T13:01:42.186-0300: 259.062: [GC concurrent-root-region-scan-start]
2020-03-29T13:01:42.186-0300: 259.062: [GC concurrent-root-region-scan-end, 0.0000062 secs]
2020-03-29T13:01:42.186-0300: 259.062: [GC concurrent-mark-start]
2020-03-29T13:01:42.186-0300: 259.062: Application time: 0.0000609 seconds
2020-03-29T13:01:42.186-0300: 259.062: [Full GC (Allocation Failure)  1023M->1014M(1024M), 1.5667667 secs]
   [Eden: 0.0B(51.0M)->0.0B(51.0M) Survivors: 0.0B->0.0B Heap: 1023.1M(1024.0M)->1014.3M(1024.0M)], [Metaspace: 9288K->9224K(1058816K)]
 [Times: user=3.24 sys=0.00, real=1.57 secs] 
2020-03-29T13:01:43.753-0300: 260.629: Total time for which application threads were stopped: 1.5668839 seconds, Stopping threads took: 0.0000074 seconds
2020-03-29T13:01:43.753-0300: 260.629: [GC concurrent-mark-abort]
2020-03-29T13:01:43.754-0300: 260.630: Application time: 0.0007508 seconds
2020-03-29T13:01:43.754-0300: 260.630: Total time for which application threads were stopped: 0.0001310 seconds, Stopping threads took: 0.0000352 seconds
2020-03-29T13:01:43.754-0300: 260.630: Application time: 0.0000864 seconds
2020-03-29T13:01:43.754-0300: 260.630: Total time for which application threads were stopped: 0.0001598 seconds, Stopping threads took: 0.0000645 seconds
2020-03-29T13:01:43.756-0300: 260.632: Application time: 0.0013484 seconds
2020-03-29T13:01:43.756-0300: 260.632: Total time for which application threads were stopped: 0.0001537 seconds, Stopping threads took: 0.0000390 seconds
2020-03-29T13:01:43.758-0300: 260.634: Application time: 0.0019965 seconds
2020-03-29T13:01:43.758-0300: 260.634: Total time for which application threads were stopped: 0.0001565 seconds, Stopping threads took: 0.0000712 seconds
2020-03-29T13:01:44.260-0300: 261.137: Application time: 0.5026488 seconds
2020-03-29T13:01:44.261-0300: 261.137: [GC pause (G1 Evacuation Pause) (young) (to-space exhausted), 0.0490596 secs]
   [Parallel Time: 44.1 ms, GC Workers: 8]
      [GC Worker Start (ms): Min: 261136.8, Avg: 261136.9, Max: 261137.1, Diff: 0.3]
      [Ext Root Scanning (ms): Min: 0.0, Avg: 0.2, Max: 0.4, Diff: 0.4, Sum: 1.8]
      [Update RS (ms): Min: 0.0, Avg: 0.1, Max: 0.6, Diff: 0.6, Sum: 0.7]
         [Processed Buffers: Min: 0, Avg: 0.5, Max: 4, Diff: 4, Sum: 4]
      [Scan RS (ms): Min: 0.0, Avg: 0.0, Max: 0.0, Diff: 0.0, Sum: 0.0]
      [Code Root Scanning (ms): Min: 0.0, Avg: 0.0, Max: 0.0, Diff: 0.0, Sum: 0.0]
      [Object Copy (ms): Min: 43.1, Avg: 43.6, Max: 43.7, Diff: 0.7, Sum: 348.7]
      [Termination (ms): Min: 0.0, Avg: 0.1, Max: 0.1, Diff: 0.1, Sum: 0.5]
         [Termination Attempts: Min: 1, Avg: 2.0, Max: 4, Diff: 3, Sum: 16]
      [GC Worker Other (ms): Min: 0.0, Avg: 0.0, Max: 0.0, Diff: 0.0, Sum: 0.1]
      [GC Worker Total (ms): Min: 43.7, Avg: 44.0, Max: 44.1, Diff: 0.4, Sum: 351.6]
      [GC Worker End (ms): Min: 261180.8, Avg: 261180.8, Max: 261180.9, Diff: 0.1]
   [Code Root Fixup: 0.0 ms]
   [Code Root Purge: 0.0 ms]
   [Clear CT: 0.1 ms]
   [Other: 4.9 ms]
      [Evacuation Failure: 4.4 ms]
      [Choose CSet: 0.0 ms]
      [Ref Proc: 0.2 ms]
      [Ref Enq: 0.0 ms]
      [Redirty Cards: 0.1 ms]
      [Humongous Register: 0.0 ms]
      [Humongous Reclaim: 0.0 ms]
      [Free CSet: 0.0 ms]
   [Eden: 9216.0K(51.0M)->0.0B(51.0M) Survivors: 0.0B->0.0B Heap: 1023.3M(1024.0M)->1023.3M(1024.0M)]
 [Times: user=0.07 sys=0.01, real=0.05 secs] 
2020-03-29T13:01:44.310-0300: 261.186: Total time for which application threads were stopped: 0.0492787 seconds, Stopping threads took: 0.0000198 seconds
2020-03-29T13:01:44.310-0300: 261.186: Application time: 0.0000663 seconds
2020-03-29T13:01:44.310-0300: 261.186: [Full GC (Allocation Failure)  1023M->1015M(1024M), 1.5635680 secs]
   [Eden: 0.0B(51.0M)->0.0B(51.0M) Survivors: 0.0B->0.0B Heap: 1023.3M(1024.0M)->1015.7M(1024.0M)], [Metaspace: 9292K->9228K(1058816K)]
 [Times: user=3.22 sys=0.00, real=1.56 secs] 
2020-03-29T13:01:45.874-0300: 262.750: Total time for which application threads were stopped: 1.5637018 seconds, Stopping threads took: 0.0000115 seconds
2020-03-29T13:01:45.874-0300: 262.750: Application time: 0.0007285 seconds
2020-03-29T13:01:45.874-0300: 262.750: Total time for which application threads were stopped: 0.0000986 seconds, Stopping threads took: 0.0000380 seconds
2020-03-29T13:01:45.874-0300: 262.751: Application time: 0.0000950 seconds
2020-03-29T13:01:45.875-0300: 262.751: Total time for which application threads were stopped: 0.0000725 seconds, Stopping threads took: 0.0000330 seconds
2020-03-29T13:01:45.876-0300: 262.752: Application time: 0.0015466 seconds
2020-03-29T13:01:45.876-0300: 262.752: Total time for which application threads were stopped: 0.0000958 seconds, Stopping threads took: 0.0000232 seconds
2020-03-29T13:01:45.878-0300: 262.754: Application time: 0.0019360 seconds
2020-03-29T13:01:45.878-0300: 262.754: Total time for which application threads were stopped: 0.0000874 seconds, Stopping threads took: 0.0000184 seconds
2020-03-29T13:01:46.278-0300: 263.154: Application time: 0.3996103 seconds
2020-03-29T13:01:46.278-0300: 263.154: Total time for which application threads were stopped: 0.0000851 seconds, Stopping threads took: 0.0000167 seconds
2020-03-29T13:01:46.378-0300: 263.254: Application time: 0.0998816 seconds
2020-03-29T13:01:46.378-0300: 263.254: [GC pause (G1 Evacuation Pause) (young) (to-space exhausted), 0.0410364 secs]
   [Parallel Time: 36.2 ms, GC Workers: 8]
      [GC Worker Start (ms): Min: 263254.1, Avg: 263254.2, Max: 263254.3, Diff: 0.1]
      [Ext Root Scanning (ms): Min: 0.1, Avg: 0.2, Max: 0.4, Diff: 0.3, Sum: 1.8]
      [Update RS (ms): Min: 0.0, Avg: 0.1, Max: 0.5, Diff: 0.5, Sum: 0.5]
         [Processed Buffers: Min: 0, Avg: 0.6, Max: 5, Diff: 5, Sum: 5]
      [Scan RS (ms): Min: 0.0, Avg: 0.0, Max: 0.0, Diff: 0.0, Sum: 0.0]
      [Code Root Scanning (ms): Min: 0.0, Avg: 2.9, Max: 23.3, Diff: 23.3, Sum: 23.3]
      [Object Copy (ms): Min: 11.7, Avg: 32.7, Max: 35.8, Diff: 24.1, Sum: 261.7]
      [Termination (ms): Min: 0.0, Avg: 0.1, Max: 0.2, Diff: 0.2, Sum: 0.7]
         [Termination Attempts: Min: 1, Avg: 1.0, Max: 1, Diff: 0, Sum: 8]
      [GC Worker Other (ms): Min: 0.0, Avg: 0.0, Max: 0.0, Diff: 0.0, Sum: 0.1]
      [GC Worker Total (ms): Min: 35.9, Avg: 36.0, Max: 36.1, Diff: 0.1, Sum: 288.2]
      [GC Worker End (ms): Min: 263290.2, Avg: 263290.2, Max: 263290.3, Diff: 0.1]
   [Code Root Fixup: 0.0 ms]
   [Code Root Purge: 0.0 ms]
   [Clear CT: 0.1 ms]
   [Other: 4.7 ms]
      [Evacuation Failure: 4.3 ms]
      [Choose CSet: 0.0 ms]
      [Ref Proc: 0.2 ms]
      [Ref Enq: 0.0 ms]
      [Redirty Cards: 0.1 ms]
      [Humongous Register: 0.0 ms]
      [Humongous Reclaim: 0.0 ms]
      [Free CSet: 0.0 ms]
   [Eden: 8192.0K(51.0M)->0.0B(51.0M) Survivors: 0.0B->0.0B Heap: 1023.7M(1024.0M)->1023.7M(1024.0M)]
 [Times: user=0.07 sys=0.00, real=0.04 secs] 
2020-03-29T13:01:46.419-0300: 263.295: Total time for which application threads were stopped: 0.0412685 seconds, Stopping threads took: 0.0000216 seconds
2020-03-29T13:01:46.419-0300: 263.295: Application time: 0.0000277 seconds
2020-03-29T13:01:46.419-0300: 263.295: [Full GC (Allocation Failure)  1023M->1016M(1024M), 1.5686282 secs]
   [Eden: 0.0B(51.0M)->0.0B(51.0M) Survivors: 0.0B->0.0B Heap: 1023.7M(1024.0M)->1016.6M(1024.0M)], [Metaspace: 9296K->9232K(1058816K)]
 [Times: user=3.23 sys=0.00, real=1.57 secs] 
2020-03-29T13:01:47.988-0300: 264.864: Total time for which application threads were stopped: 1.5687592 seconds, Stopping threads took: 0.0000087 seconds
2020-03-29T13:01:47.989-0300: 264.865: Application time: 0.0006446 seconds
2020-03-29T13:01:47.989-0300: 264.865: Total time for which application threads were stopped: 0.0002469 seconds, Stopping threads took: 0.0001519 seconds
2020-03-29T13:01:47.989-0300: 264.865: Application time: 0.0000569 seconds
2020-03-29T13:01:47.989-0300: 264.865: Total time for which application threads were stopped: 0.0002554 seconds, Stopping threads took: 0.0001570 seconds
2020-03-29T13:01:47.990-0300: 264.866: Application time: 0.0008831 seconds
2020-03-29T13:01:47.990-0300: 264.866: Total time for which application threads were stopped: 0.0000739 seconds, Stopping threads took: 0.0000215 seconds
2020-03-29T13:01:47.992-0300: 264.868: Application time: 0.0020803 seconds
2020-03-29T13:01:47.992-0300: 264.868: Total time for which application threads were stopped: 0.0001229 seconds, Stopping threads took: 0.0000333 seconds
2020-03-29T13:01:48.284-0300: 265.160: Application time: 0.2917019 seconds
2020-03-29T13:01:48.284-0300: 265.160: Total time for which application threads were stopped: 0.0001086 seconds, Stopping threads took: 0.0000203 seconds
2020-03-29T13:01:48.493-0300: 265.369: Application time: 0.2092965 seconds
2020-03-29T13:01:48.493-0300: 265.370: [GC pause (G1 Evacuation Pause) (young) (to-space exhausted), 0.0335329 secs]
   [Parallel Time: 29.2 ms, GC Workers: 8]
      [GC Worker Start (ms): Min: 265369.7, Avg: 265369.8, Max: 265369.8, Diff: 0.2]
      [Ext Root Scanning (ms): Min: 0.2, Avg: 0.3, Max: 0.5, Diff: 0.3, Sum: 2.3]
      [Update RS (ms): Min: 0.0, Avg: 0.1, Max: 0.6, Diff: 0.6, Sum: 0.6]
         [Processed Buffers: Min: 0, Avg: 0.5, Max: 4, Diff: 4, Sum: 4]
      [Scan RS (ms): Min: 0.0, Avg: 0.0, Max: 0.0, Diff: 0.0, Sum: 0.0]
      [Code Root Scanning (ms): Min: 0.0, Avg: 0.0, Max: 0.0, Diff: 0.0, Sum: 0.0]
      [Object Copy (ms): Min: 27.9, Avg: 28.5, Max: 28.7, Diff: 0.8, Sum: 228.1]
      [Termination (ms): Min: 0.0, Avg: 0.1, Max: 0.2, Diff: 0.2, Sum: 0.8]
         [Termination Attempts: Min: 1, Avg: 1.0, Max: 1, Diff: 0, Sum: 8]
      [GC Worker Other (ms): Min: 0.0, Avg: 0.0, Max: 0.0, Diff: 0.0, Sum: 0.1]
      [GC Worker Total (ms): Min: 28.9, Avg: 29.0, Max: 29.1, Diff: 0.2, Sum: 231.9]
      [GC Worker End (ms): Min: 265398.7, Avg: 265398.7, Max: 265398.8, Diff: 0.1]
   [Code Root Fixup: 0.0 ms]
   [Code Root Purge: 0.0 ms]
   [Clear CT: 0.2 ms]
   [Other: 4.1 ms]
      [Evacuation Failure: 3.4 ms]
      [Choose CSet: 0.0 ms]
      [Ref Proc: 0.2 ms]
      [Ref Enq: 0.0 ms]
      [Redirty Cards: 0.2 ms]
      [Humongous Register: 0.0 ms]
      [Humongous Reclaim: 0.0 ms]
      [Free CSet: 0.1 ms]
   [Eden: 7168.0K(51.0M)->0.0B(51.0M) Survivors: 0.0B->0.0B Heap: 1023.6M(1024.0M)->1023.6M(1024.0M)]
 [Times: user=0.04 sys=0.01, real=0.03 secs] 
2020-03-29T13:01:48.527-0300: 265.403: Total time for which application threads were stopped: 0.0337469 seconds, Stopping threads took: 0.0000209 seconds
2020-03-29T13:01:48.527-0300: 265.403: Application time: 0.0000273 seconds
2020-03-29T13:01:48.527-0300: 265.403: [GC pause (G1 Evacuation Pause) (young) (initial-mark), 0.0036334 secs]
   [Parallel Time: 2.5 ms, GC Workers: 8]
      [GC Worker Start (ms): Min: 265403.4, Avg: 265403.5, Max: 265403.5, Diff: 0.1]
      [Ext Root Scanning (ms): Min: 0.2, Avg: 0.3, Max: 0.4, Diff: 0.1, Sum: 2.6]
      [Update RS (ms): Min: 1.4, Avg: 1.5, Max: 1.7, Diff: 0.3, Sum: 12.0]
         [Processed Buffers: Min: 6, Avg: 7.0, Max: 9, Diff: 3, Sum: 56]
      [Scan RS (ms): Min: 0.0, Avg: 0.0, Max: 0.0, Diff: 0.0, Sum: 0.0]
      [Code Root Scanning (ms): Min: 0.0, Avg: 0.0, Max: 0.0, Diff: 0.0, Sum: 0.0]
      [Object Copy (ms): Min: 0.0, Avg: 0.0, Max: 0.0, Diff: 0.0, Sum: 0.1]
      [Termination (ms): Min: 0.0, Avg: 0.3, Max: 0.5, Diff: 0.5, Sum: 2.1]
         [Termination Attempts: Min: 1, Avg: 1.0, Max: 1, Diff: 0, Sum: 8]
      [GC Worker Other (ms): Min: 0.0, Avg: 0.0, Max: 0.0, Diff: 0.0, Sum: 0.0]
      [GC Worker Total (ms): Min: 2.0, Avg: 2.1, Max: 2.3, Diff: 0.3, Sum: 16.9]
      [GC Worker End (ms): Min: 265405.5, Avg: 265405.6, Max: 265405.8, Diff: 0.3]
   [Code Root Fixup: 0.0 ms]
   [Code Root Purge: 0.0 ms]
   [Clear CT: 0.2 ms]
   [Other: 0.9 ms]
      [Choose CSet: 0.0 ms]
      [Ref Proc: 0.7 ms]
      [Ref Enq: 0.0 ms]
      [Redirty Cards: 0.1 ms]
      [Humongous Register: 0.0 ms]
      [Humongous Reclaim: 0.0 ms]
      [Free CSet: 0.0 ms]
   [Eden: 0.0B(51.0M)->0.0B(51.0M) Survivors: 0.0B->0.0B Heap: 1023.6M(1024.0M)->1023.6M(1024.0M)]
 [Times: user=0.02 sys=0.00, real=0.01 secs] 
2020-03-29T13:01:48.531-0300: 265.407: Total time for which application threads were stopped: 0.0038592 seconds, Stopping threads took: 0.0000366 seconds
2020-03-29T13:01:48.531-0300: 265.407: [GC concurrent-root-region-scan-start]
2020-03-29T13:01:48.531-0300: 265.407: [GC concurrent-root-region-scan-end, 0.0000071 secs]
2020-03-29T13:01:48.531-0300: 265.407: [GC concurrent-mark-start]
2020-03-29T13:01:48.531-0300: 265.407: Application time: 0.0000919 seconds
2020-03-29T13:01:48.531-0300: 265.407: [Full GC (Allocation Failure)  1023M->1017M(1024M), 1.5535845 secs]
   [Eden: 0.0B(51.0M)->0.0B(51.0M) Survivors: 0.0B->0.0B Heap: 1023.6M(1024.0M)->1017.1M(1024.0M)], [Metaspace: 9299K->9235K(1058816K)]
 [Times: user=3.20 sys=0.01, real=1.55 secs] 
2020-03-29T13:01:50.085-0300: 266.961: Total time for which application threads were stopped: 1.5537202 seconds, Stopping threads took: 0.0000079 seconds
2020-03-29T13:01:50.085-0300: 266.961: [GC concurrent-mark-abort]
2020-03-29T13:01:50.085-0300: 266.962: Application time: 0.0006686 seconds
2020-03-29T13:01:50.086-0300: 266.962: Total time for which application threads were stopped: 0.0002206 seconds, Stopping threads took: 0.0001384 seconds
2020-03-29T13:01:50.086-0300: 266.962: Application time: 0.0000829 seconds
2020-03-29T13:01:50.086-0300: 266.962: Total time for which application threads were stopped: 0.0001340 seconds, Stopping threads took: 0.0000529 seconds
2020-03-29T13:01:50.086-0300: 266.963: Application time: 0.0004817 seconds
2020-03-29T13:01:50.087-0300: 266.963: [GC pause (G1 Evacuation Pause) (young) (to-space exhausted), 0.0280443 secs]
   [Parallel Time: 24.6 ms, GC Workers: 8]
      [GC Worker Start (ms): Min: 266962.7, Avg: 266962.9, Max: 266963.0, Diff: 0.4]
      [Ext Root Scanning (ms): Min: 0.0, Avg: 0.2, Max: 0.3, Diff: 0.3, Sum: 1.2]
      [Update RS (ms): Min: 0.0, Avg: 0.0, Max: 0.2, Diff: 0.2, Sum: 0.2]
         [Processed Buffers: Min: 0, Avg: 0.5, Max: 2, Diff: 2, Sum: 4]
      [Scan RS (ms): Min: 0.0, Avg: 0.0, Max: 0.0, Diff: 0.0, Sum: 0.0]
      [Code Root Scanning (ms): Min: 0.0, Avg: 0.0, Max: 0.0, Diff: 0.0, Sum: 0.0]
      [Object Copy (ms): Min: 23.4, Avg: 23.6, Max: 24.2, Diff: 0.8, Sum: 189.2]
      [Termination (ms): Min: 0.0, Avg: 0.5, Max: 0.6, Diff: 0.6, Sum: 4.1]
         [Termination Attempts: Min: 1, Avg: 13.8, Max: 22, Diff: 21, Sum: 110]
      [GC Worker Other (ms): Min: 0.0, Avg: 0.0, Max: 0.0, Diff: 0.0, Sum: 0.1]
      [GC Worker Total (ms): Min: 24.2, Avg: 24.3, Max: 24.5, Diff: 0.4, Sum: 194.7]
      [GC Worker End (ms): Min: 266987.2, Avg: 266987.2, Max: 266987.2, Diff: 0.0]
   [Code Root Fixup: 0.0 ms]
   [Code Root Purge: 0.0 ms]
   [Clear CT: 0.1 ms]
   [Other: 3.3 ms]
      [Evacuation Failure: 2.4 ms]
      [Choose CSet: 0.0 ms]
      [Ref Proc: 0.8 ms]
      [Ref Enq: 0.0 ms]
      [Redirty Cards: 0.1 ms]
      [Humongous Register: 0.0 ms]
      [Humongous Reclaim: 0.0 ms]
      [Free CSet: 0.0 ms]
   [Eden: 6144.0K(51.0M)->0.0B(51.0M) Survivors: 0.0B->0.0B Heap: 1023.1M(1024.0M)->1023.1M(1024.0M)]
 [Times: user=0.04 sys=0.00, real=0.03 secs] 
2020-03-29T13:01:50.115-0300: 266.991: Total time for which application threads were stopped: 0.0282841 seconds, Stopping threads took: 0.0000095 seconds
2020-03-29T13:01:50.115-0300: 266.991: Application time: 0.0000524 seconds
2020-03-29T13:01:50.115-0300: 266.991: [GC pause (G1 Evacuation Pause) (young) (initial-mark), 0.0031441 secs]
   [Parallel Time: 2.5 ms, GC Workers: 8]
      [GC Worker Start (ms): Min: 266991.0, Avg: 266991.1, Max: 266991.3, Diff: 0.3]
      [Ext Root Scanning (ms): Min: 0.0, Avg: 0.4, Max: 2.0, Diff: 1.9, Sum: 3.3]
      [Update RS (ms): Min: 0.0, Avg: 1.2, Max: 1.5, Diff: 1.5, Sum: 9.9]
         [Processed Buffers: Min: 0, Avg: 7.4, Max: 11, Diff: 11, Sum: 59]
      [Scan RS (ms): Min: 0.0, Avg: 0.0, Max: 0.0, Diff: 0.0, Sum: 0.0]
      [Code Root Scanning (ms): Min: 0.0, Avg: 0.0, Max: 0.0, Diff: 0.0, Sum: 0.0]
      [Object Copy (ms): Min: 0.0, Avg: 0.0, Max: 0.0, Diff: 0.0, Sum: 0.1]
      [Termination (ms): Min: 0.0, Avg: 0.5, Max: 0.6, Diff: 0.6, Sum: 3.7]
         [Termination Attempts: Min: 1, Avg: 1.0, Max: 1, Diff: 0, Sum: 8]
      [GC Worker Other (ms): Min: 0.0, Avg: 0.0, Max: 0.0, Diff: 0.0, Sum: 0.1]
      [GC Worker Total (ms): Min: 2.0, Avg: 2.1, Max: 2.3, Diff: 0.3, Sum: 17.0]
      [GC Worker End (ms): Min: 266993.2, Avg: 266993.3, Max: 266993.4, Diff: 0.2]
   [Code Root Fixup: 0.0 ms]
   [Code Root Purge: 0.0 ms]
   [Clear CT: 0.1 ms]
   [Other: 0.6 ms]
      [Choose CSet: 0.0 ms]
      [Ref Proc: 0.4 ms]
      [Ref Enq: 0.0 ms]
      [Redirty Cards: 0.1 ms]
      [Humongous Register: 0.0 ms]
      [Humongous Reclaim: 0.0 ms]
      [Free CSet: 0.0 ms]
   [Eden: 0.0B(51.0M)->0.0B(51.0M) Survivors: 0.0B->0.0B Heap: 1023.1M(1024.0M)->1023.1M(1024.0M)]
 [Times: user=0.02 sys=0.00, real=0.00 secs] 
2020-03-29T13:01:50.118-0300: 266.994: Total time for which application threads were stopped: 0.0033082 seconds, Stopping threads took: 0.0000258 seconds
2020-03-29T13:01:50.118-0300: 266.994: [GC concurrent-root-region-scan-start]
2020-03-29T13:01:50.118-0300: 266.994: [GC concurrent-root-region-scan-end, 0.0000062 secs]
2020-03-29T13:01:50.118-0300: 266.994: [GC concurrent-mark-start]
2020-03-29T13:01:50.118-0300: 266.994: Application time: 0.0000659 seconds
2020-03-29T13:01:50.118-0300: 266.994: [Full GC (Allocation Failure)  1023M->1019M(1024M), 1.5827720 secs]
   [Eden: 0.0B(51.0M)->0.0B(51.0M) Survivors: 0.0B->0.0B Heap: 1023.1M(1024.0M)->1019.7M(1024.0M)], [Metaspace: 9247K->9244K(1058816K)]
 [Times: user=3.23 sys=0.01, real=1.59 secs] 
2020-03-29T13:01:51.701-0300: 268.577: Total time for which application threads were stopped: 1.5828940 seconds, Stopping threads took: 0.0000096 seconds
2020-03-29T13:01:51.701-0300: 268.577: [GC concurrent-mark-abort]
2020-03-29T13:01:51.706-0300: 268.582: Application time: 0.0049874 seconds
2020-03-29T13:01:51.706-0300: 268.582: Total time for which application threads were stopped: 0.0000543 seconds, Stopping threads took: 0.0000134 seconds
2020-03-29T13:01:51.707-0300: 268.583: Application time: 0.0010141 seconds
2020-03-29T13:01:51.707-0300: 268.583: Total time for which application threads were stopped: 0.0001285 seconds, Stopping threads took: 0.0000547 seconds
2020-03-29T13:01:51.707-0300: 268.584: Application time: 0.0002132 seconds
2020-03-29T13:01:51.708-0300: 268.584: Total time for which application threads were stopped: 0.0000911 seconds, Stopping threads took: 0.0000126 seconds
2020-03-29T13:01:51.709-0300: 268.585: Application time: 0.0013564 seconds
2020-03-29T13:01:51.709-0300: 268.585: Total time for which application threads were stopped: 0.0000855 seconds, Stopping threads took: 0.0000277 seconds
2020-03-29T13:01:51.710-0300: 268.586: Application time: 0.0010862 seconds
2020-03-29T13:01:51.710-0300: 268.586: Total time for which application threads were stopped: 0.0001387 seconds, Stopping threads took: 0.0000225 seconds
2020-03-29T13:01:51.712-0300: 268.588: Application time: 0.0020441 seconds
2020-03-29T13:01:51.712-0300: 268.588: Total time for which application threads were stopped: 0.0001107 seconds, Stopping threads took: 0.0000149 seconds
2020-03-29T13:01:52.204-0300: 269.080: Application time: 0.4919662 seconds
2020-03-29T13:01:52.204-0300: 269.081: [GC pause (G1 Evacuation Pause) (young) (to-space exhausted), 0.0195014 secs]
   [Parallel Time: 17.1 ms, GC Workers: 8]
      [GC Worker Start (ms): Min: 269080.6, Avg: 269080.7, Max: 269080.8, Diff: 0.2]
      [Ext Root Scanning (ms): Min: 0.2, Avg: 0.3, Max: 0.5, Diff: 0.3, Sum: 2.2]
      [Update RS (ms): Min: 0.0, Avg: 0.1, Max: 0.7, Diff: 0.7, Sum: 0.7]
         [Processed Buffers: Min: 0, Avg: 0.9, Max: 7, Diff: 7, Sum: 7]
      [Scan RS (ms): Min: 0.0, Avg: 0.0, Max: 0.0, Diff: 0.0, Sum: 0.0]
      [Code Root Scanning (ms): Min: 0.0, Avg: 0.0, Max: 0.0, Diff: 0.0, Sum: 0.0]
      [Object Copy (ms): Min: 15.7, Avg: 16.4, Max: 16.6, Diff: 0.8, Sum: 131.4]
      [Termination (ms): Min: 0.0, Avg: 0.1, Max: 0.2, Diff: 0.2, Sum: 0.7]
         [Termination Attempts: Min: 1, Avg: 1.4, Max: 4, Diff: 3, Sum: 11]
      [GC Worker Other (ms): Min: 0.0, Avg: 0.0, Max: 0.0, Diff: 0.0, Sum: 0.1]
      [GC Worker Total (ms): Min: 16.8, Avg: 16.9, Max: 17.0, Diff: 0.2, Sum: 135.1]
      [GC Worker End (ms): Min: 269097.6, Avg: 269097.6, Max: 269097.7, Diff: 0.1]
   [Code Root Fixup: 0.0 ms]
   [Code Root Purge: 0.0 ms]
   [Clear CT: 0.1 ms]
   [Other: 2.3 ms]
      [Evacuation Failure: 1.8 ms]
      [Choose CSet: 0.0 ms]
      [Ref Proc: 0.2 ms]
      [Ref Enq: 0.0 ms]
      [Redirty Cards: 0.1 ms]
      [Humongous Register: 0.0 ms]
      [Humongous Reclaim: 0.0 ms]
      [Free CSet: 0.0 ms]
   [Eden: 4096.0K(51.0M)->0.0B(51.0M) Survivors: 0.0B->0.0B Heap: 1023.7M(1024.0M)->1023.7M(1024.0M)]
 [Times: user=0.02 sys=0.00, real=0.02 secs] 
2020-03-29T13:01:52.224-0300: 269.100: Total time for which application threads were stopped: 0.0197376 seconds, Stopping threads took: 0.0000230 seconds
2020-03-29T13:01:52.224-0300: 269.100: Application time: 0.0000308 seconds
2020-03-29T13:01:52.224-0300: 269.100: [GC pause (G1 Evacuation Pause) (young) (initial-mark), 0.0036517 secs]
   [Parallel Time: 2.4 ms, GC Workers: 8]
      [GC Worker Start (ms): Min: 269100.3, Avg: 269100.4, Max: 269100.4, Diff: 0.1]
      [Ext Root Scanning (ms): Min: 0.2, Avg: 0.3, Max: 0.3, Diff: 0.1, Sum: 2.1]
      [Update RS (ms): Min: 1.1, Avg: 1.3, Max: 1.9, Diff: 0.8, Sum: 10.5]
         [Processed Buffers: Min: 1, Avg: 4.4, Max: 7, Diff: 6, Sum: 35]
      [Scan RS (ms): Min: 0.0, Avg: 0.0, Max: 0.0, Diff: 0.0, Sum: 0.0]
      [Code Root Scanning (ms): Min: 0.0, Avg: 0.0, Max: 0.0, Diff: 0.0, Sum: 0.0]
      [Object Copy (ms): Min: 0.0, Avg: 0.0, Max: 0.0, Diff: 0.0, Sum: 0.1]
      [Termination (ms): Min: 0.0, Avg: 0.6, Max: 0.8, Diff: 0.8, Sum: 5.2]
         [Termination Attempts: Min: 1, Avg: 1.0, Max: 1, Diff: 0, Sum: 8]
      [GC Worker Other (ms): Min: 0.0, Avg: 0.0, Max: 0.0, Diff: 0.0, Sum: 0.1]
      [GC Worker Total (ms): Min: 2.2, Avg: 2.2, Max: 2.3, Diff: 0.1, Sum: 17.9]
      [GC Worker End (ms): Min: 269102.6, Avg: 269102.6, Max: 269102.7, Diff: 0.1]
   [Code Root Fixup: 0.0 ms]
   [Code Root Purge: 0.0 ms]
   [Clear CT: 0.1 ms]
   [Other: 1.1 ms]
      [Choose CSet: 0.0 ms]
      [Ref Proc: 0.9 ms]
      [Ref Enq: 0.0 ms]
      [Redirty Cards: 0.1 ms]
      [Humongous Register: 0.0 ms]
      [Humongous Reclaim: 0.0 ms]
      [Free CSet: 0.0 ms]
   [Eden: 0.0B(51.0M)->0.0B(51.0M) Survivors: 0.0B->0.0B Heap: 1023.7M(1024.0M)->1023.7M(1024.0M)]
 [Times: user=0.02 sys=0.00, real=0.00 secs] 
2020-03-29T13:01:52.228-0300: 269.104: Total time for which application threads were stopped: 0.0038647 seconds, Stopping threads took: 0.0000086 seconds
2020-03-29T13:01:52.228-0300: 269.104: [GC concurrent-root-region-scan-start]
2020-03-29T13:01:52.228-0300: 269.104: [GC concurrent-root-region-scan-end, 0.0000267 secs]
2020-03-29T13:01:52.228-0300: 269.104: [GC concurrent-mark-start]
2020-03-29T13:01:52.228-0300: 269.104: Application time: 0.0000509 seconds
2020-03-29T13:01:52.228-0300: 269.104: [Full GC (Allocation Failure)  1023M->1018M(1024M), 1.5945199 secs]
   [Eden: 0.0B(51.0M)->0.0B(51.0M) Survivors: 0.0B->0.0B Heap: 1023.7M(1024.0M)->1018.9M(1024.0M)], [Metaspace: 9307K->9243K(1058816K)]
 [Times: user=3.24 sys=0.01, real=1.60 secs] 
2020-03-29T13:01:53.823-0300: 270.699: Total time for which application threads were stopped: 1.5946716 seconds, Stopping threads took: 0.0000167 seconds
2020-03-29T13:01:53.823-0300: 270.699: [GC concurrent-mark-abort]
2020-03-29T13:01:53.824-0300: 270.700: Application time: 0.0009240 seconds
2020-03-29T13:01:53.824-0300: 270.700: [GC pause (G1 Evacuation Pause) (young) (to-space exhausted), 0.0166492 secs]
   [Parallel Time: 13.8 ms, GC Workers: 8]
      [GC Worker Start (ms): Min: 270699.9, Avg: 270700.0, Max: 270700.1, Diff: 0.2]
      [Ext Root Scanning (ms): Min: 0.0, Avg: 0.2, Max: 0.3, Diff: 0.2, Sum: 1.2]
      [Update RS (ms): Min: 0.0, Avg: 0.0, Max: 0.1, Diff: 0.1, Sum: 0.1]
         [Processed Buffers: Min: 0, Avg: 0.5, Max: 3, Diff: 3, Sum: 4]
      [Scan RS (ms): Min: 0.0, Avg: 0.0, Max: 0.0, Diff: 0.0, Sum: 0.0]
      [Code Root Scanning (ms): Min: 0.0, Avg: 0.0, Max: 0.0, Diff: 0.0, Sum: 0.0]
      [Object Copy (ms): Min: 12.8, Avg: 13.1, Max: 13.4, Diff: 0.6, Sum: 104.8]
      [Termination (ms): Min: 0.0, Avg: 0.3, Max: 0.6, Diff: 0.6, Sum: 2.4]
         [Termination Attempts: Min: 1, Avg: 1.0, Max: 1, Diff: 0, Sum: 8]
      [GC Worker Other (ms): Min: 0.0, Avg: 0.0, Max: 0.0, Diff: 0.0, Sum: 0.0]
      [GC Worker Total (ms): Min: 13.5, Avg: 13.6, Max: 13.6, Diff: 0.2, Sum: 108.5]
      [GC Worker End (ms): Min: 270713.6, Avg: 270713.6, Max: 270713.6, Diff: 0.0]
   [Code Root Fixup: 0.0 ms]
   [Code Root Purge: 0.0 ms]
   [Clear CT: 0.2 ms]
   [Other: 2.6 ms]
      [Evacuation Failure: 1.6 ms]
      [Choose CSet: 0.0 ms]
      [Ref Proc: 0.7 ms]
      [Ref Enq: 0.0 ms]
      [Redirty Cards: 0.2 ms]
      [Humongous Register: 0.0 ms]
      [Humongous Reclaim: 0.0 ms]
      [Free CSet: 0.0 ms]
   [Eden: 4096.0K(51.0M)->0.0B(51.0M) Survivors: 0.0B->0.0B Heap: 1022.9M(1024.0M)->1022.9M(1024.0M)]
 [Times: user=0.02 sys=0.00, real=0.02 secs] 
2020-03-29T13:01:53.841-0300: 270.717: Total time for which application threads were stopped: 0.0168861 seconds, Stopping threads took: 0.0000395 seconds
2020-03-29T13:01:53.841-0300: 270.717: Application time: 0.0000789 seconds
2020-03-29T13:01:53.841-0300: 270.717: [GC pause (G1 Evacuation Pause) (young) (initial-mark), 0.0036351 secs]
   [Parallel Time: 2.2 ms, GC Workers: 8]
      [GC Worker Start (ms): Min: 270716.8, Avg: 270717.0, Max: 270717.1, Diff: 0.3]
      [Ext Root Scanning (ms): Min: 0.1, Avg: 0.8, Max: 1.9, Diff: 1.8, Sum: 6.5]
      [Update RS (ms): Min: 0.0, Avg: 0.6, Max: 1.1, Diff: 1.1, Sum: 4.9]
         [Processed Buffers: Min: 0, Avg: 4.1, Max: 9, Diff: 9, Sum: 33]
      [Scan RS (ms): Min: 0.0, Avg: 0.0, Max: 0.0, Diff: 0.0, Sum: 0.0]
      [Code Root Scanning (ms): Min: 0.0, Avg: 0.0, Max: 0.0, Diff: 0.0, Sum: 0.0]
      [Object Copy (ms): Min: 0.0, Avg: 0.0, Max: 0.0, Diff: 0.0, Sum: 0.1]
      [Termination (ms): Min: 0.0, Avg: 0.4, Max: 0.6, Diff: 0.6, Sum: 2.8]
         [Termination Attempts: Min: 1, Avg: 1.0, Max: 1, Diff: 0, Sum: 8]
      [GC Worker Other (ms): Min: 0.0, Avg: 0.0, Max: 0.0, Diff: 0.0, Sum: 0.0]
      [GC Worker Total (ms): Min: 1.6, Avg: 1.8, Max: 2.0, Diff: 0.4, Sum: 14.3]
      [GC Worker End (ms): Min: 270718.7, Avg: 270718.8, Max: 270718.9, Diff: 0.1]
   [Code Root Fixup: 0.0 ms]
   [Code Root Purge: 0.0 ms]
   [Clear CT: 0.2 ms]
   [Other: 1.3 ms]
      [Choose CSet: 0.0 ms]
      [Ref Proc: 1.0 ms]
      [Ref Enq: 0.0 ms]
      [Redirty Cards: 0.2 ms]
      [Humongous Register: 0.0 ms]
      [Humongous Reclaim: 0.0 ms]
      [Free CSet: 0.0 ms]
   [Eden: 0.0B(51.0M)->0.0B(51.0M) Survivors: 0.0B->0.0B Heap: 1022.9M(1024.0M)->1022.9M(1024.0M)]
 [Times: user=0.02 sys=0.00, real=0.00 secs] 
2020-03-29T13:01:53.844-0300: 270.721: Total time for which application threads were stopped: 0.0038210 seconds, Stopping threads took: 0.0000278 seconds
2020-03-29T13:01:53.844-0300: 270.721: [GC concurrent-root-region-scan-start]
2020-03-29T13:01:53.844-0300: 270.721: [GC concurrent-root-region-scan-end, 0.0000312 secs]
2020-03-29T13:01:53.844-0300: 270.721: [GC concurrent-mark-start]
2020-03-29T13:01:53.845-0300: 270.721: Application time: 0.0001144 seconds
2020-03-29T13:01:53.845-0300: 270.721: [Full GC (Allocation Failure)  1022M->1020M(1024M), 1.5712138 secs]
   [Eden: 0.0B(51.0M)->0.0B(51.0M) Survivors: 0.0B->0.0B Heap: 1022.9M(1024.0M)->1020.4M(1024.0M)], [Metaspace: 9251K->9244K(1058816K)]
 [Times: user=3.23 sys=0.00, real=1.57 secs] 
2020-03-29T13:01:55.416-0300: 272.292: Total time for which application threads were stopped: 1.5713707 seconds, Stopping threads took: 0.0000072 seconds
2020-03-29T13:01:55.416-0300: 272.292: [GC concurrent-mark-abort]
2020-03-29T13:01:55.416-0300: 272.293: Application time: 0.0005271 seconds
2020-03-29T13:01:55.417-0300: 272.293: [GC pause (G1 Evacuation Pause) (young) (to-space exhausted), 0.0133519 secs]
   [Parallel Time: 11.2 ms, GC Workers: 8]
      [GC Worker Start (ms): Min: 272292.7, Avg: 272292.9, Max: 272293.1, Diff: 0.3]
      [Ext Root Scanning (ms): Min: 0.0, Avg: 0.1, Max: 0.3, Diff: 0.3, Sum: 0.9]
      [Update RS (ms): Min: 0.0, Avg: 0.0, Max: 0.1, Diff: 0.1, Sum: 0.1]
         [Processed Buffers: Min: 0, Avg: 0.5, Max: 2, Diff: 2, Sum: 4]
      [Scan RS (ms): Min: 0.0, Avg: 0.0, Max: 0.0, Diff: 0.0, Sum: 0.0]
      [Code Root Scanning (ms): Min: 0.0, Avg: 0.0, Max: 0.0, Diff: 0.0, Sum: 0.0]
      [Object Copy (ms): Min: 10.0, Avg: 10.3, Max: 10.7, Diff: 0.7, Sum: 82.2]
      [Termination (ms): Min: 0.0, Avg: 0.4, Max: 0.6, Diff: 0.6, Sum: 3.1]
         [Termination Attempts: Min: 1, Avg: 2.2, Max: 6, Diff: 5, Sum: 18]
      [GC Worker Other (ms): Min: 0.0, Avg: 0.0, Max: 0.0, Diff: 0.0, Sum: 0.1]
      [GC Worker Total (ms): Min: 10.6, Avg: 10.8, Max: 11.1, Diff: 0.4, Sum: 86.5]
      [GC Worker End (ms): Min: 272303.7, Avg: 272303.7, Max: 272303.9, Diff: 0.2]
   [Code Root Fixup: 0.0 ms]
   [Code Root Purge: 0.0 ms]
   [Clear CT: 0.2 ms]
   [Other: 2.0 ms]
      [Evacuation Failure: 1.6 ms]
      [Choose CSet: 0.0 ms]
      [Ref Proc: 0.1 ms]
      [Ref Enq: 0.0 ms]
      [Redirty Cards: 0.1 ms]
      [Humongous Register: 0.0 ms]
      [Humongous Reclaim: 0.0 ms]
      [Free CSet: 0.0 ms]
   [Eden: 3072.0K(51.0M)->0.0B(51.0M) Survivors: 0.0B->0.0B Heap: 1023.4M(1024.0M)->1023.4M(1024.0M)]
 [Times: user=0.02 sys=0.00, real=0.02 secs] 
2020-03-29T13:01:55.430-0300: 272.306: Total time for which application threads were stopped: 0.0136072 seconds, Stopping threads took: 0.0000414 seconds
2020-03-29T13:01:55.430-0300: 272.306: Application time: 0.0000763 seconds
2020-03-29T13:01:55.430-0300: 272.306: [GC pause (G1 Evacuation Pause) (young) (initial-mark), 0.0025063 secs]
   [Parallel Time: 1.8 ms, GC Workers: 8]
      [GC Worker Start (ms): Min: 272306.4, Avg: 272306.6, Max: 272306.7, Diff: 0.3]
      [Ext Root Scanning (ms): Min: 0.0, Avg: 0.6, Max: 1.1, Diff: 1.0, Sum: 4.7]
      [Update RS (ms): Min: 0.0, Avg: 0.5, Max: 1.1, Diff: 1.1, Sum: 4.3]
         [Processed Buffers: Min: 0, Avg: 3.9, Max: 11, Diff: 11, Sum: 31]
      [Scan RS (ms): Min: 0.0, Avg: 0.0, Max: 0.0, Diff: 0.0, Sum: 0.0]
      [Code Root Scanning (ms): Min: 0.0, Avg: 0.0, Max: 0.0, Diff: 0.0, Sum: 0.0]
      [Object Copy (ms): Min: 0.0, Avg: 0.0, Max: 0.0, Diff: 0.0, Sum: 0.1]
      [Termination (ms): Min: 0.0, Avg: 0.3, Max: 0.6, Diff: 0.6, Sum: 2.3]
         [Termination Attempts: Min: 1, Avg: 1.0, Max: 1, Diff: 0, Sum: 8]
      [GC Worker Other (ms): Min: 0.0, Avg: 0.0, Max: 0.0, Diff: 0.0, Sum: 0.0]
      [GC Worker Total (ms): Min: 1.3, Avg: 1.4, Max: 1.7, Diff: 0.4, Sum: 11.3]
      [GC Worker End (ms): Min: 272307.9, Avg: 272308.0, Max: 272308.1, Diff: 0.2]
   [Code Root Fixup: 0.0 ms]
   [Code Root Purge: 0.0 ms]
   [Clear CT: 0.2 ms]
   [Other: 0.5 ms]
      [Choose CSet: 0.0 ms]
      [Ref Proc: 0.2 ms]
      [Ref Enq: 0.0 ms]
      [Redirty Cards: 0.2 ms]
      [Humongous Register: 0.0 ms]
      [Humongous Reclaim: 0.0 ms]
      [Free CSet: 0.0 ms]
   [Eden: 0.0B(51.0M)->0.0B(51.0M) Survivors: 0.0B->0.0B Heap: 1023.4M(1024.0M)->1023.4M(1024.0M)]
 [Times: user=0.01 sys=0.01, real=0.00 secs] 
2020-03-29T13:01:55.433-0300: 272.309: Total time for which application threads were stopped: 0.0026706 seconds, Stopping threads took: 0.0000220 seconds
2020-03-29T13:01:55.433-0300: 272.309: [GC concurrent-root-region-scan-start]
2020-03-29T13:01:55.433-0300: 272.309: [GC concurrent-root-region-scan-end, 0.0000049 secs]
2020-03-29T13:01:55.433-0300: 272.309: [GC concurrent-mark-start]
2020-03-29T13:01:55.433-0300: 272.309: Application time: 0.0001136 seconds
2020-03-29T13:01:55.433-0300: 272.309: [Full GC (Allocation Failure)  1023M->1021M(1024M), 1.5561961 secs]
   [Eden: 0.0B(51.0M)->0.0B(51.0M) Survivors: 0.0B->0.0B Heap: 1023.4M(1024.0M)->1021.6M(1024.0M)], [Metaspace: 9251K->9247K(1058816K)]
 [Times: user=3.21 sys=0.00, real=1.55 secs] 
2020-03-29T13:01:56.989-0300: 273.865: Total time for which application threads were stopped: 1.5563291 seconds, Stopping threads took: 0.0000066 seconds
2020-03-29T13:01:56.989-0300: 273.865: [GC concurrent-mark-abort]
2020-03-29T13:01:56.990-0300: 273.866: Application time: 0.0004151 seconds
2020-03-29T13:01:56.990-0300: 273.866: [GC pause (G1 Evacuation Pause) (young) (to-space exhausted), 0.0105693 secs]
   [Parallel Time: 7.8 ms, GC Workers: 8]
      [GC Worker Start (ms): Min: 273866.0, Avg: 273866.2, Max: 273866.3, Diff: 0.4]
      [Ext Root Scanning (ms): Min: 0.0, Avg: 0.1, Max: 0.3, Diff: 0.3, Sum: 1.1]
      [Update RS (ms): Min: 0.0, Avg: 0.0, Max: 0.0, Diff: 0.0, Sum: 0.1]
         [Processed Buffers: Min: 0, Avg: 0.5, Max: 3, Diff: 3, Sum: 4]
      [Scan RS (ms): Min: 0.0, Avg: 0.0, Max: 0.0, Diff: 0.0, Sum: 0.0]
      [Code Root Scanning (ms): Min: 0.0, Avg: 0.0, Max: 0.0, Diff: 0.0, Sum: 0.0]
      [Object Copy (ms): Min: 6.1, Avg: 6.5, Max: 7.2, Diff: 1.1, Sum: 51.9]
      [Termination (ms): Min: 0.0, Avg: 0.7, Max: 1.1, Diff: 1.1, Sum: 6.0]
         [Termination Attempts: Min: 1, Avg: 2.6, Max: 8, Diff: 7, Sum: 21]
      [GC Worker Other (ms): Min: 0.0, Avg: 0.0, Max: 0.0, Diff: 0.0, Sum: 0.1]
      [GC Worker Total (ms): Min: 7.2, Avg: 7.4, Max: 7.6, Diff: 0.4, Sum: 59.1]
      [GC Worker End (ms): Min: 273873.5, Avg: 273873.6, Max: 273873.7, Diff: 0.2]
   [Code Root Fixup: 0.0 ms]
   [Code Root Purge: 0.0 ms]
   [Clear CT: 0.2 ms]
   [Other: 2.5 ms]
      [Evacuation Failure: 1.4 ms]
      [Choose CSet: 0.0 ms]
      [Ref Proc: 0.8 ms]
      [Ref Enq: 0.0 ms]
      [Redirty Cards: 0.2 ms]
      [Humongous Register: 0.0 ms]
      [Humongous Reclaim: 0.0 ms]
      [Free CSet: 0.0 ms]
   [Eden: 2048.0K(51.0M)->0.0B(51.0M) Survivors: 0.0B->0.0B Heap: 1023.6M(1024.0M)->1023.6M(1024.0M)]
 [Times: user=0.02 sys=0.00, real=0.01 secs] 
2020-03-29T13:01:57.000-0300: 273.877: Total time for which application threads were stopped: 0.0108279 seconds, Stopping threads took: 0.0000841 seconds
2020-03-29T13:01:57.001-0300: 273.877: Application time: 0.0000960 seconds
2020-03-29T13:01:57.001-0300: 273.877: [GC pause (G1 Evacuation Pause) (young) (initial-mark), 0.0035200 secs]
   [Parallel Time: 2.1 ms, GC Workers: 8]
      [GC Worker Start (ms): Min: 273876.8, Avg: 273877.0, Max: 273877.1, Diff: 0.3]
      [Ext Root Scanning (ms): Min: 0.0, Avg: 0.2, Max: 0.4, Diff: 0.4, Sum: 1.6]
      [Update RS (ms): Min: 0.5, Avg: 0.9, Max: 1.4, Diff: 0.9, Sum: 6.8]
         [Processed Buffers: Min: 1, Avg: 2.8, Max: 5, Diff: 4, Sum: 22]
      [Scan RS (ms): Min: 0.0, Avg: 0.0, Max: 0.0, Diff: 0.0, Sum: 0.0]
      [Code Root Scanning (ms): Min: 0.0, Avg: 0.0, Max: 0.0, Diff: 0.0, Sum: 0.0]
      [Object Copy (ms): Min: 0.0, Avg: 0.0, Max: 0.0, Diff: 0.0, Sum: 0.1]
      [Termination (ms): Min: 0.0, Avg: 0.7, Max: 1.0, Diff: 1.0, Sum: 5.3]
         [Termination Attempts: Min: 1, Avg: 1.0, Max: 1, Diff: 0, Sum: 8]
      [GC Worker Other (ms): Min: 0.0, Avg: 0.0, Max: 0.0, Diff: 0.0, Sum: 0.1]
      [GC Worker Total (ms): Min: 1.5, Avg: 1.7, Max: 2.0, Diff: 0.5, Sum: 13.9]
      [GC Worker End (ms): Min: 273878.6, Avg: 273878.7, Max: 273878.8, Diff: 0.2]
   [Code Root Fixup: 0.0 ms]
   [Code Root Purge: 0.0 ms]
   [Clear CT: 0.2 ms]
   [Other: 1.2 ms]
      [Choose CSet: 0.0 ms]
      [Ref Proc: 0.9 ms]
      [Ref Enq: 0.0 ms]
      [Redirty Cards: 0.3 ms]
      [Humongous Register: 0.0 ms]
      [Humongous Reclaim: 0.0 ms]
      [Free CSet: 0.0 ms]
   [Eden: 0.0B(51.0M)->0.0B(51.0M) Survivors: 0.0B->0.0B Heap: 1023.6M(1024.0M)->1023.6M(1024.0M)]
 [Times: user=0.01 sys=0.00, real=0.00 secs] 
2020-03-29T13:01:57.004-0300: 273.880: Total time for which application threads were stopped: 0.0036923 seconds, Stopping threads took: 0.0000086 seconds
2020-03-29T13:01:57.004-0300: 273.880: [GC concurrent-root-region-scan-start]
2020-03-29T13:01:57.004-0300: 273.880: [GC concurrent-root-region-scan-end, 0.0000320 secs]
2020-03-29T13:01:57.004-0300: 273.880: [GC concurrent-mark-start]
2020-03-29T13:01:57.005-0300: 273.881: Application time: 0.0002146 seconds
2020-03-29T13:01:57.005-0300: 273.881: [GC pause (G1 Evacuation Pause) (young), 0.0021813 secs]
   [Parallel Time: 0.9 ms, GC Workers: 8]
      [GC Worker Start (ms): Min: 273880.7, Avg: 273881.0, Max: 273881.5, Diff: 0.8]
      [Ext Root Scanning (ms): Min: 0.0, Avg: 0.1, Max: 0.2, Diff: 0.2, Sum: 0.9]
      [Update RS (ms): Min: 0.0, Avg: 0.0, Max: 0.0, Diff: 0.0, Sum: 0.0]
         [Processed Buffers: Min: 0, Avg: 0.1, Max: 1, Diff: 1, Sum: 1]
      [Scan RS (ms): Min: 0.0, Avg: 0.0, Max: 0.0, Diff: 0.0, Sum: 0.0]
      [Code Root Scanning (ms): Min: 0.0, Avg: 0.0, Max: 0.0, Diff: 0.0, Sum: 0.0]
      [Object Copy (ms): Min: 0.0, Avg: 0.0, Max: 0.0, Diff: 0.0, Sum: 0.0]
      [Termination (ms): Min: 0.0, Avg: 0.4, Max: 0.6, Diff: 0.6, Sum: 2.9]
         [Termination Attempts: Min: 1, Avg: 1.0, Max: 1, Diff: 0, Sum: 8]
      [GC Worker Other (ms): Min: 0.0, Avg: 0.0, Max: 0.0, Diff: 0.0, Sum: 0.0]
      [GC Worker Total (ms): Min: 0.0, Avg: 0.5, Max: 0.8, Diff: 0.8, Sum: 3.9]
      [GC Worker End (ms): Min: 273881.5, Avg: 273881.5, Max: 273881.6, Diff: 0.0]
   [Code Root Fixup: 0.0 ms]
   [Code Root Purge: 0.0 ms]
   [Clear CT: 0.2 ms]
   [Other: 1.1 ms]
      [Choose CSet: 0.0 ms]
      [Ref Proc: 0.8 ms]
      [Ref Enq: 0.0 ms]
      [Redirty Cards: 0.2 ms]
      [Humongous Register: 0.0 ms]
      [Humongous Reclaim: 0.0 ms]
      [Free CSet: 0.0 ms]
   [Eden: 0.0B(51.0M)->0.0B(51.0M) Survivors: 0.0B->0.0B Heap: 1023.6M(1024.0M)->1023.6M(1024.0M)]
 [Times: user=0.01 sys=0.00, real=0.00 secs] 
2020-03-29T13:01:57.007-0300: 273.883: Total time for which application threads were stopped: 0.0023490 seconds, Stopping threads took: 0.0000059 seconds
2020-03-29T13:01:57.007-0300: 273.883: Application time: 0.0001104 seconds
2020-03-29T13:01:57.007-0300: 273.883: [Full GC (Allocation Failure)  1023M->1022M(1024M), 1.5566760 secs]
   [Eden: 0.0B(51.0M)->0.0B(51.0M) Survivors: 0.0B->0.0B Heap: 1023.6M(1024.0M)->1022.4M(1024.0M)], [Metaspace: 9254K->9254K(1058816K)]
 [Times: user=3.21 sys=0.01, real=1.56 secs] 
2020-03-29T13:01:58.564-0300: 275.440: Total time for which application threads were stopped: 1.5568011 seconds, Stopping threads took: 0.0000047 seconds
2020-03-29T13:01:58.564-0300: 275.440: [GC concurrent-mark-abort]
2020-03-29T13:01:58.564-0300: 275.440: Application time: 0.0002434 seconds
2020-03-29T13:01:58.564-0300: 275.440: [GC pause (G1 Evacuation Pause) (young) (to-space exhausted), 0.0095448 secs]
   [Parallel Time: 7.3 ms, GC Workers: 8]
      [GC Worker Start (ms): Min: 275440.2, Avg: 275440.4, Max: 275440.6, Diff: 0.3]
      [Ext Root Scanning (ms): Min: 0.0, Avg: 0.1, Max: 0.3, Diff: 0.3, Sum: 1.1]
      [Update RS (ms): Min: 0.0, Avg: 0.0, Max: 0.2, Diff: 0.2, Sum: 0.2]
         [Processed Buffers: Min: 0, Avg: 0.5, Max: 1, Diff: 1, Sum: 4]
      [Scan RS (ms): Min: 0.0, Avg: 0.0, Max: 0.0, Diff: 0.0, Sum: 0.0]
      [Code Root Scanning (ms): Min: 0.0, Avg: 0.0, Max: 0.0, Diff: 0.0, Sum: 0.0]
      [Object Copy (ms): Min: 6.3, Avg: 6.5, Max: 6.9, Diff: 0.6, Sum: 51.9]
      [Termination (ms): Min: 0.0, Avg: 0.4, Max: 0.6, Diff: 0.6, Sum: 3.4]
         [Termination Attempts: Min: 1, Avg: 3.1, Max: 4, Diff: 3, Sum: 25]
      [GC Worker Other (ms): Min: 0.0, Avg: 0.0, Max: 0.0, Diff: 0.0, Sum: 0.1]
      [GC Worker Total (ms): Min: 6.9, Avg: 7.1, Max: 7.3, Diff: 0.4, Sum: 56.7]
      [GC Worker End (ms): Min: 275447.5, Avg: 275447.5, Max: 275447.5, Diff: 0.1]
   [Code Root Fixup: 0.0 ms]
   [Code Root Purge: 0.0 ms]
   [Clear CT: 0.1 ms]
   [Other: 2.1 ms]
      [Evacuation Failure: 0.7 ms]
      [Choose CSet: 0.0 ms]
      [Ref Proc: 1.2 ms]
      [Ref Enq: 0.0 ms]
      [Redirty Cards: 0.1 ms]
      [Humongous Register: 0.0 ms]
      [Humongous Reclaim: 0.0 ms]
      [Free CSet: 0.0 ms]
   [Eden: 1024.0K(51.0M)->0.0B(51.0M) Survivors: 0.0B->0.0B Heap: 1023.4M(1024.0M)->1023.4M(1024.0M)]
 [Times: user=0.02 sys=0.00, real=0.01 secs] 
2020-03-29T13:01:58.574-0300: 275.450: Total time for which application threads were stopped: 0.0097171 seconds, Stopping threads took: 0.0000220 seconds
2020-03-29T13:01:58.574-0300: 275.450: Application time: 0.0000600 seconds
2020-03-29T13:01:58.574-0300: 275.450: [GC pause (G1 Evacuation Pause) (young) (initial-mark), 0.0024131 secs]
   [Parallel Time: 1.4 ms, GC Workers: 8]
      [GC Worker Start (ms): Min: 275450.0, Avg: 275450.0, Max: 275450.2, Diff: 0.2]
      [Ext Root Scanning (ms): Min: 0.2, Avg: 0.4, Max: 0.8, Diff: 0.6, Sum: 3.3]
      [Update RS (ms): Min: 0.0, Avg: 0.2, Max: 0.8, Diff: 0.8, Sum: 1.9]
         [Processed Buffers: Min: 0, Avg: 2.0, Max: 4, Diff: 4, Sum: 16]
      [Scan RS (ms): Min: 0.0, Avg: 0.0, Max: 0.0, Diff: 0.0, Sum: 0.0]
      [Code Root Scanning (ms): Min: 0.0, Avg: 0.0, Max: 0.0, Diff: 0.0, Sum: 0.0]
      [Object Copy (ms): Min: 0.0, Avg: 0.0, Max: 0.0, Diff: 0.0, Sum: 0.1]
      [Termination (ms): Min: 0.0, Avg: 0.5, Max: 0.8, Diff: 0.8, Sum: 3.9]
         [Termination Attempts: Min: 1, Avg: 1.0, Max: 1, Diff: 0, Sum: 8]
      [GC Worker Other (ms): Min: 0.0, Avg: 0.0, Max: 0.0, Diff: 0.0, Sum: 0.0]
      [GC Worker Total (ms): Min: 1.0, Avg: 1.1, Max: 1.3, Diff: 0.4, Sum: 9.2]
      [GC Worker End (ms): Min: 275451.1, Avg: 275451.2, Max: 275451.4, Diff: 0.2]
   [Code Root Fixup: 0.0 ms]
   [Code Root Purge: 0.0 ms]
   [Clear CT: 0.1 ms]
   [Other: 0.8 ms]
      [Choose CSet: 0.0 ms]
      [Ref Proc: 0.7 ms]
      [Ref Enq: 0.0 ms]
      [Redirty Cards: 0.1 ms]
      [Humongous Register: 0.0 ms]
      [Humongous Reclaim: 0.0 ms]
      [Free CSet: 0.0 ms]
   [Eden: 0.0B(51.0M)->0.0B(51.0M) Survivors: 0.0B->0.0B Heap: 1023.4M(1024.0M)->1023.4M(1024.0M)]
 [Times: user=0.01 sys=0.01, real=0.00 secs] 
2020-03-29T13:01:58.576-0300: 275.452: [GC concurrent-root-region-scan-start]
2020-03-29T13:01:58.576-0300: 275.452: Total time for which application threads were stopped: 0.0025366 seconds, Stopping threads took: 0.0000093 seconds
2020-03-29T13:01:58.576-0300: 275.452: [GC concurrent-root-region-scan-end, 0.0000076 secs]
2020-03-29T13:01:58.576-0300: 275.452: [GC concurrent-mark-start]
2020-03-29T13:01:58.576-0300: 275.452: Application time: 0.0000450 seconds
2020-03-29T13:01:58.576-0300: 275.453: [Full GC (Allocation Failure)  1023M->1022M(1024M), 1.5509140 secs]
   [Eden: 0.0B(51.0M)->0.0B(51.0M) Survivors: 0.0B->0.0B Heap: 1023.4M(1024.0M)->1022.6M(1024.0M)], [Metaspace: 9255K->9255K(1058816K)]
 [Times: user=3.22 sys=0.00, real=1.55 secs] 
2020-03-29T13:02:00.127-0300: 277.004: Total time for which application threads were stopped: 1.5510779 seconds, Stopping threads took: 0.0000186 seconds
2020-03-29T13:02:00.128-0300: 277.004: [GC concurrent-mark-abort]
2020-03-29T13:02:00.128-0300: 277.005: Application time: 0.0010023 seconds
2020-03-29T13:02:00.129-0300: 277.005: [GC pause (G1 Evacuation Pause) (young) (to-space exhausted), 0.0064392 secs]
   [Parallel Time: 4.0 ms, GC Workers: 8]
      [GC Worker Start (ms): Min: 277004.7, Avg: 277004.9, Max: 277005.1, Diff: 0.3]
      [Ext Root Scanning (ms): Min: 0.0, Avg: 0.1, Max: 0.3, Diff: 0.3, Sum: 0.9]
      [Update RS (ms): Min: 0.0, Avg: 0.1, Max: 0.4, Diff: 0.4, Sum: 0.5]
         [Processed Buffers: Min: 0, Avg: 0.5, Max: 2, Diff: 2, Sum: 4]
      [Scan RS (ms): Min: 0.0, Avg: 0.0, Max: 0.0, Diff: 0.0, Sum: 0.0]
      [Code Root Scanning (ms): Min: 0.0, Avg: 0.0, Max: 0.0, Diff: 0.0, Sum: 0.0]
      [Object Copy (ms): Min: 3.0, Avg: 3.1, Max: 3.4, Diff: 0.4, Sum: 24.7]
      [Termination (ms): Min: 0.0, Avg: 0.4, Max: 0.6, Diff: 0.6, Sum: 3.0]
         [Termination Attempts: Min: 1, Avg: 1.0, Max: 1, Diff: 0, Sum: 8]
      [GC Worker Other (ms): Min: 0.0, Avg: 0.0, Max: 0.0, Diff: 0.0, Sum: 0.1]
      [GC Worker Total (ms): Min: 3.5, Avg: 3.7, Max: 3.8, Diff: 0.4, Sum: 29.3]
      [GC Worker End (ms): Min: 277008.5, Avg: 277008.6, Max: 277008.7, Diff: 0.2]
   [Code Root Fixup: 0.0 ms]
   [Code Root Purge: 0.0 ms]
   [Clear CT: 0.2 ms]
   [Other: 2.2 ms]
      [Evacuation Failure: 1.2 ms]
      [Choose CSet: 0.0 ms]
      [Ref Proc: 0.7 ms]
      [Ref Enq: 0.0 ms]
      [Redirty Cards: 0.2 ms]
      [Humongous Register: 0.0 ms]
      [Humongous Reclaim: 0.0 ms]
      [Free CSet: 0.1 ms]
   [Eden: 1024.0K(51.0M)->0.0B(51.0M) Survivors: 0.0B->0.0B Heap: 1023.6M(1024.0M)->1023.6M(1024.0M)]
 [Times: user=0.01 sys=0.00, real=0.01 secs] 
2020-03-29T13:02:00.135-0300: 277.011: Total time for which application threads were stopped: 0.0066647 seconds, Stopping threads took: 0.0000361 seconds
2020-03-29T13:02:00.135-0300: 277.011: Application time: 0.0000981 seconds
2020-03-29T13:02:00.135-0300: 277.011: [GC pause (G1 Evacuation Pause) (young) (initial-mark), 0.0026595 secs]
   [Parallel Time: 1.5 ms, GC Workers: 8]
      [GC Worker Start (ms): Min: 277011.5, Avg: 277011.7, Max: 277011.9, Diff: 0.3]
      [Ext Root Scanning (ms): Min: 0.0, Avg: 0.3, Max: 0.7, Diff: 0.6, Sum: 2.2]
      [Update RS (ms): Min: 0.0, Avg: 0.3, Max: 0.8, Diff: 0.8, Sum: 2.4]
         [Processed Buffers: Min: 0, Avg: 1.8, Max: 6, Diff: 6, Sum: 14]
      [Scan RS (ms): Min: 0.0, Avg: 0.0, Max: 0.0, Diff: 0.0, Sum: 0.0]
      [Code Root Scanning (ms): Min: 0.0, Avg: 0.0, Max: 0.0, Diff: 0.0, Sum: 0.0]
      [Object Copy (ms): Min: 0.0, Avg: 0.0, Max: 0.0, Diff: 0.0, Sum: 0.1]
      [Termination (ms): Min: 0.0, Avg: 0.5, Max: 0.8, Diff: 0.8, Sum: 3.9]
         [Termination Attempts: Min: 1, Avg: 1.0, Max: 1, Diff: 0, Sum: 8]
      [GC Worker Other (ms): Min: 0.0, Avg: 0.0, Max: 0.0, Diff: 0.0, Sum: 0.0]
      [GC Worker Total (ms): Min: 0.9, Avg: 1.1, Max: 1.3, Diff: 0.5, Sum: 8.6]
      [GC Worker End (ms): Min: 277012.7, Avg: 277012.8, Max: 277012.9, Diff: 0.2]
   [Code Root Fixup: 0.0 ms]
   [Code Root Purge: 0.0 ms]
   [Clear CT: 0.2 ms]
   [Other: 0.9 ms]
      [Choose CSet: 0.0 ms]
      [Ref Proc: 0.7 ms]
      [Ref Enq: 0.0 ms]
      [Redirty Cards: 0.2 ms]
      [Humongous Register: 0.0 ms]
      [Humongous Reclaim: 0.0 ms]
      [Free CSet: 0.0 ms]
   [Eden: 0.0B(51.0M)->0.0B(51.0M) Survivors: 0.0B->0.0B Heap: 1023.6M(1024.0M)->1023.6M(1024.0M)]
 [Times: user=0.01 sys=0.00, real=0.00 secs] 
2020-03-29T13:02:00.138-0300: 277.014: Total time for which application threads were stopped: 0.0029149 seconds, Stopping threads took: 0.0000640 seconds
2020-03-29T13:02:00.138-0300: 277.014: [GC concurrent-root-region-scan-start]
2020-03-29T13:02:00.138-0300: 277.014: [GC concurrent-root-region-scan-end, 0.0000051 secs]
2020-03-29T13:02:00.138-0300: 277.014: [GC concurrent-mark-start]
2020-03-29T13:02:00.138-0300: 277.014: Application time: 0.0000836 seconds
2020-03-29T13:02:00.138-0300: 277.014: [GC pause (G1 Evacuation Pause) (young), 0.0014416 secs]
   [Parallel Time: 0.9 ms, GC Workers: 8]
      [GC Worker Start (ms): Min: 277014.4, Avg: 277014.7, Max: 277015.2, Diff: 0.8]
      [Ext Root Scanning (ms): Min: 0.0, Avg: 0.1, Max: 0.2, Diff: 0.2, Sum: 1.0]
      [Update RS (ms): Min: 0.0, Avg: 0.0, Max: 0.0, Diff: 0.0, Sum: 0.0]
         [Processed Buffers: Min: 0, Avg: 0.1, Max: 1, Diff: 1, Sum: 1]
      [Scan RS (ms): Min: 0.0, Avg: 0.0, Max: 0.0, Diff: 0.0, Sum: 0.0]
      [Code Root Scanning (ms): Min: 0.0, Avg: 0.0, Max: 0.0, Diff: 0.0, Sum: 0.0]
      [Object Copy (ms): Min: 0.0, Avg: 0.0, Max: 0.0, Diff: 0.0, Sum: 0.0]
      [Termination (ms): Min: 0.0, Avg: 0.4, Max: 0.6, Diff: 0.6, Sum: 3.4]
         [Termination Attempts: Min: 1, Avg: 1.0, Max: 1, Diff: 0, Sum: 8]
      [GC Worker Other (ms): Min: 0.0, Avg: 0.0, Max: 0.0, Diff: 0.0, Sum: 0.0]
      [GC Worker Total (ms): Min: 0.0, Avg: 0.6, Max: 0.8, Diff: 0.8, Sum: 4.5]
      [GC Worker End (ms): Min: 277015.2, Avg: 277015.2, Max: 277015.2, Diff: 0.0]
   [Code Root Fixup: 0.0 ms]
   [Code Root Purge: 0.0 ms]
   [Clear CT: 0.1 ms]
   [Other: 0.5 ms]
      [Choose CSet: 0.0 ms]
      [Ref Proc: 0.3 ms]
      [Ref Enq: 0.0 ms]
      [Redirty Cards: 0.1 ms]
      [Humongous Register: 0.0 ms]
      [Humongous Reclaim: 0.0 ms]
      [Free CSet: 0.0 ms]
   [Eden: 0.0B(51.0M)->0.0B(51.0M) Survivors: 0.0B->0.0B Heap: 1023.6M(1024.0M)->1023.6M(1024.0M)]
 [Times: user=0.01 sys=0.00, real=0.01 secs] 
2020-03-29T13:02:00.140-0300: 277.016: Total time for which application threads were stopped: 0.0015878 seconds, Stopping threads took: 0.0000316 seconds
2020-03-29T13:02:00.140-0300: 277.016: Application time: 0.0001995 seconds
2020-03-29T13:02:00.140-0300: 277.016: [GC pause (G1 Evacuation Pause) (young), 0.0042048 secs]
   [Parallel Time: 2.4 ms, GC Workers: 8]
      [GC Worker Start (ms): Min: 277016.2, Avg: 277017.0, Max: 277018.4, Diff: 2.2]
      [Ext Root Scanning (ms): Min: 0.0, Avg: 0.1, Max: 0.2, Diff: 0.2, Sum: 0.7]
      [Update RS (ms): Min: 0.0, Avg: 0.0, Max: 0.0, Diff: 0.0, Sum: 0.0]
         [Processed Buffers: Min: 0, Avg: 0.1, Max: 1, Diff: 1, Sum: 1]
      [Scan RS (ms): Min: 0.0, Avg: 0.0, Max: 0.0, Diff: 0.0, Sum: 0.0]
      [Code Root Scanning (ms): Min: 0.0, Avg: 0.0, Max: 0.0, Diff: 0.0, Sum: 0.0]
      [Object Copy (ms): Min: 0.0, Avg: 0.0, Max: 0.0, Diff: 0.0, Sum: 0.0]
      [Termination (ms): Min: 0.0, Avg: 1.4, Max: 2.1, Diff: 2.1, Sum: 11.2]
         [Termination Attempts: Min: 1, Avg: 1.0, Max: 1, Diff: 0, Sum: 8]
      [GC Worker Other (ms): Min: 0.0, Avg: 0.0, Max: 0.0, Diff: 0.0, Sum: 0.0]
      [GC Worker Total (ms): Min: 0.0, Avg: 1.5, Max: 2.4, Diff: 2.4, Sum: 12.0]
      [GC Worker End (ms): Min: 277018.4, Avg: 277018.5, Max: 277018.6, Diff: 0.2]
   [Code Root Fixup: 0.0 ms]
   [Code Root Purge: 0.0 ms]
   [Clear CT: 0.2 ms]
   [Other: 1.6 ms]
      [Choose CSet: 0.0 ms]
      [Ref Proc: 1.3 ms]
      [Ref Enq: 0.0 ms]
      [Redirty Cards: 0.2 ms]
      [Humongous Register: 0.0 ms]
      [Humongous Reclaim: 0.0 ms]
      [Free CSet: 0.1 ms]
   [Eden: 0.0B(51.0M)->0.0B(51.0M) Survivors: 0.0B->0.0B Heap: 1023.6M(1024.0M)->1023.6M(1024.0M)]
 [Times: user=0.01 sys=0.00, real=0.00 secs] 
2020-03-29T13:02:00.144-0300: 277.020: Total time for which application threads were stopped: 0.0043830 seconds, Stopping threads took: 0.0000321 seconds
2020-03-29T13:02:00.145-0300: 277.021: Application time: 0.0001215 seconds
2020-03-29T13:02:00.145-0300: 277.021: [Full GC (Allocation Failure)  1023M->1020M(1024M), 1.5710324 secs]
   [Eden: 0.0B(51.0M)->0.0B(51.0M) Survivors: 0.0B->0.0B Heap: 1023.6M(1024.0M)->1020.7M(1024.0M)], [Metaspace: 9268K->9260K(1058816K)]
 [Times: user=3.25 sys=0.01, real=1.57 secs] 
2020-03-29T13:02:01.716-0300: 278.592: Total time for which application threads were stopped: 1.5712279 seconds, Stopping threads took: 0.0000127 seconds
2020-03-29T13:02:01.716-0300: 278.592: [GC concurrent-mark-abort]
2020-03-29T13:02:01.716-0300: 278.593: Application time: 0.0007122 seconds
2020-03-29T13:02:01.717-0300: 278.593: [GC pause (G1 Evacuation Pause) (young) (to-space exhausted), 0.0121706 secs]
   [Parallel Time: 9.9 ms, GC Workers: 8]
      [GC Worker Start (ms): Min: 278592.8, Avg: 278593.1, Max: 278593.2, Diff: 0.4]
      [Ext Root Scanning (ms): Min: 0.0, Avg: 0.1, Max: 0.3, Diff: 0.3, Sum: 0.9]
      [Update RS (ms): Min: 0.0, Avg: 0.0, Max: 0.1, Diff: 0.1, Sum: 0.1]
         [Processed Buffers: Min: 0, Avg: 0.5, Max: 2, Diff: 2, Sum: 4]
      [Scan RS (ms): Min: 0.0, Avg: 0.0, Max: 0.0, Diff: 0.0, Sum: 0.0]
      [Code Root Scanning (ms): Min: 0.0, Avg: 0.0, Max: 0.0, Diff: 0.0, Sum: 0.0]
      [Object Copy (ms): Min: 9.2, Avg: 9.3, Max: 9.3, Diff: 0.1, Sum: 74.3]
      [Termination (ms): Min: 0.0, Avg: 0.0, Max: 0.0, Diff: 0.0, Sum: 0.0]
         [Termination Attempts: Min: 1, Avg: 4.9, Max: 8, Diff: 7, Sum: 39]
      [GC Worker Other (ms): Min: 0.0, Avg: 0.0, Max: 0.0, Diff: 0.0, Sum: 0.1]
      [GC Worker Total (ms): Min: 9.3, Avg: 9.4, Max: 9.7, Diff: 0.4, Sum: 75.5]
      [GC Worker End (ms): Min: 278602.5, Avg: 278602.5, Max: 278602.5, Diff: 0.0]
   [Code Root Fixup: 0.0 ms]
   [Code Root Purge: 0.0 ms]
   [Clear CT: 0.2 ms]
   [Other: 2.1 ms]
      [Evacuation Failure: 1.5 ms]
      [Choose CSet: 0.0 ms]
      [Ref Proc: 0.3 ms]
      [Ref Enq: 0.0 ms]
      [Redirty Cards: 0.2 ms]
      [Humongous Register: 0.0 ms]
      [Humongous Reclaim: 0.0 ms]
      [Free CSet: 0.1 ms]
   [Eden: 3072.0K(51.0M)->0.0B(51.0M) Survivors: 0.0B->0.0B Heap: 1023.7M(1024.0M)->1023.7M(1024.0M)]
 [Times: user=0.02 sys=0.00, real=0.01 secs] 
2020-03-29T13:02:01.729-0300: 278.605: Total time for which application threads were stopped: 0.0124704 seconds, Stopping threads took: 0.0001180 seconds
2020-03-29T13:02:01.729-0300: 278.605: Application time: 0.0000865 seconds
2020-03-29T13:02:01.729-0300: 278.605: [GC pause (G1 Evacuation Pause) (young) (initial-mark), 0.0033054 secs]
   [Parallel Time: 1.9 ms, GC Workers: 8]
      [GC Worker Start (ms): Min: 278605.4, Avg: 278605.6, Max: 278605.8, Diff: 0.4]
      [Ext Root Scanning (ms): Min: 0.1, Avg: 0.2, Max: 0.4, Diff: 0.4, Sum: 1.6]
      [Update RS (ms): Min: 0.6, Avg: 0.8, Max: 1.3, Diff: 0.7, Sum: 6.2]
         [Processed Buffers: Min: 1, Avg: 4.0, Max: 6, Diff: 5, Sum: 32]
      [Scan RS (ms): Min: 0.0, Avg: 0.0, Max: 0.0, Diff: 0.0, Sum: 0.0]
      [Code Root Scanning (ms): Min: 0.0, Avg: 0.0, Max: 0.0, Diff: 0.0, Sum: 0.0]
      [Object Copy (ms): Min: 0.0, Avg: 0.0, Max: 0.0, Diff: 0.0, Sum: 0.1]
      [Termination (ms): Min: 0.0, Avg: 0.6, Max: 0.8, Diff: 0.8, Sum: 4.8]
         [Termination Attempts: Min: 1, Avg: 1.0, Max: 1, Diff: 0, Sum: 8]
      [GC Worker Other (ms): Min: 0.0, Avg: 0.0, Max: 0.0, Diff: 0.0, Sum: 0.1]
      [GC Worker Total (ms): Min: 1.4, Avg: 1.6, Max: 1.8, Diff: 0.4, Sum: 12.7]
      [GC Worker End (ms): Min: 278607.2, Avg: 278607.2, Max: 278607.2, Diff: 0.1]
   [Code Root Fixup: 0.0 ms]
   [Code Root Purge: 0.0 ms]
   [Clear CT: 0.2 ms]
   [Other: 1.2 ms]
      [Choose CSet: 0.0 ms]
      [Ref Proc: 0.9 ms]
      [Ref Enq: 0.0 ms]
      [Redirty Cards: 0.2 ms]
      [Humongous Register: 0.0 ms]
      [Humongous Reclaim: 0.0 ms]
      [Free CSet: 0.0 ms]
   [Eden: 0.0B(51.0M)->0.0B(51.0M) Survivors: 0.0B->0.0B Heap: 1023.7M(1024.0M)->1023.7M(1024.0M)]
 [Times: user=0.02 sys=0.00, real=0.01 secs] 
2020-03-29T13:02:01.733-0300: 278.609: Total time for which application threads were stopped: 0.0035760 seconds, Stopping threads took: 0.0000948 seconds
2020-03-29T13:02:01.733-0300: 278.609: [GC concurrent-root-region-scan-start]
2020-03-29T13:02:01.733-0300: 278.609: [GC concurrent-root-region-scan-end, 0.0000055 secs]
2020-03-29T13:02:01.733-0300: 278.609: [GC concurrent-mark-start]
2020-03-29T13:02:01.733-0300: 278.609: Application time: 0.0000920 seconds
2020-03-29T13:02:01.733-0300: 278.609: [Full GC (Allocation Failure)  1023M->1021M(1024M), 1.5707384 secs]
   [Eden: 0.0B(51.0M)->0.0B(51.0M) Survivors: 0.0B->0.0B Heap: 1023.7M(1024.0M)->1021.9M(1024.0M)], [Metaspace: 9274K->9267K(1058816K)]
 [Times: user=3.25 sys=0.01, real=1.57 secs] 
2020-03-29T13:02:03.304-0300: 280.180: Total time for which application threads were stopped: 1.5709237 seconds, Stopping threads took: 0.0000196 seconds
2020-03-29T13:02:03.304-0300: 280.180: [GC concurrent-mark-abort]
2020-03-29T13:02:03.304-0300: 280.180: Application time: 0.0003160 seconds
2020-03-29T13:02:03.304-0300: 280.180: [GC pause (G1 Evacuation Pause) (young) (to-space exhausted), 0.0066322 secs]
   [Parallel Time: 4.2 ms, GC Workers: 8]
      [GC Worker Start (ms): Min: 280180.2, Avg: 280180.4, Max: 280180.5, Diff: 0.4]
      [Ext Root Scanning (ms): Min: 0.0, Avg: 0.1, Max: 0.3, Diff: 0.3, Sum: 0.9]
      [Update RS (ms): Min: 0.0, Avg: 0.0, Max: 0.0, Diff: 0.0, Sum: 0.0]
         [Processed Buffers: Min: 0, Avg: 0.5, Max: 2, Diff: 2, Sum: 4]
      [Scan RS (ms): Min: 0.0, Avg: 0.0, Max: 0.0, Diff: 0.0, Sum: 0.0]
      [Code Root Scanning (ms): Min: 0.0, Avg: 0.0, Max: 0.0, Diff: 0.0, Sum: 0.0]
      [Object Copy (ms): Min: 0.1, Avg: 1.5, Max: 3.7, Diff: 3.6, Sum: 12.2]
      [Termination (ms): Min: 0.0, Avg: 2.2, Max: 3.7, Diff: 3.7, Sum: 17.6]
         [Termination Attempts: Min: 1, Avg: 1.0, Max: 1, Diff: 0, Sum: 8]
      [GC Worker Other (ms): Min: 0.0, Avg: 0.0, Max: 0.0, Diff: 0.0, Sum: 0.1]
      [GC Worker Total (ms): Min: 3.6, Avg: 3.8, Max: 4.1, Diff: 0.4, Sum: 30.8]
      [GC Worker End (ms): Min: 280184.2, Avg: 280184.2, Max: 280184.3, Diff: 0.2]
   [Code Root Fixup: 0.0 ms]
   [Code Root Purge: 0.0 ms]
   [Clear CT: 0.2 ms]
   [Other: 2.3 ms]
      [Evacuation Failure: 1.1 ms]
      [Choose CSet: 0.0 ms]
      [Ref Proc: 0.9 ms]
      [Ref Enq: 0.0 ms]
      [Redirty Cards: 0.2 ms]
      [Humongous Register: 0.0 ms]
      [Humongous Reclaim: 0.0 ms]
      [Free CSet: 0.0 ms]
   [Eden: 1024.0K(51.0M)->0.0B(51.0M) Survivors: 0.0B->0.0B Heap: 1022.9M(1024.0M)->1022.9M(1024.0M)]
 [Times: user=0.03 sys=0.00, real=0.01 secs] 
2020-03-29T13:02:03.311-0300: 280.187: Total time for which application threads were stopped: 0.0068173 seconds, Stopping threads took: 0.0000426 seconds
2020-03-29T13:02:03.311-0300: 280.187: Application time: 0.0000962 seconds
2020-03-29T13:02:03.311-0300: 280.187: [GC pause (G1 Evacuation Pause) (young) (initial-mark), 0.0026368 secs]
   [Parallel Time: 1.3 ms, GC Workers: 8]
      [GC Worker Start (ms): Min: 280187.1, Avg: 280187.3, Max: 280187.4, Diff: 0.3]
      [Ext Root Scanning (ms): Min: 0.0, Avg: 0.4, Max: 0.8, Diff: 0.8, Sum: 2.9]
      [Update RS (ms): Min: 0.0, Avg: 0.2, Max: 0.4, Diff: 0.4, Sum: 1.4]
         [Processed Buffers: Min: 0, Avg: 1.8, Max: 6, Diff: 6, Sum: 14]
      [Scan RS (ms): Min: 0.0, Avg: 0.0, Max: 0.0, Diff: 0.0, Sum: 0.0]
      [Code Root Scanning (ms): Min: 0.0, Avg: 0.0, Max: 0.0, Diff: 0.0, Sum: 0.0]
      [Object Copy (ms): Min: 0.0, Avg: 0.0, Max: 0.0, Diff: 0.0, Sum: 0.1]
      [Termination (ms): Min: 0.0, Avg: 0.4, Max: 0.6, Diff: 0.6, Sum: 3.3]
         [Termination Attempts: Min: 1, Avg: 1.0, Max: 1, Diff: 0, Sum: 8]
      [GC Worker Other (ms): Min: 0.0, Avg: 0.0, Max: 0.0, Diff: 0.0, Sum: 0.0]
      [GC Worker Total (ms): Min: 0.8, Avg: 1.0, Max: 1.2, Diff: 0.4, Sum: 7.8]
      [GC Worker End (ms): Min: 280188.2, Avg: 280188.3, Max: 280188.4, Diff: 0.2]
   [Code Root Fixup: 0.0 ms]
   [Code Root Purge: 0.0 ms]
   [Clear CT: 0.3 ms]
   [Other: 1.1 ms]
      [Choose CSet: 0.0 ms]
      [Ref Proc: 0.8 ms]
      [Ref Enq: 0.0 ms]
      [Redirty Cards: 0.2 ms]
      [Humongous Register: 0.0 ms]
      [Humongous Reclaim: 0.0 ms]
      [Free CSet: 0.0 ms]
   [Eden: 0.0B(51.0M)->0.0B(51.0M) Survivors: 0.0B->0.0B Heap: 1022.9M(1024.0M)->1022.9M(1024.0M)]
 [Times: user=0.01 sys=0.00, real=0.00 secs] 
2020-03-29T13:02:03.314-0300: 280.190: Total time for which application threads were stopped: 0.0028468 seconds, Stopping threads took: 0.0000536 seconds
2020-03-29T13:02:03.314-0300: 280.190: [GC concurrent-root-region-scan-start]
2020-03-29T13:02:03.314-0300: 280.190: [GC concurrent-root-region-scan-end, 0.0000047 secs]
2020-03-29T13:02:03.314-0300: 280.190: [GC concurrent-mark-start]
2020-03-29T13:02:03.314-0300: 280.190: Application time: 0.0000868 seconds
2020-03-29T13:02:03.314-0300: 280.190: [Full GC (Allocation Failure)  1022M->1022M(1024M), 1.5769419 secs]
   [Eden: 0.0B(51.0M)->0.0B(51.0M) Survivors: 0.0B->0.0B Heap: 1022.9M(1024.0M)->1022.2M(1024.0M)], [Metaspace: 9271K->9271K(1058816K)]
 [Times: user=3.24 sys=0.01, real=1.58 secs] 
2020-03-29T13:02:04.891-0300: 281.767: Total time for which application threads were stopped: 1.5771229 seconds, Stopping threads took: 0.0000619 seconds
2020-03-29T13:02:04.891-0300: 281.767: [GC concurrent-mark-abort]
2020-03-29T13:02:04.891-0300: 281.767: Application time: 0.0002756 seconds
2020-03-29T13:02:04.891-0300: 281.767: [GC pause (G1 Evacuation Pause) (young) (to-space exhausted), 0.0097923 secs]
   [Parallel Time: 8.4 ms, GC Workers: 8]
      [GC Worker Start (ms): Min: 281767.5, Avg: 281767.6, Max: 281767.6, Diff: 0.1]
      [Ext Root Scanning (ms): Min: 0.1, Avg: 0.2, Max: 0.2, Diff: 0.1, Sum: 1.3]
      [Update RS (ms): Min: 0.0, Avg: 0.0, Max: 0.2, Diff: 0.2, Sum: 0.2]
         [Processed Buffers: Min: 0, Avg: 0.5, Max: 3, Diff: 3, Sum: 4]
      [Scan RS (ms): Min: 0.0, Avg: 0.0, Max: 0.0, Diff: 0.0, Sum: 0.0]
      [Code Root Scanning (ms): Min: 0.0, Avg: 0.0, Max: 0.0, Diff: 0.0, Sum: 0.0]
      [Object Copy (ms): Min: 7.8, Avg: 8.0, Max: 8.0, Diff: 0.2, Sum: 63.9]
      [Termination (ms): Min: 0.0, Avg: 0.0, Max: 0.1, Diff: 0.0, Sum: 0.3]
         [Termination Attempts: Min: 1, Avg: 5.1, Max: 8, Diff: 7, Sum: 41]
      [GC Worker Other (ms): Min: 0.0, Avg: 0.0, Max: 0.0, Diff: 0.0, Sum: 0.1]
      [GC Worker Total (ms): Min: 8.2, Avg: 8.2, Max: 8.3, Diff: 0.1, Sum: 65.8]
      [GC Worker End (ms): Min: 281775.8, Avg: 281775.8, Max: 281775.8, Diff: 0.0]
   [Code Root Fixup: 0.0 ms]
   [Code Root Purge: 0.0 ms]
   [Clear CT: 0.1 ms]
   [Other: 1.3 ms]
      [Evacuation Failure: 1.0 ms]
      [Choose CSet: 0.0 ms]
      [Ref Proc: 0.1 ms]
      [Ref Enq: 0.0 ms]
      [Redirty Cards: 0.1 ms]
      [Humongous Register: 0.0 ms]
      [Humongous Reclaim: 0.0 ms]
      [Free CSet: 0.0 ms]
   [Eden: 1024.0K(51.0M)->0.0B(51.0M) Survivors: 0.0B->0.0B Heap: 1023.2M(1024.0M)->1023.2M(1024.0M)]
 [Times: user=0.01 sys=0.00, real=0.01 secs] 
2020-03-29T13:02:04.901-0300: 281.777: Total time for which application threads were stopped: 0.0100370 seconds, Stopping threads took: 0.0000394 seconds
2020-03-29T13:02:04.901-0300: 281.777: Application time: 0.0000584 seconds
2020-03-29T13:02:04.901-0300: 281.777: [GC pause (G1 Evacuation Pause) (young) (initial-mark), 0.0021414 secs]
   [Parallel Time: 1.2 ms, GC Workers: 8]
      [GC Worker Start (ms): Min: 281777.5, Avg: 281777.5, Max: 281777.6, Diff: 0.1]
      [Ext Root Scanning (ms): Min: 0.2, Avg: 0.3, Max: 0.3, Diff: 0.1, Sum: 2.2]
      [Update RS (ms): Min: 0.0, Avg: 0.2, Max: 0.7, Diff: 0.7, Sum: 2.0]
         [Processed Buffers: Min: 0, Avg: 2.2, Max: 5, Diff: 5, Sum: 18]
      [Scan RS (ms): Min: 0.0, Avg: 0.0, Max: 0.0, Diff: 0.0, Sum: 0.0]
      [Code Root Scanning (ms): Min: 0.0, Avg: 0.0, Max: 0.0, Diff: 0.0, Sum: 0.0]
      [Object Copy (ms): Min: 0.0, Avg: 0.0, Max: 0.0, Diff: 0.0, Sum: 0.1]
      [Termination (ms): Min: 0.0, Avg: 0.5, Max: 0.8, Diff: 0.8, Sum: 4.1]
         [Termination Attempts: Min: 1, Avg: 1.0, Max: 1, Diff: 0, Sum: 8]
      [GC Worker Other (ms): Min: 0.0, Avg: 0.0, Max: 0.0, Diff: 0.0, Sum: 0.0]
      [GC Worker Total (ms): Min: 1.0, Avg: 1.1, Max: 1.1, Diff: 0.2, Sum: 8.4]
      [GC Worker End (ms): Min: 281778.6, Avg: 281778.6, Max: 281778.6, Diff: 0.1]
   [Code Root Fixup: 0.0 ms]
   [Code Root Purge: 0.0 ms]
   [Clear CT: 0.2 ms]
   [Other: 0.8 ms]
      [Choose CSet: 0.0 ms]
      [Ref Proc: 0.7 ms]
      [Ref Enq: 0.0 ms]
      [Redirty Cards: 0.1 ms]
      [Humongous Register: 0.0 ms]
      [Humongous Reclaim: 0.0 ms]
      [Free CSet: 0.0 ms]
   [Eden: 0.0B(51.0M)->0.0B(51.0M) Survivors: 0.0B->0.0B Heap: 1023.2M(1024.0M)->1023.2M(1024.0M)]
 [Times: user=0.01 sys=0.00, real=0.00 secs] 
2020-03-29T13:02:04.904-0300: 2020-03-29T13:02:04.904-0300: 281.780: 281.780: [GC concurrent-root-region-scan-start]
Total time for which application threads were stopped: 0.0022867 seconds, Stopping threads took: 0.0000318 seconds
2020-03-29T13:02:04.904-0300: 281.780: [GC concurrent-root-region-scan-end, 0.0000126 secs]
2020-03-29T13:02:04.904-0300: 281.780: [GC concurrent-mark-start]
2020-03-29T13:02:04.904-0300: 281.780: Application time: 0.0002006 seconds
2020-03-29T13:02:04.904-0300: 281.780: [GC pause (G1 Evacuation Pause) (young), 0.0016975 secs]
   [Parallel Time: 0.8 ms, GC Workers: 8]
      [GC Worker Start (ms): Min: 281780.0, Avg: 281780.1, Max: 281780.7, Diff: 0.7]
      [Ext Root Scanning (ms): Min: 0.0, Avg: 0.1, Max: 0.2, Diff: 0.2, Sum: 1.0]
      [Update RS (ms): Min: 0.0, Avg: 0.0, Max: 0.0, Diff: 0.0, Sum: 0.0]
         [Processed Buffers: Min: 0, Avg: 0.1, Max: 1, Diff: 1, Sum: 1]
      [Scan RS (ms): Min: 0.0, Avg: 0.0, Max: 0.0, Diff: 0.0, Sum: 0.0]
      [Code Root Scanning (ms): Min: 0.0, Avg: 0.0, Max: 0.0, Diff: 0.0, Sum: 0.0]
      [Object Copy (ms): Min: 0.0, Avg: 0.0, Max: 0.0, Diff: 0.0, Sum: 0.0]
      [Termination (ms): Min: 0.0, Avg: 0.5, Max: 0.6, Diff: 0.6, Sum: 4.0]
         [Termination Attempts: Min: 1, Avg: 1.0, Max: 1, Diff: 0, Sum: 8]
      [GC Worker Other (ms): Min: 0.0, Avg: 0.0, Max: 0.0, Diff: 0.0, Sum: 0.0]
      [GC Worker Total (ms): Min: 0.0, Avg: 0.6, Max: 0.8, Diff: 0.8, Sum: 5.1]
      [GC Worker End (ms): Min: 281780.7, Avg: 281780.7, Max: 281780.8, Diff: 0.0]
   [Code Root Fixup: 0.0 ms]
   [Code Root Purge: 0.0 ms]
   [Clear CT: 0.1 ms]
   [Other: 0.7 ms]
      [Choose CSet: 0.0 ms]
      [Ref Proc: 0.6 ms]
      [Ref Enq: 0.0 ms]
      [Redirty Cards: 0.1 ms]
      [Humongous Register: 0.0 ms]
      [Humongous Reclaim: 0.0 ms]
      [Free CSet: 0.0 ms]
   [Eden: 0.0B(51.0M)->0.0B(51.0M) Survivors: 0.0B->0.0B Heap: 1023.2M(1024.0M)->1023.2M(1024.0M)]
 [Times: user=0.01 sys=0.00, real=0.00 secs] 
2020-03-29T13:02:04.906-0300: 281.782: Total time for which application threads were stopped: 0.0018392 seconds, Stopping threads took: 0.0000396 seconds
2020-03-29T13:02:04.906-0300: 281.782: Application time: 0.0000718 seconds
2020-03-29T13:02:04.906-0300: 281.782: [Full GC (Allocation Failure)  1023M->1022M(1024M), 1.5756946 secs]
   [Eden: 0.0B(51.0M)->0.0B(51.0M) Survivors: 0.0B->0.0B Heap: 1023.2M(1024.0M)->1022.5M(1024.0M)], [Metaspace: 9280K->9280K(1058816K)]
 [Times: user=3.25 sys=0.01, real=1.58 secs] 
2020-03-29T13:02:06.482-0300: 283.358: Total time for which application threads were stopped: 1.5758263 seconds, Stopping threads took: 0.0000131 seconds
2020-03-29T13:02:06.482-0300: 283.358: [GC concurrent-mark-abort]
2020-03-29T13:02:06.482-0300: 283.358: Application time: 0.0002556 seconds
2020-03-29T13:02:06.482-0300: 283.358: [GC pause (G1 Evacuation Pause) (young) (to-space exhausted), 0.0065218 secs]
   [Parallel Time: 4.3 ms, GC Workers: 8]
      [GC Worker Start (ms): Min: 283358.1, Avg: 283358.2, Max: 283358.4, Diff: 0.3]
      [Ext Root Scanning (ms): Min: 0.0, Avg: 0.1, Max: 0.3, Diff: 0.3, Sum: 1.1]
      [Update RS (ms): Min: 0.0, Avg: 0.0, Max: 0.1, Diff: 0.1, Sum: 0.1]
         [Processed Buffers: Min: 0, Avg: 0.5, Max: 2, Diff: 2, Sum: 4]
      [Scan RS (ms): Min: 0.0, Avg: 0.0, Max: 0.0, Diff: 0.0, Sum: 0.0]
      [Code Root Scanning (ms): Min: 0.0, Avg: 0.0, Max: 0.0, Diff: 0.0, Sum: 0.0]
      [Object Copy (ms): Min: 2.5, Avg: 3.0, Max: 3.7, Diff: 1.2, Sum: 24.4]
      [Termination (ms): Min: 0.0, Avg: 0.7, Max: 1.3, Diff: 1.3, Sum: 5.6]
         [Termination Attempts: Min: 1, Avg: 2.0, Max: 6, Diff: 5, Sum: 16]
      [GC Worker Other (ms): Min: 0.0, Avg: 0.0, Max: 0.0, Diff: 0.0, Sum: 0.1]
      [GC Worker Total (ms): Min: 3.7, Avg: 3.9, Max: 4.1, Diff: 0.4, Sum: 31.2]
      [GC Worker End (ms): Min: 283362.1, Avg: 283362.1, Max: 283362.2, Diff: 0.1]
   [Code Root Fixup: 0.0 ms]
   [Code Root Purge: 0.0 ms]
   [Clear CT: 0.3 ms]
   [Other: 2.0 ms]
      [Evacuation Failure: 1.1 ms]
      [Choose CSet: 0.0 ms]
      [Ref Proc: 0.7 ms]
      [Ref Enq: 0.0 ms]
      [Redirty Cards: 0.2 ms]
      [Humongous Register: 0.0 ms]
      [Humongous Reclaim: 0.0 ms]
      [Free CSet: 0.0 ms]
   [Eden: 1024.0K(51.0M)->0.0B(51.0M) Survivors: 0.0B->0.0B Heap: 1023.5M(1024.0M)->1023.5M(1024.0M)]
 [Times: user=0.02 sys=0.00, real=0.00 secs] 
2020-03-29T13:02:06.489-0300: 283.365: Total time for which application threads were stopped: 0.0067434 seconds, Stopping threads took: 0.0000271 seconds
2020-03-29T13:02:06.489-0300: 283.365: Application time: 0.0000841 seconds
2020-03-29T13:02:06.489-0300: 283.365: [GC pause (G1 Evacuation Pause) (young) (initial-mark), 0.0020634 secs]
   [Parallel Time: 1.4 ms, GC Workers: 8]
      [GC Worker Start (ms): Min: 283364.9, Avg: 283365.0, Max: 283365.0, Diff: 0.1]
      [Ext Root Scanning (ms): Min: 0.1, Avg: 0.7, Max: 1.1, Diff: 1.0, Sum: 5.3]
      [Update RS (ms): Min: 0.0, Avg: 0.1, Max: 0.3, Diff: 0.3, Sum: 1.1]
         [Processed Buffers: Min: 0, Avg: 1.6, Max: 5, Diff: 5, Sum: 13]
      [Scan RS (ms): Min: 0.0, Avg: 0.0, Max: 0.0, Diff: 0.0, Sum: 0.0]
      [Code Root Scanning (ms): Min: 0.0, Avg: 0.0, Max: 0.0, Diff: 0.0, Sum: 0.0]
      [Object Copy (ms): Min: 0.0, Avg: 0.0, Max: 0.0, Diff: 0.0, Sum: 0.1]
      [Termination (ms): Min: 0.0, Avg: 0.3, Max: 0.7, Diff: 0.7, Sum: 2.7]
         [Termination Attempts: Min: 1, Avg: 1.0, Max: 1, Diff: 0, Sum: 8]
      [GC Worker Other (ms): Min: 0.0, Avg: 0.0, Max: 0.0, Diff: 0.0, Sum: 0.0]
      [GC Worker Total (ms): Min: 1.1, Avg: 1.2, Max: 1.2, Diff: 0.2, Sum: 9.2]
      [GC Worker End (ms): Min: 283366.1, Avg: 283366.1, Max: 283366.2, Diff: 0.1]
   [Code Root Fixup: 0.0 ms]
   [Code Root Purge: 0.0 ms]
   [Clear CT: 0.2 ms]
   [Other: 0.5 ms]
      [Choose CSet: 0.0 ms]
      [Ref Proc: 0.2 ms]
      [Ref Enq: 0.0 ms]
      [Redirty Cards: 0.2 ms]
      [Humongous Register: 0.0 ms]
      [Humongous Reclaim: 0.0 ms]
      [Free CSet: 0.0 ms]
   [Eden: 0.0B(51.0M)->0.0B(51.0M) Survivors: 0.0B->0.0B Heap: 1023.5M(1024.0M)->1023.5M(1024.0M)]
 [Times: user=0.00 sys=0.00, real=0.01 secs] 
2020-03-29T13:02:06.491-0300: 283.367: Total time for which application threads were stopped: 0.0022982 seconds, Stopping threads took: 0.0000204 seconds
2020-03-29T13:02:06.491-0300: 283.367: [GC concurrent-root-region-scan-start]
2020-03-29T13:02:06.491-0300: 283.367: [GC concurrent-root-region-scan-end, 0.0000123 secs]
2020-03-29T13:02:06.491-0300: 283.367: [GC concurrent-mark-start]
2020-03-29T13:02:06.491-0300: 283.367: Application time: 0.0003496 seconds
2020-03-29T13:02:06.491-0300: 283.367: [Full GC (Allocation Failure)  1023M->1022M(1024M), 1.5842906 secs]
   [Eden: 0.0B(51.0M)->0.0B(51.0M) Survivors: 0.0B->0.0B Heap: 1023.5M(1024.0M)->1022.8M(1024.0M)], [Metaspace: 9280K->9272K(1058816K)]
 [Times: user=3.27 sys=0.01, real=1.58 secs] 
2020-03-29T13:02:08.076-0300: 284.952: [Full GC (Allocation Failure)  1022M->1022M(1024M), 1.5698637 secs]
   [Eden: 0.0B(51.0M)->0.0B(51.0M) Survivors: 0.0B->0.0B Heap: 1022.8M(1024.0M)->1022.8M(1024.0M)], [Metaspace: 9272K->9272K(1058816K)]
 [Times: user=3.26 sys=0.01, real=1.57 secs] 
2020-03-29T13:02:09.646-0300: 286.522: Total time for which application threads were stopped: 3.1543681 seconds, Stopping threads took: 0.0000266 seconds
2020-03-29T13:02:09.646-0300: 286.522: [GC concurrent-mark-abort]
2020-03-29T13:02:09.646-0300: 286.522: Application time: 0.0001040 seconds
2020-03-29T13:02:09.648-0300: 286.524: [GC pause (G1 Evacuation Pause) (young), 0.0024502 secs]
   [Parallel Time: 1.5 ms, GC Workers: 8]
      [GC Worker Start (ms): Min: 286524.5, Avg: 286525.1, Max: 286525.9, Diff: 1.4]
      [Ext Root Scanning (ms): Min: 0.0, Avg: 0.1, Max: 0.3, Diff: 0.3, Sum: 0.9]
      [Update RS (ms): Min: 0.0, Avg: 0.0, Max: 0.0, Diff: 0.0, Sum: 0.0]
         [Processed Buffers: Min: 0, Avg: 0.1, Max: 1, Diff: 1, Sum: 1]
      [Scan RS (ms): Min: 0.0, Avg: 0.0, Max: 0.0, Diff: 0.0, Sum: 0.0]
      [Code Root Scanning (ms): Min: 0.0, Avg: 0.0, Max: 0.0, Diff: 0.0, Sum: 0.0]
      [Object Copy (ms): Min: 0.0, Avg: 0.0, Max: 0.0, Diff: 0.0, Sum: 0.0]
      [Termination (ms): Min: 0.0, Avg: 0.7, Max: 1.2, Diff: 1.2, Sum: 5.7]
         [Termination Attempts: Min: 1, Avg: 1.0, Max: 1, Diff: 0, Sum: 8]
      [GC Worker Other (ms): Min: 0.0, Avg: 0.0, Max: 0.0, Diff: 0.0, Sum: 0.1]
      [GC Worker Total (ms): Min: 0.0, Avg: 0.8, Max: 1.4, Diff: 1.4, Sum: 6.8]
      [GC Worker End (ms): Min: 286526.0, Avg: 286526.0, Max: 286526.0, Diff: 0.0]
   [Code Root Fixup: 0.0 ms]
   [Code Root Purge: 0.0 ms]
   [Clear CT: 0.1 ms]
   [Other: 0.9 ms]
      [Choose CSet: 0.0 ms]
      [Ref Proc: 0.7 ms]
      [Ref Enq: 0.0 ms]
      [Redirty Cards: 0.1 ms]
      [Humongous Register: 0.0 ms]
      [Humongous Reclaim: 0.0 ms]
      [Free CSet: 0.0 ms]
   [Eden: 0.0B(51.0M)->0.0B(51.0M) Survivors: 0.0B->0.0B Heap: 1022.8M(1024.0M)->1022.8M(1024.0M)]
 [Times: user=0.01 sys=0.00, real=0.01 secs] 
2020-03-29T13:02:09.651-0300: 286.527: Total time for which application threads were stopped: 0.0051800 seconds, Stopping threads took: 0.0025495 seconds
2020-03-29T13:02:09.651-0300: 286.527: Application time: 0.0000669 seconds
2020-03-29T13:02:09.651-0300: 286.527: [GC pause (G1 Evacuation Pause) (young) (initial-mark), 0.0007093 secs]
   [Parallel Time: 0.3 ms, GC Workers: 8]
      [GC Worker Start (ms): Min: 286527.2, Avg: 286527.2, Max: 286527.3, Diff: 0.1]
      [Ext Root Scanning (ms): Min: 0.1, Avg: 0.2, Max: 0.2, Diff: 0.1, Sum: 1.3]
      [Update RS (ms): Min: 0.0, Avg: 0.0, Max: 0.0, Diff: 0.0, Sum: 0.0]
         [Processed Buffers: Min: 0, Avg: 0.1, Max: 1, Diff: 1, Sum: 1]
      [Scan RS (ms): Min: 0.0, Avg: 0.0, Max: 0.0, Diff: 0.0, Sum: 0.0]
      [Code Root Scanning (ms): Min: 0.0, Avg: 0.0, Max: 0.0, Diff: 0.0, Sum: 0.0]
      [Object Copy (ms): Min: 0.0, Avg: 0.0, Max: 0.0, Diff: 0.0, Sum: 0.1]
      [Termination (ms): Min: 0.0, Avg: 0.0, Max: 0.0, Diff: 0.0, Sum: 0.1]
         [Termination Attempts: Min: 1, Avg: 1.0, Max: 1, Diff: 0, Sum: 8]
      [GC Worker Other (ms): Min: 0.0, Avg: 0.0, Max: 0.0, Diff: 0.0, Sum: 0.0]
      [GC Worker Total (ms): Min: 0.2, Avg: 0.2, Max: 0.3, Diff: 0.1, Sum: 1.5]
      [GC Worker End (ms): Min: 286527.4, Avg: 286527.4, Max: 286527.4, Diff: 0.0]
   [Code Root Fixup: 0.0 ms]
   [Code Root Purge: 0.0 ms]
   [Clear CT: 0.1 ms]
   [Other: 0.3 ms]
      [Choose CSet: 0.0 ms]
      [Ref Proc: 0.1 ms]
      [Ref Enq: 0.0 ms]
      [Redirty Cards: 0.1 ms]
      [Humongous Register: 0.0 ms]
      [Humongous Reclaim: 0.0 ms]
      [Free CSet: 0.0 ms]
   [Eden: 0.0B(51.0M)->0.0B(51.0M) Survivors: 0.0B->0.0B Heap: 1022.8M(1024.0M)->1022.8M(1024.0M)]
 [Times: user=0.00 sys=0.00, real=0.00 secs] 
2020-03-29T13:02:09.652-0300: 286.528: Total time for which application threads were stopped: 0.0008500 seconds, Stopping threads took: 0.0000247 seconds
2020-03-29T13:02:09.652-0300: 286.528: [GC concurrent-root-region-scan-start]
2020-03-29T13:02:09.652-0300: 286.528: [GC concurrent-root-region-scan-end, 0.0000111 secs]
2020-03-29T13:02:09.652-0300: 286.528: [GC concurrent-mark-start]
2020-03-29T13:02:09.652-0300: 286.528: Application time: 0.0000372 seconds
2020-03-29T13:02:09.652-0300: 286.528: [GC pause (G1 Evacuation Pause) (young), 0.0006757 secs]
   [Parallel Time: 0.2 ms, GC Workers: 8]
      [GC Worker Start (ms): Min: 286528.0, Avg: 286528.1, Max: 286528.1, Diff: 0.1]
      [Ext Root Scanning (ms): Min: 0.1, Avg: 0.1, Max: 0.2, Diff: 0.1, Sum: 1.1]
      [Update RS (ms): Min: 0.0, Avg: 0.0, Max: 0.0, Diff: 0.0, Sum: 0.0]
         [Processed Buffers: Min: 0, Avg: 0.1, Max: 1, Diff: 1, Sum: 1]
      [Scan RS (ms): Min: 0.0, Avg: 0.0, Max: 0.0, Diff: 0.0, Sum: 0.0]
      [Code Root Scanning (ms): Min: 0.0, Avg: 0.0, Max: 0.0, Diff: 0.0, Sum: 0.0]
      [Object Copy (ms): Min: 0.0, Avg: 0.0, Max: 0.0, Diff: 0.0, Sum: 0.0]
      [Termination (ms): Min: 0.0, Avg: 0.0, Max: 0.0, Diff: 0.0, Sum: 0.0]
         [Termination Attempts: Min: 1, Avg: 1.0, Max: 1, Diff: 0, Sum: 8]
      [GC Worker Other (ms): Min: 0.0, Avg: 0.0, Max: 0.0, Diff: 0.0, Sum: 0.1]
      [GC Worker Total (ms): Min: 0.1, Avg: 0.2, Max: 0.2, Diff: 0.1, Sum: 1.3]
      [GC Worker End (ms): Min: 286528.2, Avg: 286528.2, Max: 286528.2, Diff: 0.0]
   [Code Root Fixup: 0.0 ms]
   [Code Root Purge: 0.0 ms]
   [Clear CT: 0.1 ms]
   [Other: 0.4 ms]
      [Choose CSet: 0.0 ms]
      [Ref Proc: 0.2 ms]
      [Ref Enq: 0.0 ms]
      [Redirty Cards: 0.1 ms]
      [Humongous Register: 0.0 ms]
      [Humongous Reclaim: 0.0 ms]
      [Free CSet: 0.0 ms]
   [Eden: 0.0B(51.0M)->0.0B(51.0M) Survivors: 0.0B->0.0B Heap: 1022.8M(1024.0M)->1022.8M(1024.0M)]
 [Times: user=0.00 sys=0.00, real=0.00 secs] 
2020-03-29T13:02:09.653-0300: 286.529: Total time for which application threads were stopped: 0.0007988 seconds, Stopping threads took: 0.0000137 seconds
2020-03-29T13:02:09.653-0300: 286.529: Application time: 0.0001325 seconds
2020-03-29T13:02:09.653-0300: 286.529: [Full GC (Allocation Failure)  1022M->1022M(1024M), 1.8391736 secs]
   [Eden: 0.0B(51.0M)->0.0B(51.0M) Survivors: 0.0B->0.0B Heap: 1022.8M(1024.0M)->1022.8M(1024.0M)], [Metaspace: 9272K->9272K(1058816K)]
 [Times: user=3.51 sys=0.01, real=1.84 secs] 
2020-03-29T13:02:11.492-0300: 288.368: [Full GC (Allocation Failure)  1022M->1022M(1024M), 1.5633918 secs]
   [Eden: 0.0B(51.0M)->0.0B(51.0M) Survivors: 0.0B->0.0B Heap: 1022.8M(1024.0M)->1022.8M(1024.0M)], [Metaspace: 9272K->9272K(1058816K)]
 [Times: user=3.26 sys=0.00, real=1.56 secs] 
2020-03-29T13:02:13.056-0300: 289.932: Total time for which application threads were stopped: 3.4027516 seconds, Stopping threads took: 0.0000085 seconds
2020-03-29T13:02:13.056-0300: 289.932: [GC concurrent-mark-abort]
2020-03-29T13:02:13.056-0300: 289.932: Application time: 0.0001739 seconds
2020-03-29T13:02:13.056-0300: 289.932: [GC pause (G1 Evacuation Pause) (young), 0.0023169 secs]
   [Parallel Time: 1.2 ms, GC Workers: 8]
      [GC Worker Start (ms): Min: 289931.9, Avg: 289932.2, Max: 289932.8, Diff: 0.8]
      [Ext Root Scanning (ms): Min: 0.0, Avg: 0.2, Max: 0.5, Diff: 0.5, Sum: 1.6]
      [Update RS (ms): Min: 0.0, Avg: 0.0, Max: 0.0, Diff: 0.0, Sum: 0.0]
         [Processed Buffers: Min: 0, Avg: 0.2, Max: 1, Diff: 1, Sum: 2]
      [Scan RS (ms): Min: 0.0, Avg: 0.0, Max: 0.0, Diff: 0.0, Sum: 0.0]
      [Code Root Scanning (ms): Min: 0.0, Avg: 0.0, Max: 0.0, Diff: 0.0, Sum: 0.0]
      [Object Copy (ms): Min: 0.0, Avg: 0.0, Max: 0.0, Diff: 0.0, Sum: 0.0]
      [Termination (ms): Min: 0.0, Avg: 0.5, Max: 0.6, Diff: 0.6, Sum: 3.6]
         [Termination Attempts: Min: 1, Avg: 1.0, Max: 1, Diff: 0, Sum: 8]
      [GC Worker Other (ms): Min: 0.0, Avg: 0.0, Max: 0.0, Diff: 0.0, Sum: 0.1]
      [GC Worker Total (ms): Min: 0.0, Avg: 0.7, Max: 1.0, Diff: 1.0, Sum: 5.3]
      [GC Worker End (ms): Min: 289932.8, Avg: 289932.9, Max: 289933.0, Diff: 0.2]
   [Code Root Fixup: 0.0 ms]
   [Code Root Purge: 0.0 ms]
   [Clear CT: 0.2 ms]
   [Other: 0.9 ms]
      [Choose CSet: 0.0 ms]
      [Ref Proc: 0.7 ms]
      [Ref Enq: 0.0 ms]
      [Redirty Cards: 0.1 ms]
      [Humongous Register: 0.0 ms]
      [Humongous Reclaim: 0.0 ms]
      [Free CSet: 0.0 ms]
   [Eden: 0.0B(51.0M)->0.0B(51.0M) Survivors: 0.0B->0.0B Heap: 1022.8M(1024.0M)->1022.8M(1024.0M)]
 [Times: user=0.01 sys=0.00, real=0.00 secs] 
2020-03-29T13:02:13.058-0300: 289.934: Total time for which application threads were stopped: 0.0024699 seconds, Stopping threads took: 0.0000101 seconds
2020-03-29T13:02:13.058-0300: 289.934: Application time: 0.0000839 seconds
2020-03-29T13:02:13.058-0300: 289.934: [Full GC (Allocation Failure)  1022M->1022M(1024M), 1.8267361 secs]
   [Eden: 0.0B(51.0M)->0.0B(51.0M) Survivors: 0.0B->0.0B Heap: 1022.8M(1024.0M)->1022.8M(1024.0M)], [Metaspace: 9272K->9272K(1058816K)]
 [Times: user=3.50 sys=0.01, real=1.83 secs] 
2020-03-29T13:02:14.885-0300: 291.761: [Full GC (Allocation Failure)  1022M->1022M(1024M), 1.5667897 secs]
   [Eden: 0.0B(51.0M)->0.0B(51.0M) Survivors: 0.0B->0.0B Heap: 1022.8M(1024.0M)->1022.8M(1024.0M)], [Metaspace: 9272K->9272K(1058816K)]
 [Times: user=3.25 sys=0.00, real=1.57 secs] 
2020-03-29T13:02:16.452-0300: 293.328: Total time for which application threads were stopped: 3.3937551 seconds, Stopping threads took: 0.0000077 seconds
2020-03-29T13:02:16.452-0300: 293.328: Application time: 0.0001252 seconds
2020-03-29T13:02:16.452-0300: 293.328: [GC pause (G1 Evacuation Pause) (young), 0.0016700 secs]
   [Parallel Time: 0.9 ms, GC Workers: 8]
      [GC Worker Start (ms): Min: 293328.4, Avg: 293328.6, Max: 293329.2, Diff: 0.8]
      [Ext Root Scanning (ms): Min: 0.0, Avg: 0.2, Max: 0.7, Diff: 0.7, Sum: 1.8]
      [Update RS (ms): Min: 0.0, Avg: 0.0, Max: 0.0, Diff: 0.0, Sum: 0.0]
         [Processed Buffers: Min: 0, Avg: 0.1, Max: 1, Diff: 1, Sum: 1]
      [Scan RS (ms): Min: 0.0, Avg: 0.0, Max: 0.0, Diff: 0.0, Sum: 0.0]
      [Code Root Scanning (ms): Min: 0.0, Avg: 0.0, Max: 0.0, Diff: 0.0, Sum: 0.0]
      [Object Copy (ms): Min: 0.0, Avg: 0.0, Max: 0.0, Diff: 0.0, Sum: 0.0]
      [Termination (ms): Min: 0.0, Avg: 0.4, Max: 0.6, Diff: 0.6, Sum: 3.4]
         [Termination Attempts: Min: 1, Avg: 1.0, Max: 1, Diff: 0, Sum: 8]
      [GC Worker Other (ms): Min: 0.0, Avg: 0.0, Max: 0.0, Diff: 0.0, Sum: 0.0]
      [GC Worker Total (ms): Min: 0.0, Avg: 0.7, Max: 0.8, Diff: 0.8, Sum: 5.3]
      [GC Worker End (ms): Min: 293329.2, Avg: 293329.2, Max: 293329.2, Diff: 0.0]
   [Code Root Fixup: 0.0 ms]
   [Code Root Purge: 0.0 ms]
   [Clear CT: 0.2 ms]
   [Other: 0.6 ms]
      [Choose CSet: 0.0 ms]
      [Ref Proc: 0.3 ms]
      [Ref Enq: 0.0 ms]
      [Redirty Cards: 0.2 ms]
      [Humongous Register: 0.0 ms]
      [Humongous Reclaim: 0.0 ms]
      [Free CSet: 0.1 ms]
   [Eden: 0.0B(51.0M)->0.0B(51.0M) Survivors: 0.0B->0.0B Heap: 1022.8M(1024.0M)->1022.8M(1024.0M)]
 [Times: user=0.01 sys=0.00, real=0.00 secs] 
2020-03-29T13:02:16.454-0300: 293.330: Total time for which application threads were stopped: 0.0018584 seconds, Stopping threads took: 0.0000219 seconds
2020-03-29T13:02:16.454-0300: 293.330: Application time: 0.0000891 seconds
2020-03-29T13:02:16.454-0300: 293.330: [GC pause (G1 Evacuation Pause) (young) (initial-mark), 0.0017182 secs]
   [Parallel Time: 1.0 ms, GC Workers: 8]
      [GC Worker Start (ms): Min: 293330.4, Avg: 293330.5, Max: 293330.7, Diff: 0.3]
      [Ext Root Scanning (ms): Min: 0.0, Avg: 0.5, Max: 0.9, Diff: 0.8, Sum: 4.0]
      [Update RS (ms): Min: 0.0, Avg: 0.0, Max: 0.0, Diff: 0.0, Sum: 0.0]
         [Processed Buffers: Min: 0, Avg: 0.2, Max: 1, Diff: 1, Sum: 2]
      [Scan RS (ms): Min: 0.0, Avg: 0.0, Max: 0.0, Diff: 0.0, Sum: 0.0]
      [Code Root Scanning (ms): Min: 0.0, Avg: 0.0, Max: 0.0, Diff: 0.0, Sum: 0.0]
      [Object Copy (ms): Min: 0.0, Avg: 0.0, Max: 0.0, Diff: 0.0, Sum: 0.1]
      [Termination (ms): Min: 0.0, Avg: 0.3, Max: 0.7, Diff: 0.7, Sum: 2.6]
         [Termination Attempts: Min: 1, Avg: 1.0, Max: 1, Diff: 0, Sum: 8]
      [GC Worker Other (ms): Min: 0.0, Avg: 0.0, Max: 0.0, Diff: 0.0, Sum: 0.0]
      [GC Worker Total (ms): Min: 0.7, Avg: 0.8, Max: 0.9, Diff: 0.2, Sum: 6.7]
      [GC Worker End (ms): Min: 293331.3, Avg: 293331.4, Max: 293331.4, Diff: 0.0]
   [Code Root Fixup: 0.0 ms]
   [Code Root Purge: 0.0 ms]
   [Clear CT: 0.2 ms]
   [Other: 0.5 ms]
      [Choose CSet: 0.0 ms]
      [Ref Proc: 0.2 ms]
      [Ref Enq: 0.0 ms]
      [Redirty Cards: 0.2 ms]
      [Humongous Register: 0.0 ms]
      [Humongous Reclaim: 0.0 ms]
      [Free CSet: 0.0 ms]
   [Eden: 0.0B(51.0M)->0.0B(51.0M) Survivors: 0.0B->0.0B Heap: 1022.8M(1024.0M)->1022.8M(1024.0M)]
 [Times: user=0.01 sys=0.00, real=0.00 secs] 
2020-03-29T13:02:16.456-0300: 293.332: Total time for which application threads were stopped: 0.0019706 seconds, Stopping threads took: 0.0000845 seconds
2020-03-29T13:02:16.456-0300: 293.332: [GC concurrent-root-region-scan-start]
2020-03-29T13:02:16.456-0300: 293.332: [GC concurrent-root-region-scan-end, 0.0000284 secs]
2020-03-29T13:02:16.456-0300: 293.332: [GC concurrent-mark-start]
2020-03-29T13:02:16.456-0300: 293.332: Application time: 0.0000812 seconds
2020-03-29T13:02:16.456-0300: 293.332: [Full GC (Allocation Failure)  1022M->1022M(1024M), 1.8206974 secs]
   [Eden: 0.0B(51.0M)->0.0B(51.0M) Survivors: 0.0B->0.0B Heap: 1022.8M(1024.0M)->1022.8M(1024.0M)], [Metaspace: 9272K->9269K(1058816K)]
 [Times: user=3.49 sys=0.01, real=1.82 secs] 
2020-03-29T13:02:18.277-0300: 295.153: [Full GC (Allocation Failure)  1022M->1022M(1024M), 1.5675341 secs]
   [Eden: 0.0B(51.0M)->0.0B(51.0M) Survivors: 0.0B->0.0B Heap: 1022.8M(1024.0M)->1022.8M(1024.0M)], [Metaspace: 9269K->9269K(1058816K)]
 [Times: user=3.27 sys=0.01, real=1.57 secs] 
2020-03-29T13:02:19.845-0300: 296.721: Total time for which application threads were stopped: 3.3884829 seconds, Stopping threads took: 0.0000540 seconds
2020-03-29T13:02:19.845-0300: 296.721: Application time: 0.0000887 seconds
2020-03-29T13:02:19.845-0300: 296.721: [GC pause (G1 Evacuation Pause) (young), 0.0014373 secs]
   [Parallel Time: 0.7 ms, GC Workers: 8]
      [GC Worker Start (ms): Min: 296721.0, Avg: 296721.1, Max: 296721.2, Diff: 0.2]
      [Ext Root Scanning (ms): Min: 0.1, Avg: 0.2, Max: 0.5, Diff: 0.4, Sum: 1.4]
      [Update RS (ms): Min: 0.0, Avg: 0.0, Max: 0.0, Diff: 0.0, Sum: 0.0]
         [Processed Buffers: Min: 0, Avg: 0.0, Max: 0, Diff: 0, Sum: 0]
      [Scan RS (ms): Min: 0.0, Avg: 0.0, Max: 0.0, Diff: 0.0, Sum: 0.0]
      [Code Root Scanning (ms): Min: 0.0, Avg: 0.0, Max: 0.0, Diff: 0.0, Sum: 0.0]
      [Object Copy (ms): Min: 0.0, Avg: 0.0, Max: 0.0, Diff: 0.0, Sum: 0.0]
      [Termination (ms): Min: 0.0, Avg: 0.3, Max: 0.4, Diff: 0.4, Sum: 2.4]
         [Termination Attempts: Min: 1, Avg: 1.0, Max: 1, Diff: 0, Sum: 8]
      [GC Worker Other (ms): Min: 0.0, Avg: 0.0, Max: 0.0, Diff: 0.0, Sum: 0.1]
      [GC Worker Total (ms): Min: 0.4, Avg: 0.5, Max: 0.6, Diff: 0.2, Sum: 3.9]
      [GC Worker End (ms): Min: 296721.5, Avg: 296721.6, Max: 296721.6, Diff: 0.2]
   [Code Root Fixup: 0.0 ms]
   [Code Root Purge: 0.0 ms]
   [Clear CT: 0.2 ms]
   [Other: 0.5 ms]
      [Choose CSet: 0.0 ms]
      [Ref Proc: 0.2 ms]
      [Ref Enq: 0.0 ms]
      [Redirty Cards: 0.2 ms]
      [Humongous Register: 0.0 ms]
      [Humongous Reclaim: 0.0 ms]
      [Free CSet: 0.0 ms]
   [Eden: 0.0B(51.0M)->0.0B(51.0M) Survivors: 0.0B->0.0B Heap: 1022.8M(1024.0M)->1022.8M(1024.0M)]
 [Times: user=0.00 sys=0.00, real=0.00 secs] 
2020-03-29T13:02:19.846-0300: 296.722: Total time for which application threads were stopped: 0.0016073 seconds, Stopping threads took: 0.0000384 seconds
2020-03-29T13:02:19.847-0300: 296.723: [GC concurrent-mark-abort]
2020-03-29T13:02:19.847-0300: 296.723: Application time: 0.0001548 seconds
2020-03-29T13:02:19.847-0300: 296.723: [GC pause (G1 Evacuation Pause) (young), 0.0022762 secs]
   [Parallel Time: 0.9 ms, GC Workers: 8]
      [GC Worker Start (ms): Min: 296722.9, Avg: 296722.9, Max: 296723.0, Diff: 0.1]
      [Ext Root Scanning (ms): Min: 0.1, Avg: 0.2, Max: 0.7, Diff: 0.6, Sum: 2.0]
      [Update RS (ms): Min: 0.0, Avg: 0.0, Max: 0.0, Diff: 0.0, Sum: 0.0]
         [Processed Buffers: Min: 0, Avg: 0.1, Max: 1, Diff: 1, Sum: 1]
      [Scan RS (ms): Min: 0.0, Avg: 0.0, Max: 0.0, Diff: 0.0, Sum: 0.0]
      [Code Root Scanning (ms): Min: 0.0, Avg: 0.0, Max: 0.0, Diff: 0.0, Sum: 0.0]
      [Object Copy (ms): Min: 0.0, Avg: 0.0, Max: 0.0, Diff: 0.0, Sum: 0.0]
      [Termination (ms): Min: 0.0, Avg: 0.5, Max: 0.6, Diff: 0.6, Sum: 4.0]
         [Termination Attempts: Min: 1, Avg: 1.0, Max: 1, Diff: 0, Sum: 8]
      [GC Worker Other (ms): Min: 0.0, Avg: 0.0, Max: 0.0, Diff: 0.0, Sum: 0.1]
      [GC Worker Total (ms): Min: 0.7, Avg: 0.8, Max: 0.8, Diff: 0.1, Sum: 6.1]
      [GC Worker End (ms): Min: 296723.7, Avg: 296723.7, Max: 296723.8, Diff: 0.1]
   [Code Root Fixup: 0.0 ms]
   [Code Root Purge: 0.0 ms]
   [Clear CT: 0.1 ms]
   [Other: 1.2 ms]
      [Choose CSet: 0.0 ms]
      [Ref Proc: 0.9 ms]
      [Ref Enq: 0.0 ms]
      [Redirty Cards: 0.2 ms]
      [Humongous Register: 0.0 ms]
      [Humongous Reclaim: 0.0 ms]
      [Free CSet: 0.0 ms]
   [Eden: 0.0B(51.0M)->0.0B(51.0M) Survivors: 0.0B->0.0B Heap: 1022.8M(1024.0M)->1022.8M(1024.0M)]
 [Times: user=0.00 sys=0.00, real=0.00 secs] 
2020-03-29T13:02:19.849-0300: 296.725: Total time for which application threads were stopped: 0.0025774 seconds, Stopping threads took: 0.0001445 seconds
2020-03-29T13:02:19.849-0300: 296.725: Application time: 0.0000753 seconds
2020-03-29T13:02:19.849-0300: 296.725: [Full GC (Allocation Failure)  1022M->1022M(1024M), 1.6333653 secs]
   [Eden: 0.0B(51.0M)->0.0B(51.0M) Survivors: 0.0B->0.0B Heap: 1022.8M(1024.0M)->1022.8M(1024.0M)], [Metaspace: 9269K->9269K(1058816K)]
 [Times: user=3.29 sys=0.01, real=1.64 secs] 
2020-03-29T13:02:21.483-0300: 298.359: Total time for which application threads were stopped: 1.6336147 seconds, Stopping threads took: 0.0000675 seconds
2020-03-29T13:02:21.483-0300: 298.359: Application time: 0.0003998 seconds
2020-03-29T13:02:21.483-0300: 298.359: [GC pause (G1 Evacuation Pause) (young) (to-space exhausted), 0.0019849 secs]
   [Parallel Time: 0.9 ms, GC Workers: 8]
      [GC Worker Start (ms): Min: 298359.4, Avg: 298359.5, Max: 298359.6, Diff: 0.2]
      [Ext Root Scanning (ms): Min: 0.1, Avg: 0.2, Max: 0.3, Diff: 0.2, Sum: 1.6]
      [Update RS (ms): Min: 0.0, Avg: 0.0, Max: 0.0, Diff: 0.0, Sum: 0.0]
         [Processed Buffers: Min: 0, Avg: 0.6, Max: 2, Diff: 2, Sum: 5]
      [Scan RS (ms): Min: 0.0, Avg: 0.0, Max: 0.0, Diff: 0.0, Sum: 0.0]
      [Code Root Scanning (ms): Min: 0.0, Avg: 0.0, Max: 0.0, Diff: 0.0, Sum: 0.0]
      [Object Copy (ms): Min: 0.0, Avg: 0.2, Max: 0.4, Diff: 0.4, Sum: 1.4]
      [Termination (ms): Min: 0.0, Avg: 0.3, Max: 0.6, Diff: 0.6, Sum: 2.7]
         [Termination Attempts: Min: 1, Avg: 1.0, Max: 1, Diff: 0, Sum: 8]
      [GC Worker Other (ms): Min: 0.0, Avg: 0.0, Max: 0.0, Diff: 0.0, Sum: 0.0]
      [GC Worker Total (ms): Min: 0.5, Avg: 0.7, Max: 0.9, Diff: 0.3, Sum: 5.8]
      [GC Worker End (ms): Min: 298360.2, Avg: 298360.2, Max: 298360.3, Diff: 0.2]
   [Code Root Fixup: 0.0 ms]
   [Code Root Purge: 0.0 ms]
   [Clear CT: 0.1 ms]
   [Other: 1.0 ms]
      [Evacuation Failure: 0.1 ms]
      [Choose CSet: 0.0 ms]
      [Ref Proc: 0.7 ms]
      [Ref Enq: 0.0 ms]
      [Redirty Cards: 0.1 ms]
      [Humongous Register: 0.0 ms]
      [Humongous Reclaim: 0.0 ms]
      [Free CSet: 0.0 ms]
   [Eden: 1024.0K(51.0M)->0.0B(51.0M) Survivors: 0.0B->0.0B Heap: 1023.8M(1024.0M)->1023.8M(1024.0M)]
 [Times: user=0.00 sys=0.00, real=0.00 secs] 
2020-03-29T13:02:21.485-0300: 298.361: Total time for which application threads were stopped: 0.0022049 seconds, Stopping threads took: 0.0000493 seconds
2020-03-29T13:02:21.486-0300: 298.362: Application time: 0.0000407 seconds
2020-03-29T13:02:21.486-0300: 298.362: [GC pause (G1 Evacuation Pause) (young) (initial-mark), 0.0013951 secs]
   [Parallel Time: 0.7 ms, GC Workers: 8]
      [GC Worker Start (ms): Min: 298361.6, Avg: 298361.8, Max: 298361.9, Diff: 0.3]
      [Ext Root Scanning (ms): Min: 0.0, Avg: 0.2, Max: 0.4, Diff: 0.4, Sum: 2.0]
      [Update RS (ms): Min: 0.0, Avg: 0.0, Max: 0.0, Diff: 0.0, Sum: 0.0]
         [Processed Buffers: Min: 0, Avg: 1.0, Max: 7, Diff: 7, Sum: 8]
      [Scan RS (ms): Min: 0.0, Avg: 0.0, Max: 0.0, Diff: 0.0, Sum: 0.0]
      [Code Root Scanning (ms): Min: 0.0, Avg: 0.0, Max: 0.0, Diff: 0.0, Sum: 0.0]
      [Object Copy (ms): Min: 0.0, Avg: 0.0, Max: 0.0, Diff: 0.0, Sum: 0.1]
      [Termination (ms): Min: 0.0, Avg: 0.1, Max: 0.2, Diff: 0.2, Sum: 1.0]
         [Termination Attempts: Min: 1, Avg: 1.0, Max: 1, Diff: 0, Sum: 8]
      [GC Worker Other (ms): Min: 0.0, Avg: 0.0, Max: 0.0, Diff: 0.0, Sum: 0.0]
      [GC Worker Total (ms): Min: 0.2, Avg: 0.4, Max: 0.6, Diff: 0.3, Sum: 3.1]
      [GC Worker End (ms): Min: 298362.1, Avg: 298362.2, Max: 298362.2, Diff: 0.1]
   [Code Root Fixup: 0.0 ms]
   [Code Root Purge: 0.0 ms]
   [Clear CT: 0.1 ms]
   [Other: 0.6 ms]
      [Choose CSet: 0.0 ms]
      [Ref Proc: 0.5 ms]
      [Ref Enq: 0.0 ms]
      [Redirty Cards: 0.1 ms]
      [Humongous Register: 0.0 ms]
      [Humongous Reclaim: 0.0 ms]
      [Free CSet: 0.0 ms]
   [Eden: 0.0B(51.0M)->0.0B(51.0M) Survivors: 0.0B->0.0B Heap: 1023.8M(1024.0M)->1023.8M(1024.0M)]
 [Times: user=0.01 sys=0.00, real=0.00 secs] 
2020-03-29T13:02:21.487-0300: 298.363: Total time for which application threads were stopped: 0.0015566 seconds, Stopping threads took: 0.0000282 seconds
2020-03-29T13:02:21.487-0300: 298.363: [GC concurrent-root-region-scan-start]
2020-03-29T13:02:21.487-0300: 298.363: [GC concurrent-root-region-scan-end, 0.0000057 secs]
2020-03-29T13:02:21.487-0300: 298.363: [GC concurrent-mark-start]
2020-03-29T13:02:21.487-0300: 298.363: Application time: 0.0000632 seconds
2020-03-29T13:02:21.487-0300: 298.363: [Full GC (Allocation Failure)  1023M->1587K(1024M), 0.2943416 secs]
   [Eden: 0.0B(51.0M)->0.0B(614.0M) Survivors: 0.0B->0.0B Heap: 1023.8M(1024.0M)->1587.3K(1024.0M)], [Metaspace: 9280K->9280K(1058816K)]
 [Times: user=0.29 sys=0.00, real=0.30 secs] 
2020-03-29T13:02:21.782-0300: 298.658: Total time for which application threads were stopped: 0.2945044 seconds, Stopping threads took: 0.0000473 seconds
2020-03-29T13:02:21.782-0300: 298.658: [GC concurrent-mark-abort]
Heap
 garbage-first heap   total 1048576K, used 3635K [0x0000000780000000, 0x0000000780102000, 0x00000007c0000000)
  region size 1024K, 3 young (3072K), 0 survivors (0K)
 Metaspace       used 9288K, capacity 9604K, committed 9984K, reserved 1058816K
  class space    used 1042K, capacity 1159K, committed 1280K, reserved 1048576K
2020-03-29T13:02:21.785-0300: 298.661: Application time: 0.0037883 seconds
